Component: ARM Compiler 5.06 update 7 (build 960) Tool: armlink [4d3601]

==============================================================================

Section Cross References

    startup_stm32f10x_md.o(RESET) refers to startup_stm32f10x_md.o(STACK) for __initial_sp
    startup_stm32f10x_md.o(RESET) refers to startup_stm32f10x_md.o(.text) for Reset_Handler
    startup_stm32f10x_md.o(RESET) refers to stm32f10x_it.o(i.NMI_Handler) for NMI_Handler
    startup_stm32f10x_md.o(RESET) refers to stm32f10x_it.o(i.HardFault_Handler) for HardFault_Handler
    startup_stm32f10x_md.o(RESET) refers to stm32f10x_it.o(i.MemManage_Handler) for MemManage_Handler
    startup_stm32f10x_md.o(RESET) refers to stm32f10x_it.o(i.BusFault_Handler) for BusFault_Handler
    startup_stm32f10x_md.o(RESET) refers to stm32f10x_it.o(i.UsageFault_Handler) for UsageFault_Handler
    startup_stm32f10x_md.o(RESET) refers to port.o(.emb_text) for SVC_Handler
    startup_stm32f10x_md.o(RESET) refers to stm32f10x_it.o(i.DebugMon_Handler) for DebugMon_Handler
    startup_stm32f10x_md.o(RESET) refers to main.o(i.SysTick_Handler) for SysTick_Handler
    startup_stm32f10x_md.o(RESET) refers to main.o(i.TIM2_IRQHandler) for TIM2_IRQHandler
    startup_stm32f10x_md.o(RESET) refers to stm32f10x_it.o(i.USART2_IRQHandler) for USART2_IRQHandler
    startup_stm32f10x_md.o(.text) refers to system_stm32f10x.o(i.SystemInit) for SystemInit
    startup_stm32f10x_md.o(.text) refers to entry.o(.ARM.Collect$$$$00000000) for __main
    system_stm32f10x.o(i.SetSysClock) refers to system_stm32f10x.o(i.SetSysClockTo72) for SetSysClockTo72
    system_stm32f10x.o(i.SystemCoreClockUpdate) refers to system_stm32f10x.o(.data) for SystemCoreClock
    system_stm32f10x.o(i.SystemInit) refers to system_stm32f10x.o(i.SetSysClock) for SetSysClock
    stm32f10x_adc.o(i.ADC_DeInit) refers to stm32f10x_rcc.o(i.RCC_APB2PeriphResetCmd) for RCC_APB2PeriphResetCmd
    stm32f10x_bkp.o(i.BKP_DeInit) refers to stm32f10x_rcc.o(i.RCC_BackupResetCmd) for RCC_BackupResetCmd
    stm32f10x_can.o(i.CAN_DeInit) refers to stm32f10x_rcc.o(i.RCC_APB1PeriphResetCmd) for RCC_APB1PeriphResetCmd
    stm32f10x_can.o(i.CAN_GetITStatus) refers to stm32f10x_can.o(i.CheckITStatus) for CheckITStatus
    stm32f10x_cec.o(i.CEC_DeInit) refers to stm32f10x_rcc.o(i.RCC_APB1PeriphResetCmd) for RCC_APB1PeriphResetCmd
    stm32f10x_dac.o(i.DAC_DeInit) refers to stm32f10x_rcc.o(i.RCC_APB1PeriphResetCmd) for RCC_APB1PeriphResetCmd
    stm32f10x_flash.o(i.FLASH_EnableWriteProtection) refers to stm32f10x_flash.o(i.FLASH_WaitForLastOperation) for FLASH_WaitForLastOperation
    stm32f10x_flash.o(i.FLASH_EraseAllBank1Pages) refers to stm32f10x_flash.o(i.FLASH_WaitForLastBank1Operation) for FLASH_WaitForLastBank1Operation
    stm32f10x_flash.o(i.FLASH_EraseAllPages) refers to stm32f10x_flash.o(i.FLASH_WaitForLastOperation) for FLASH_WaitForLastOperation
    stm32f10x_flash.o(i.FLASH_EraseOptionBytes) refers to stm32f10x_flash.o(i.FLASH_GetReadOutProtectionStatus) for FLASH_GetReadOutProtectionStatus
    stm32f10x_flash.o(i.FLASH_EraseOptionBytes) refers to stm32f10x_flash.o(i.FLASH_WaitForLastOperation) for FLASH_WaitForLastOperation
    stm32f10x_flash.o(i.FLASH_ErasePage) refers to stm32f10x_flash.o(i.FLASH_WaitForLastOperation) for FLASH_WaitForLastOperation
    stm32f10x_flash.o(i.FLASH_ProgramHalfWord) refers to stm32f10x_flash.o(i.FLASH_WaitForLastOperation) for FLASH_WaitForLastOperation
    stm32f10x_flash.o(i.FLASH_ProgramOptionByteData) refers to stm32f10x_flash.o(i.FLASH_WaitForLastOperation) for FLASH_WaitForLastOperation
    stm32f10x_flash.o(i.FLASH_ProgramWord) refers to stm32f10x_flash.o(i.FLASH_WaitForLastOperation) for FLASH_WaitForLastOperation
    stm32f10x_flash.o(i.FLASH_ReadOutProtection) refers to stm32f10x_flash.o(i.FLASH_WaitForLastOperation) for FLASH_WaitForLastOperation
    stm32f10x_flash.o(i.FLASH_UserOptionByteConfig) refers to stm32f10x_flash.o(i.FLASH_WaitForLastOperation) for FLASH_WaitForLastOperation
    stm32f10x_flash.o(i.FLASH_WaitForLastBank1Operation) refers to stm32f10x_flash.o(i.FLASH_GetBank1Status) for FLASH_GetBank1Status
    stm32f10x_flash.o(i.FLASH_WaitForLastOperation) refers to stm32f10x_flash.o(i.FLASH_GetBank1Status) for FLASH_GetBank1Status
    stm32f10x_gpio.o(i.GPIO_AFIODeInit) refers to stm32f10x_rcc.o(i.RCC_APB2PeriphResetCmd) for RCC_APB2PeriphResetCmd
    stm32f10x_gpio.o(i.GPIO_DeInit) refers to stm32f10x_rcc.o(i.RCC_APB2PeriphResetCmd) for RCC_APB2PeriphResetCmd
    stm32f10x_i2c.o(i.I2C_DeInit) refers to stm32f10x_rcc.o(i.RCC_APB1PeriphResetCmd) for RCC_APB1PeriphResetCmd
    stm32f10x_i2c.o(i.I2C_Init) refers to stm32f10x_rcc.o(i.RCC_GetClocksFreq) for RCC_GetClocksFreq
    stm32f10x_pwr.o(i.PWR_DeInit) refers to stm32f10x_rcc.o(i.RCC_APB1PeriphResetCmd) for RCC_APB1PeriphResetCmd
    stm32f10x_rcc.o(i.RCC_GetClocksFreq) refers to stm32f10x_rcc.o(.data) for APBAHBPrescTable
[...]
    ADC_ResetCalibration                     0x08001461   Thumb Code    10  stm32f10x_adc.o(i.ADC_ResetCalibration)
    ADC_SoftwareStartConvCmd                 0x0800146b   Thumb Code    22  stm32f10x_adc.o(i.ADC_SoftwareStartConvCmd)
    ADC_StartCalibration                     0x08001481   Thumb Code    10  stm32f10x_adc.o(i.ADC_StartCalibration)
    AD_GetValue                              0x0800148d   Thumb Code    10  ad.o(i.AD_GetValue)
    AD_Init                                  0x0800149d   Thumb Code   160  ad.o(i.AD_Init)
    AHT20_Init                               0x08001679   Thumb Code   194  aht20.o(i.AHT20_Init)
    AHT20_Page                               0x0800174d   Thumb Code    96  menu.o(i.AHT20_Page)
    AHT20_ReadInt                            0x080017b1   Thumb Code   144  aht20.o(i.AHT20_ReadInt)
    AHT20_Update                             0x0800185d   Thumb Code    48  aht20.o(i.AHT20_Update)
    BKP_ReadBackupRegister                   0x080018f5   Thumb Code    24  stm32f10x_bkp.o(i.BKP_ReadBackupRegister)
    BKP_WriteBackupRegister                  0x08001911   Thumb Code    22  stm32f10x_bkp.o(i.BKP_WriteBackupRegister)
    BusFault_Handler                         0x0800192d   Thumb Code     4  stm32f10x_it.o(i.BusFault_Handler)
    Change_RTC_Time                          0x08001931   Thumb Code    52  settime.o(i.Change_RTC_Time)
    DMA_ClearFlag                            0x08001969   Thumb Code    18  stm32f10x_dma.o(i.DMA_ClearFlag)
    DMA_Cmd                                  0x08001985   Thumb Code    24  stm32f10x_dma.o(i.DMA_Cmd)
    DMA_DeInit                               0x0800199d   Thumb Code   324  stm32f10x_dma.o(i.DMA_DeInit)
    DMA_GetCurrDataCounter                   0x08001ae9   Thumb Code     8  stm32f10x_dma.o(i.DMA_GetCurrDataCounter)
    DMA_Init                                 0x08001af1   Thumb Code    60  stm32f10x_dma.o(i.DMA_Init)
    DMA_SetCurrDataCounter                   0x08001b2d   Thumb Code     4  stm32f10x_dma.o(i.DMA_SetCurrDataCounter)
    DebugMon_Handler                         0x08001b31   Thumb Code     2  stm32f10x_it.o(i.DebugMon_Handler)
    Delay_ms                                 0x08001b33   Thumb Code    60  delay.o(i.Delay_ms)
    Delay_s                                  0x08001b6f   Thumb Code    24  delay.o(i.Delay_s)
    Delay_us                                 0x08001b87   Thumb Code    34  delay.o(i.Delay_us)
    DinoGame_Animation                       0x08001ba9   Thumb Code    98  dino.o(i.DinoGame_Animation)
    DinoGame_Pos_Init                        0x08001c1d   Thumb Code    20  dino.o(i.DinoGame_Pos_Init)
    Dino_Tick                                0x08001c41   Thumb Code   190  dino.o(i.Dino_Tick)
    ESP32_ClearRx                            0x08001ea1   Thumb Code    40  esp32.o(i.ESP32_ClearRx)
    ESP32_Init                               0x08001f75   Thumb Code    46  esp32.o(i.ESP32_Init)
    ESP32_ReadFrame                          0x08001fb9   Thumb Code    82  esp32.o(i.ESP32_ReadFrame)
    ESP32_SendBytes                          0x08002019   Thumb Code    56  esp32.o(i.ESP32_SendBytes)
    ESP32_SendCmd                            0x08002055   Thumb Code    42  esp32.o(i.ESP32_SendCmd)
    ESP32_SendString                         0x08002091   Thumb Code    22  esp32.o(i.ESP32_SendString)
    ESP32_USART2_IRQHandler                  0x080020a9   Thumb Code   112  esp32.o(i.ESP32_USART2_IRQHandler)
    ESP32_WaitFor                            0x080021e9   Thumb Code   178  esp32.o(i.ESP32_WaitFor)
    Emoji                                    0x080022cd   Thumb Code    80  menu.o(i.Emoji)
    First_Page_Clock                         0x08002371   Thumb Code   224  menu.o(i.First_Page_Clock)
    GPIO_Init                                0x0800245d   Thumb Code   278  stm32f10x_gpio.o(i.GPIO_Init)
    GPIO_ReadInputDataBit                    0x08002573   Thumb Code    18  stm32f10x_gpio.o(i.GPIO_ReadInputDataBit)
    GPIO_ResetBits                           0x08002585   Thumb Code     4  stm32f10x_gpio.o(i.GPIO_ResetBits)
    GPIO_SetBits                             0x08002589   Thumb Code     4  stm32f10x_gpio.o(i.GPIO_SetBits)
    GPIO_WriteBit                            0x0800258d   Thumb Code    10  stm32f10x_gpio.o(i.GPIO_WriteBit)
    Game                                     0x08002599   Thumb Code   242  menu.o(i.Game)
    Gradienter                               0x08002699   Thumb Code    84  menu.o(i.Gradienter)
    HardFault_Handler                        0x080026f1   Thumb Code     4  stm32f10x_it.o(i.HardFault_Handler)
    I2C_AcknowledgeConfig                    0x080026f5   Thumb Code    24  stm32f10x_i2c.o(i.I2C_AcknowledgeConfig)
    I2C_CheckEvent                           0x0800270d   Thumb Code    42  stm32f10x_i2c.o(i.I2C_CheckEvent)
    I2C_Cmd                                  0x08002737   Thumb Code    24  stm32f10x_i2c.o(i.I2C_Cmd)
    I2C_DeInit                               0x08002751   Thumb Code    50  stm32f10x_i2c.o(i.I2C_DeInit)
    I2C_GenerateSTART                        0x08002789   Thumb Code    24  stm32f10x_i2c.o(i.I2C_GenerateSTART)
    I2C_GenerateSTOP                         0x080027a1   Thumb Code    24  stm32f10x_i2c.o(i.I2C_GenerateSTOP)
    I2C_GetFlagStatus                        0x080027b9   Thumb Code    58  stm32f10x_i2c.o(i.I2C_GetFlagStatus)
    I2C_Init                                 0x080027f5   Thumb Code   222  stm32f10x_i2c.o(i.I2C_Init)
    I2C_ReceiveData                          0x080028e1   Thumb Code     8  stm32f10x_i2c.o(i.I2C_ReceiveData)
    I2C_Send7bitAddress                      0x080028e9   Thumb Code    18  stm32f10x_i2c.o(i.I2C_Send7bitAddress)
    I2C_SendData                             0x080028fb   Thumb Code     4  stm32f10x_i2c.o(i.I2C_SendData)
    I2C_SoftwareResetCmd                     0x080028ff   Thumb Code    22  stm32f10x_i2c.o(i.I2C_SoftwareResetCmd)
    Key3_Tick                                0x08002915   Thumb Code    72  key.o(i.Key3_Tick)
    Key_GetNum                               0x0800296d   Thumb Code    16  key.o(i.Key_GetNum)
    Key_GetState                             0x08002981   Thumb Code    48  key.o(i.Key_GetState)
    Key_Init                                 0x080029b9   Thumb Code    60  key.o(i.Key_Init)
    Key_Tick                                 0x080029fd   Thumb Code    84  key.o(i.Key_Tick)
    LED1_OFF                                 0x08002a65   Thumb Code    14  led.o(i.LED1_OFF)
    LED1_ON                                  0x08002a79   Thumb Code    14  led.o(i.LED1_ON)
    LED_Init                                 0x08002a8d   Thumb Code    70  led.o(i.LED_Init)
    Led                                      0x08002ad9   Thumb Code   268  menu.o(i.Led)
    MPU6050_Calculation                      0x08002bf1   Thumb Code   486  menu.o(i.MPU6050_Calculation)
    MPU6050_GetData                          0x08002e29   Thumb Code   172  mpu6050.o(i.MPU6050_GetData)
    MPU6050_Init                             0x08002ed5   Thumb Code    56  mpu6050.o(i.MPU6050_Init)
    MPU6050_ReadReg                          0x08002f0d   Thumb Code    62  mpu6050.o(i.MPU6050_ReadReg)
    MPU6050_WriteReg                         0x08002f4b   Thumb Code    46  mpu6050.o(i.MPU6050_WriteReg)
    MPU_6050                                 0x08002f79   Thumb Code    92  menu.o(i.MPU_6050)
    MemManage_Handler                        0x08002fd9   Thumb Code     4  stm32f10x_it.o(i.MemManage_Handler)
    Menu                                     0x08002fdd   Thumb Code   350  menu.o(i.Menu)
    MenuToFunction                           0x08003149   Thumb Code    96  menu.o(i.MenuToFunction)
    Menu_Animation                           0x080031b1   Thumb Code   280  menu.o(i.Menu_Animation)
    MyI2C_Init                               0x0800330d   Thumb Code    50  myi2c.o(i.MyI2C_Init)
    MyI2C_R_SDA                              0x08003345   Thumb Code    24  myi2c.o(i.MyI2C_R_SDA)
    MyI2C_ReceiveAck                         0x08003361   Thumb Code    30  myi2c.o(i.MyI2C_ReceiveAck)
    MyI2C_ReceiveByte                        0x0800337f   Thumb Code    52  myi2c.o(i.MyI2C_ReceiveByte)
    MyI2C_SendAck                            0x080033b3   Thumb Code    24  myi2c.o(i.MyI2C_SendAck)
    MyI2C_SendByte                           0x080033cb   Thumb Code    42  myi2c.o(i.MyI2C_SendByte)
    MyI2C_Start                              0x080033f5   Thumb Code    28  myi2c.o(i.MyI2C_Start)
    MyI2C_Stop                               0x08003411   Thumb Code    22  myi2c.o(i.MyI2C_Stop)
    MyI2C_W_SCL                              0x08003429   Thumb Code    24  myi2c.o(i.MyI2C_W_SCL)
    MyI2C_W_SDA                              0x08003445   Thumb Code    24  myi2c.o(i.MyI2C_W_SDA)
    MyRTC_Init                               0x08003461   Thumb Code   114  myrtc.o(i.MyRTC_Init)
    MyRTC_ReadTime                           0x080034d5   Thumb Code    68  myrtc.o(i.MyRTC_ReadTime)
    MyRTC_SetTime                            0x0800351d   Thumb Code    70  myrtc.o(i.MyRTC_SetTime)
    NMI_Handler                              0x08003569   Thumb Code     2  stm32f10x_it.o(i.NMI_Handler)
    NVIC_Init                                0x0800359d   Thumb Code   100  misc.o(i.NVIC_Init)
    NVIC_PriorityGroupConfig                 0x0800360d   Thumb Code    10  misc.o(i.NVIC_PriorityGroupConfig)
    OLED_Clear                               0x080036d9   Thumb Code    36  oled.o(i.OLED_Clear)
    OLED_ClearArea                           0x08003701   Thumb Code   140  oled.o(i.OLED_ClearArea)
    OLED_DrawCircle                          0x08003791   Thumb Code   352  oled.o(i.OLED_DrawCircle)
    OLED_DrawEllipse                         0x080038f1   Thumb Code   806  oled.o(i.OLED_DrawEllipse)
    OLED_DrawPoint                           0x08003c1d   Thumb Code    76  oled.o(i.OLED_DrawPoint)
    OLED_GPIO_Init                           0x08003c6d   Thumb Code    92  oled.o(i.OLED_GPIO_Init)
    OLED_I2C_SendByte                        0x08003ccd   Thumb Code    62  oled.o(i.OLED_I2C_SendByte)
    OLED_I2C_Start                           0x08003d0b   Thumb Code    28  oled.o(i.OLED_I2C_Start)
    OLED_I2C_Stop                            0x08003d27   Thumb Code    22  oled.o(i.OLED_I2C_Stop)
    OLED_Init                                0x08003d3d   Thumb Code   154  oled.o(i.OLED_Init)
    OLED_Pow                                 0x08003dd7   Thumb Code    20  oled.o(i.OLED_Pow)
    OLED_Printf                              0x08003deb   Thumb Code    50  oled.o(i.OLED_Printf)
    OLED_ReverseArea                         0x08003e1d   Thumb Code   140  oled.o(i.OLED_ReverseArea)
    OLED_SetCursor                           0x08003ead   Thumb Code    34  oled.o(i.OLED_SetCursor)
    OLED_ShowChar                            0x08003ed1   Thumb Code   108  oled.o(i.OLED_ShowChar)
    OLED_ShowImage                           0x08003f49   Thumb Code   248  oled.o(i.OLED_ShowImage)
    OLED_ShowNum                             0x08004045   Thumb Code    76  oled.o(i.OLED_ShowNum)
    OLED_ShowString                          0x08004091   Thumb Code   262  oled.o(i.OLED_ShowString)
    OLED_Update                              0x080041a1   Thumb Code    36  oled.o(i.OLED_Update)
    OLED_W_SCL                               0x080041c9   Thumb Code    18  oled.o(i.OLED_W_SCL)
    OLED_W_SDA                               0x080041e1   Thumb Code    18  oled.o(i.OLED_W_SDA)
    OLED_WriteCommand                        0x080041f9   Thumb Code    32  oled.o(i.OLED_WriteCommand)
    OLED_WriteData                           0x08004219   Thumb Code    46  oled.o(i.OLED_WriteData)
    PWR_BackupAccessCmd                      0x08004249   Thumb Code     6  stm32f10x_pwr.o(i.PWR_BackupAccessCmd)
    Peripheral_Init                          0x08004255   Thumb Code    24  menu.o(i.Peripheral_Init)
    RCC_ADCCLKConfig                         0x0800426d   Thumb Code    18  stm32f10x_rcc.o(i.RCC_ADCCLKConfig)
    RCC_AHBPeriphClockCmd                    0x08004285   Thumb Code    26  stm32f10x_rcc.o(i.RCC_AHBPeriphClockCmd)
    RCC_APB1PeriphClockCmd                   0x080042a5   Thumb Code    26  stm32f10x_rcc.o(i.RCC_APB1PeriphClockCmd)
    RCC_APB1PeriphResetCmd                   0x080042c5   Thumb Code    26  stm32f10x_rcc.o(i.RCC_APB1PeriphResetCmd)
    RCC_APB2PeriphClockCmd                   0x080042e5   Thumb Code    26  stm32f10x_rcc.o(i.RCC_APB2PeriphClockCmd)
    RCC_APB2PeriphResetCmd                   0x08004305   Thumb Code    26  stm32f10x_rcc.o(i.RCC_APB2PeriphResetCmd)
    RCC_GetClocksFreq                        0x08004325   Thumb Code   192  stm32f10x_rcc.o(i.RCC_GetClocksFreq)
    RCC_GetFlagStatus                        0x080043f9   Thumb Code    56  stm32f10x_rcc.o(i.RCC_GetFlagStatus)
    RCC_LSEConfig                            0x08004435   Thumb Code    46  stm32f10x_rcc.o(i.RCC_LSEConfig)
    RCC_RTCCLKCmd                            0x08004469   Thumb Code     6  stm32f10x_rcc.o(i.RCC_RTCCLKCmd)
    RCC_RTCCLKConfig                         0x08004475   Thumb Code    12  stm32f10x_rcc.o(i.RCC_RTCCLKConfig)
    RTC_EnterConfigMode                      0x08004485   Thumb Code    14  stm32f10x_rtc.o(i.RTC_EnterConfigMode)
    RTC_ExitConfigMode                       0x08004499   Thumb Code    16  stm32f10x_rtc.o(i.RTC_ExitConfigMode)
    RTC_GetCounter                           0x080044ad   Thumb Code    16  stm32f10x_rtc.o(i.RTC_GetCounter)
    RTC_SetCounter                           0x080044c1   Thumb Code    24  stm32f10x_rtc.o(i.RTC_SetCounter)
    RTC_SetPrescaler                         0x080044dd   Thumb Code    26  stm32f10x_rtc.o(i.RTC_SetPrescaler)
    RTC_WaitForLastTask                      0x080044fd   Thumb Code    16  stm32f10x_rtc.o(i.RTC_WaitForLastTask)
    RTC_WaitForSynchro                       0x08004511   Thumb Code    30  stm32f10x_rtc.o(i.RTC_WaitForSynchro)
    Serial_Init                              0x08004535   Thumb Code   128  usart.o(i.Serial_Init)
    Serial_SendByte                          0x080045bd   Thumb Code    28  usart.o(i.Serial_SendByte)
    SetDay                                   0x080045dd   Thumb Code    12  settime.o(i.SetDay)
    SetHour                                  0x080045e9   Thumb Code    12  settime.o(i.SetHour)
    SetMin                                   0x080045f5   Thumb Code    12  settime.o(i.SetMin)
    SetMonth                                 0x08004601   Thumb Code    12  settime.o(i.SetMonth)
    SetSec                                   0x0800460d   Thumb Code    12  settime.o(i.SetSec)
    SetTime                                  0x08004701   Thumb Code   200  settime.o(i.SetTime)
    SetYear                                  0x08004859   Thumb Code    12  settime.o(i.SetYear)
    Set_Selection                            0x08004865   Thumb Code    26  menu.o(i.Set_Selection)
    SettingPage                              0x08004889   Thumb Code   212  menu.o(i.SettingPage)
    Show_AHT20_UI                            0x08004965   Thumb Code   180  menu.o(i.Show_AHT20_UI)
    Show_Barrier                             0x08004a79   Thumb Code    94  dino.o(i.Show_Barrier)
    Show_Battery                             0x08004ae9   Thumb Code   310  menu.o(i.Show_Battery)
    Show_Clock_UI                            0x08004c39   Thumb Code    96  menu.o(i.Show_Clock_UI)
    Show_Cloud                               0x08004cc9   Thumb Code    26  dino.o(i.Show_Cloud)
    Show_Dino                                0x08004ced   Thumb Code   206  dino.o(i.Show_Dino)
    Show_Game_UI                             0x08004ef1   Thumb Code    32  menu.o(i.Show_Game_UI)
    Show_Gradienter_UI                       0x08004f21   Thumb Code    68  menu.o(i.Show_Gradienter_UI)
    Show_Ground                              0x08004f6d   Thumb Code   110  dino.o(i.Show_Ground)
    Show_Led_UI                              0x08004fe9   Thumb Code    44  menu.o(i.Show_Led_UI)
    Show_MPU6050_UI                          0x08005021   Thumb Code    92  menu.o(i.Show_MPU6050_UI)
    Show_Score                               0x080050b1   Thumb Code    22  dino.o(i.Show_Score)
    Show_SetTime_FirstUI                     0x080050cd   Thumb Code    74  settime.o(i.Show_SetTime_FirstUI)
    Show_SetTime_SecondUI                    0x08005139   Thumb Code    58  settime.o(i.Show_SetTime_SecondUI)
    Show_SettingPage_UI                      0x08005191   Thumb Code    32  menu.o(i.Show_SettingPage_UI)
    Show_Stop_WatchUI                        0x080051c5   Thumb Code    86  menu.o(i.Show_Stop_WatchUI)
    Stop_Watch                               0x08005255   Thumb Code   316  menu.o(i.Stop_Watch)
    SysTick_Handler                          0x080053ad   Thumb Code    16  main.o(i.SysTick_Handler)
    SystemInit                               0x080053bd   Thumb Code    78  system_stm32f10x.o(i.SystemInit)
    TIM2_IRQHandler                          0x0800541d   Thumb Code    48  main.o(i.TIM2_IRQHandler)
    TIM_ClearFlag                            0x08005451   Thumb Code     6  stm32f10x_tim.o(i.TIM_ClearFlag)
    TIM_ClearITPendingBit                    0x08005457   Thumb Code     6  stm32f10x_tim.o(i.TIM_ClearITPendingBit)
    TIM_Cmd                                  0x0800545d   Thumb Code    24  stm32f10x_tim.o(i.TIM_Cmd)
    TIM_GetITStatus                          0x08005475   Thumb Code    34  stm32f10x_tim.o(i.TIM_GetITStatus)
    TIM_ITConfig                             0x08005497   Thumb Code    18  stm32f10x_tim.o(i.TIM_ITConfig)
    TIM_InternalClockConfig                  0x080054a9   Thumb Code    12  stm32f10x_tim.o(i.TIM_InternalClockConfig)
    TIM_TimeBaseInit                         0x080054b5   Thumb Code   122  stm32f10x_tim.o(i.TIM_TimeBaseInit)
    Timer_Init                               0x08005559   Thumb Code   124  timer.o(i.Timer_Init)
    USART2_IRQHandler                        0x080055d5   Thumb Code     8  stm32f10x_it.o(i.USART2_IRQHandler)
    USART_Cmd                                0x080055dd   Thumb Code    24  stm32f10x_usart.o(i.USART_Cmd)
    USART_DMACmd                             0x080055f5   Thumb Code    18  stm32f10x_usart.o(i.USART_DMACmd)
    USART_DeInit                             0x08005609   Thumb Code   134  stm32f10x_usart.o(i.USART_DeInit)
    USART_GetFlagStatus                      0x080056a5   Thumb Code    26  stm32f10x_usart.o(i.USART_GetFlagStatus)
    USART_GetITStatus                        0x080056bf   Thumb Code    84  stm32f10x_usart.o(i.USART_GetITStatus)
    USART_ITConfig                           0x08005713   Thumb Code    74  stm32f10x_usart.o(i.USART_ITConfig)
    USART_Init                               0x0800575d   Thumb Code   210  stm32f10x_usart.o(i.USART_Init)
    USART_SendData                           0x08005835   Thumb Code     8  stm32f10x_usart.o(i.USART_SendData)
    UsageFault_Handler                       0x0800583d   Thumb Code     4  stm32f10x_it.o(i.UsageFault_Handler)
    WIFI_Init                                0x080058e9   Thumb Code   104  wifi.o(i.WIFI_Init)
    WIFI_TCP_GetClientId                     0x08005a75   Thumb Code    24  wifi.o(i.WIFI_TCP_GetClientId)
    WIFI_TCP_Poll                            0x08005a95   Thumb Code    52  wifi.o(i.WIFI_TCP_Poll)
    WIFI_TCP_SendData                        0x08005ad9   Thumb Code    74  wifi.o(i.WIFI_TCP_SendData)
    WIFI_TCP_ServerStart                     0x08005b49   Thumb Code    84  wifi.o(i.WIFI_TCP_ServerStart)
    Watch_Start                              0x08005d51   Thumb Code    92  menu.o(i.Watch_Start)
    __0printf                                0x08005fe5   Thumb Code    22  printfa.o(i.__0printf)
    __1printf                                0x08005fe5   Thumb Code     0  printfa.o(i.__0printf)
    __2printf                                0x08005fe5   Thumb Code     0  printfa.o(i.__0printf)
    __c89printf                              0x08005fe5   Thumb Code     0  printfa.o(i.__0printf)
    printf                                   0x08005fe5   Thumb Code     0  printfa.o(i.__0printf)
    __0snprintf                              0x08006005   Thumb Code    48  printfa.o(i.__0snprintf)
    __1snprintf                              0x08006005   Thumb Code     0  printfa.o(i.__0snprintf)
    __2snprintf                              0x08006005   Thumb Code     0  printfa.o(i.__0snprintf)
    __c89snprintf                            0x08006005   Thumb Code     0  printfa.o(i.__0snprintf)
    snprintf                                 0x08006005   Thumb Code     0  printfa.o(i.__0snprintf)
    __0sprintf                               0x08006039   Thumb Code    34  printfa.o(i.__0sprintf)
    __1sprintf                               0x08006039   Thumb Code     0  printfa.o(i.__0sprintf)
    __2sprintf                               0x08006039   Thumb Code     0  printfa.o(i.__0sprintf)
    __c89sprintf                             0x08006039   Thumb Code     0  printfa.o(i.__0sprintf)
    sprintf                                  0x08006039   Thumb Code     0  printfa.o(i.__0sprintf)
    __0vsprintf                              0x08006061   Thumb Code    30  printfa.o(i.__0vsprintf)
    __1vsprintf                              0x08006061   Thumb Code     0  printfa.o(i.__0vsprintf)
    __2vsprintf                              0x08006061   Thumb Code     0  printfa.o(i.__0vsprintf)
    __c89vsprintf                            0x08006061   Thumb Code     0  printfa.o(i.__0vsprintf)
    vsprintf                                 0x08006061   Thumb Code     0  printfa.o(i.__0vsprintf)
    __ARM_fpclassify                         0x08006085   Thumb Code    40  fpclassify.o(i.__ARM_fpclassify)
    __ARM_fpclassifyf                        0x080060ad   Thumb Code    38  fpclassifyf.o(i.__ARM_fpclassifyf)
    __ieee754_rem_pio2                       0x080060d5   Thumb Code   828  rred.o(i.__ieee754_rem_pio2)
    __kernel_cos                             0x0800645d   Thumb Code   230  cos_i.o(i.__kernel_cos)
    __kernel_poly                            0x08006559   Thumb Code   170  poly.o(i.__kernel_poly)
    __kernel_sin                             0x08006605   Thumb Code   224  sin_i.o(i.__kernel_sin)
    __mathlib_dbl_infnan                     0x080066f1   Thumb Code     6  dunder.o(i.__mathlib_dbl_infnan)
    __mathlib_dbl_invalid                    0x080066f7   Thumb Code    12  dunder.o(i.__mathlib_dbl_invalid)
    __mathlib_dbl_underflow                  0x08006705   Thumb Code    10  dunder.o(i.__mathlib_dbl_underflow)
    __mathlib_flt_infnan2                    0x08006715   Thumb Code     4  funder.o(i.__mathlib_flt_infnan2)
    __mathlib_flt_underflow                  0x08006719   Thumb Code    10  funder.o(i.__mathlib_flt_underflow)
    __scatterload_copy                       0x08006723   Thumb Code    14  handlers.o(i.__scatterload_copy)
    __scatterload_null                       0x08006731   Thumb Code     2  handlers.o(i.__scatterload_null)
    __scatterload_zeroinit                   0x08006733   Thumb Code    14  handlers.o(i.__scatterload_zeroinit)
    __set_errno                              0x08006741   Thumb Code     6  errno.o(i.__set_errno)
    atan2f                                   0x08006ff9   Thumb Code   598  atan2f.o(i.atan2f)
    fputc                                    0x0800729d   Thumb Code    16  usart.o(i.fputc)
    isColling                                0x080072ad   Thumb Code   104  dino.o(i.isColling)
    main                                     0x08007321   Thumb Code    34  main.o(i.main)
    pvPortMalloc                             0x08007d79   Thumb Code   296  heap_4.o(i.pvPortMalloc)
    pvTaskIncrementMutexHeldCount            0x08007ee1   Thumb Code    26  tasks.o(i.pvTaskIncrementMutexHeldCount)
    pxPortInitialiseStack                    0x08007f01   Thumb Code    30  port.o(i.pxPortInitialiseStack)
    sin                                      0x08007f25   Thumb Code   150  sin.o(i.sin)
    sqrtf                                    0x08007fc5   Thumb Code    44  sqrtf.o(i.sqrtf)
    uxListRemove                             0x08007ff1   Thumb Code    40  list.o(i.uxListRemove)
    vAssertCalled                            0x08008019   Thumb Code     2  main.o(i.vAssertCalled)
    vInitTasks                               0x0800801d   Thumb Code   122  freertos_port.o(i.vInitTasks)
    vListInitialise                          0x08008125   Thumb Code    26  list.o(i.vListInitialise)
    vListInitialiseItem                      0x0800813f   Thumb Code     6  list.o(i.vListInitialiseItem)
    vListInsert                              0x08008145   Thumb Code    52  list.o(i.vListInsert)
    vListInsertEnd                           0x08008179   Thumb Code    24  list.o(i.vListInsertEnd)
    vOLEDMutexCreate                         0x08008191   Thumb Code    14  freertos_port.o(i.vOLEDMutexCreate)
    vPortEnterCritical                       0x080081a5   Thumb Code    66  port.o(i.vPortEnterCritical)
    vPortExitCritical                        0x08008215   Thumb Code    46  port.o(i.vPortExitCritical)
    vPortFree                                0x0800826d   Thumb Code   126  heap_4.o(i.vPortFree)
    vPortSetupTimerInterrupt                 0x08008321   Thumb Code    20  port.o(i.vPortSetupTimerInterrupt)
    vPortValidateInterruptPriority           0x08008339   Thumb Code    82  port.o(i.vPortValidateInterruptPriority)
    vQueueAddToRegistry                      0x080083bd   Thumb Code    38  queue.o(i.vQueueAddToRegistry)
    vQueueWaitForMessageRestricted           0x080083e9   Thumb Code    74  queue.o(i.vQueueWaitForMessageRestricted)
    vTaskDelay                               0x08008465   Thumb Code    70  tasks.o(i.vTaskDelay)
    vTaskInternalSetTimeOutState             0x080084d1   Thumb Code    14  tasks.o(i.vTaskInternalSetTimeOutState)
    vTaskMissedYield                         0x080084e9   Thumb Code     8  tasks.o(i.vTaskMissedYield)
    vTaskPlaceOnEventList                    0x080084f5   Thumb Code    40  tasks.o(i.vTaskPlaceOnEventList)
    vTaskPlaceOnEventListRestricted          0x0800853d   Thumb Code    48  tasks.o(i.vTaskPlaceOnEventListRestricted)
    vTaskPriorityDisinheritAfterTimeout      0x0800858d   Thumb Code   170  tasks.o(i.vTaskPriorityDisinheritAfterTimeout)
    vTaskStartScheduler                      0x08008661   Thumb Code   110  tasks.o(i.vTaskStartScheduler)
    vTaskSuspendAll                          0x0800870d   Thumb Code    12  tasks.o(i.vTaskSuspendAll)
    vTaskSwitchContext                       0x0800871d   Thumb Code   112  tasks.o(i.vTaskSwitchContext)
    xOLEDGive                                0x0800882d   Thumb Code    24  freertos_port.o(i.xOLEDGive)
    xOLEDTake                                0x08008849   Thumb Code    26  freertos_port.o(i.xOLEDTake)
    xPortStartScheduler                      0x08008869   Thumb Code   174  port.o(i.xPortStartScheduler)
    xPortSysTickHandler                      0x08008951   Thumb Code    46  port.o(i.xPortSysTickHandler)
    xQueueCreateMutex                        0x08008985   Thumb Code    34  queue.o(i.xQueueCreateMutex)
    xQueueGenericCreate                      0x080089a9   Thumb Code   126  queue.o(i.xQueueGenericCreate)
    xQueueGenericReset                       0x08008a45   Thumb Code   134  queue.o(i.xQueueGenericReset)
    xQueueGenericSend                        0x08008aed   Thumb Code   372  queue.o(i.xQueueGenericSend)
    xQueueGenericSendFromISR                 0x08008c81   Thumb Code   240  queue.o(i.xQueueGenericSendFromISR)
    xQueueReceive                            0x08008d8d   Thumb Code   320  queue.o(i.xQueueReceive)
    xQueueSemaphoreTake                      0x08008eed   Thumb Code   386  queue.o(i.xQueueSemaphoreTake)
    xTaskCheckForTimeOut                     0x08009091   Thumb Code   112  tasks.o(i.xTaskCheckForTimeOut)
    xTaskCreate                              0x08009125   Thumb Code    96  tasks.o(i.xTaskCreate)
    xTaskGetSchedulerState                   0x08009185   Thumb Code    24  tasks.o(i.xTaskGetSchedulerState)
    xTaskGetTickCount                        0x080091a5   Thumb Code     6  tasks.o(i.xTaskGetTickCount)
    xTaskIncrementTick                       0x080091b1   Thumb Code   242  tasks.o(i.xTaskIncrementTick)
    xTaskPriorityDisinherit                  0x080092ed   Thumb Code   128  tasks.o(i.xTaskPriorityDisinherit)
    xTaskPriorityInherit                     0x08009395   Thumb Code   150  tasks.o(i.xTaskPriorityInherit)
    xTaskRemoveFromEventList                 0x08009439   Thumb Code   114  tasks.o(i.xTaskRemoveFromEventList)
    xTaskResumeAll                           0x080094e1   Thumb Code   210  tasks.o(i.xTaskResumeAll)
    xTimerCreateTimerTask                    0x080095f5   Thumb Code    52  timers.o(i.xTimerCreateTimerTask)
    xTimerGenericCommand                     0x08009659   Thumb Code   114  timers.o(i.xTimerGenericCommand)
    OLED_F8x16                               0x080096ec   Data        1520  oled_data.o(.constdata)
    OLED_F6x8                                0x08009cdc   Data         570  oled_data.o(.constdata)
    OLED_F12x24                              0x08009f16   Data        3420  oled_data.o(.constdata)
    OLED_CF16x16                             0x0800ac72   Data        1120  oled_data.o(.constdata)
    Diode                                    0x0800b0d2   Data          32  oled_data.o(.constdata)
    Return                                   0x0800b0f2   Data          32  oled_data.o(.constdata)
    Menu_Graph                               0x0800b112   Data        1024  oled_data.o(.constdata)
    Frame                                    0x0800b512   Data         264  oled_data.o(.constdata)
    Ground                                   0x0800b61a   Data         256  oled_data.o(.constdata)
    Barrier                                  0x0800b71a   Data         144  oled_data.o(.constdata)
    Cloud                                    0x0800b7aa   Data          16  oled_data.o(.constdata)
    Dino                                     0x0800b7ba   Data         144  oled_data.o(.constdata)
    Eyebrow                                  0x0800b84a   Data          64  oled_data.o(.constdata)
    Mouth                                    0x0800b88a   Data          60  oled_data.o(.constdata)
    Battery                                  0x0800b8c6   Data          32  oled_data.o(.constdata)
    __ctype_categories                       0x0800ba24   Data          64  ctype_c.o(.constdata)
    Region$$Table$$Base                      0x0800bb20   Number         0  anon$$obj.o(Region$$Table)
    Region$$Table$$Limit                     0x0800bb40   Number         0  anon$$obj.o(Region$$Table)
    MyRTC_Time                               0x20000014   Data          24  myrtc.o(.data)
    KeyNum                                   0x2000002c   Data           1  menu.o(.data)
    ADValue                                  0x20000050   Data           2  menu.o(.data)
    VBAT                                     0x20000054   Data           4  menu.o(.data)
    Battery_Capacity                         0x20000058   Data           4  menu.o(.data)
    clkflag                                  0x2000005c   Data           4  menu.o(.data)
    setflag                                  0x20000060   Data           4  menu.o(.data)
    pre_selection                            0x20000064   Data           1  menu.o(.data)
    target_selection                         0x20000065   Data           1  menu.o(.data)
    x_pre                                    0x20000066   Data           1  menu.o(.data)
    Speed                                    0x20000067   Data           1  menu.o(.data)
    move_flag                                0x20000068   Data           1  menu.o(.data)
    stop_watch_flag                          0x20000069   Data           1  menu.o(.data)
    stop_watch_start                         0x2000006a   Data           1  menu.o(.data)
    hour                                     0x2000006b   Data           1  menu.o(.data)
    min                                      0x2000006c   Data           1  menu.o(.data)
    sec                                      0x2000006d   Data           1  menu.o(.data)
    timer                                    0x2000006e   Data           2  menu.o(.data)
    Led_flag                                 0x20000070   Data           1  menu.o(.data)
    menu_flag                                0x20000071   Data           1  menu.o(.data)
    ax                                       0x20000072   Data           2  menu.o(.data)
    ay                                       0x20000074   Data           2  menu.o(.data)
    az                                       0x20000076   Data           2  menu.o(.data)
    gx                                       0x20000078   Data           2  menu.o(.data)
    gy                                       0x2000007a   Data           2  menu.o(.data)
    gz                                       0x2000007c   Data           2  menu.o(.data)
    roll_a                                   0x20000080   Data           4  menu.o(.data)
    pitch_a                                  0x20000084   Data           4  menu.o(.data)
    roll_g                                   0x20000088   Data           4  menu.o(.data)
    pitch_g                                  0x2000008c   Data           4  menu.o(.data)
    yaw_g                                    0x20000090   Data           4  menu.o(.data)
    Roll                                     0x20000094   Data           4  menu.o(.data)
    Pitch                                    0x20000098   Data           4  menu.o(.data)
    Yaw                                      0x2000009c   Data           4  menu.o(.data)
    a                                        0x200000a0   Data           4  menu.o(.data)
    game_flag                                0x200000a4   Data           1  menu.o(.data)
    Key_Num                                  0x200000ac   Data           1  key.o(.data)
    set_time_flag                            0x200000b4   Data           4  settime.o(.data)
    Score                                    0x200000b8   Data           4  dino.o(.data)
    Ground_Pos                               0x200000bc   Data           2  dino.o(.data)
    barrier_flag                             0x200000be   Data           1  dino.o(.data)
    Barrier_Pos                              0x200000bf   Data           1  dino.o(.data)
    barrier                                  0x200000c0   Data           4  dino.o(.data)
    Cloud_Pos                                0x200000c4   Data           1  dino.o(.data)
    dino_jump_flag                           0x200000c5   Data           1  dino.o(.data)
    jump_t                                   0x200000c6   Data           2  dino.o(.data)
    Jump_Pos                                 0x200000c8   Data           1  dino.o(.data)
    dino                                     0x200000c9   Data           4  dino.o(.data)
    AHT20_TemperatureX10                     0x200000d0   Data           2  aht20.o(.data)
    AHT20_HumidityX10                        0x200000d2   Data           2  aht20.o(.data)
    AHT20_DataValid                          0x200000d4   Data           1  aht20.o(.data)
    xOLEDMutex                               0x200000dc   Data           4  freertos_port.o(.data)
    xKeyQueue                                0x200000e0   Data           4  freertos_port.o(.data)
    xMenuQueue                               0x200000e4   Data           4  freertos_port.o(.data)
    xKeyTaskHandle                           0x200000e8   Data           4  freertos_port.o(.data)
    xUITaskHandle                            0x200000ec   Data           4  freertos_port.o(.data)
    pxCurrentTCB                             0x20000114   Data           4  tasks.o(.data)
    uxTopUsedPriority                        0x2000014c   Data           4  tasks.o(.data)
    __stdout                                 0x20000178   Data           4  stdout.o(.data)
    OLED_DisplayBuf                          0x20000180   Data        1024  oled.o(.bss)
    xQueueRegistry                           0x20003540   Data          80  queue.o(.bss)
    __initial_sp                             0x20003ab0   Data           0  startup_stm32f10x_md.o(STACK)



==============================================================================

Memory Map of the image

  Image Entry point : 0x080000ed

  Load Region LR_IROM1 (Base: 0x08000000, Size: 0x0000bcc0, Max: 0x00010000, ABSOLUTE, COMPRESSED[0x0000bb98])

    Execution Region ER_IROM1 (Exec base: 0x08000000, Load base: 0x08000000, Size: 0x0000bb40, Max: 0x00010000, ABSOLUTE)

    Exec Addr    Load Addr    Size         Type   Attr      Idx    E Section Name        Object

    0x08000000   0x08000000   0x000000ec   Data   RO            3    RESET               startup_stm32f10x_md.o
    0x080000ec   0x080000ec   0x00000000   Code   RO         6080  * .ARM.Collect$$$$00000000  mc_w.l(entry.o)
    0x080000ec   0x080000ec   0x00000004   Code   RO         6467    .ARM.Collect$$$$00000001  mc_w.l(entry2.o)
    0x080000f0   0x080000f0   0x00000004   Code   RO         6470    .ARM.Collect$$$$00000004  mc_w.l(entry5.o)
    0x080000f4   0x080000f4   0x00000000   Code   RO         6472    .ARM.Collect$$$$00000008  mc_w.l(entry7b.o)
    0x080000f4   0x080000f4   0x00000000   Code   RO         6474    .ARM.Collect$$$$0000000A  mc_w.l(entry8b.o)
    0x080000f4   0x080000f4   0x00000008   Code   RO         6475    .ARM.Collect$$$$0000000B  mc_w.l(entry9a.o)
    0x080000fc   0x080000fc   0x00000004   Code   RO         6482    .ARM.Collect$$$$0000000E  mc_w.l(entry12b.o)
    0x08000100   0x08000100   0x00000000   Code   RO         6477    .ARM.Collect$$$$0000000F  mc_w.l(entry10a.o)
    0x08000100   0x08000100   0x00000000   Code   RO         6479    .ARM.Collect$$$$00000011  mc_w.l(entry11a.o)
    0x08000100   0x08000100   0x00000004   Code   RO         6468    .ARM.Collect$$$$00002712  mc_w.l(entry2.o)
    0x08000104   0x08000104   0x00000096   Code   RO         5969    .emb_text           port.o
    0x0800019a   0x0800019a   0x00000002   PAD
    0x0800019c   0x0800019c   0x00000024   Code   RO            4    .text               startup_stm32f10x_md.o
    0x080001c0   0x080001c0   0x00000024   Code   RO         6083    .text               mc_w.l(rand.o)
    0x080001e4   0x080001e4   0x000000a8   Code   RO         6090    .text               mc_w.l(mktime.o)
    0x0800028c   0x0800028c   0x00000024   Code   RO         6093    .text               mc_w.l(memcpya.o)
    0x080002b0   0x080002b0   0x00000024   Code   RO         6097    .text               mc_w.l(memseta.o)
    0x080002d4   0x080002d4   0x00000024   Code   RO         6099    .text               mc_w.l(strstr.o)
    0x080002f8   0x080002f8   0x0000000e   Code   RO         6101    .text               mc_w.l(strlen.o)
    0x08000306   0x08000306   0x0000001c   Code   RO         6103    .text               mc_w.l(strcmp.o)
    0x08000322   0x08000322   0x00000002   PAD
    0x08000324   0x08000324   0x00000038   Code   RO         6368    .text               mc_w.l(__0sscanf.o)
    0x0800035c   0x0800035c   0x0000014c   Code   RO         6370    .text               mc_w.l(_scanf_int.o)
    0x080004a8   0x080004a8   0x000000b0   Code   RO         6374    .text               mf_w.l(fadd.o)
    0x08000558   0x08000558   0x00000064   Code   RO         6376    .text               mf_w.l(fmul.o)
    0x080005bc   0x080005bc   0x0000007c   Code   RO         6378    .text               mf_w.l(fdiv.o)
    0x08000638   0x08000638   0x0000014e   Code   RO         6380    .text               mf_w.l(dadd.o)
    0x08000786   0x08000786   0x000000e4   Code   RO         6382    .text               mf_w.l(dmul.o)
    0x0800086a   0x0800086a   0x000000de   Code   RO         6384    .text               mf_w.l(ddiv.o)
    0x08000948   0x08000948   0x00000012   Code   RO         6386    .text               mf_w.l(fflti.o)
    0x0800095a   0x0800095a   0x0000000a   Code   RO         6388    .text               mf_w.l(ffltui.o)
    0x08000964   0x08000964   0x00000022   Code   RO         6390    .text               mf_w.l(dflti.o)
    0x08000986   0x08000986   0x0000001a   Code   RO         6392    .text               mf_w.l(dfltui.o)
    0x080009a0   0x080009a0   0x00000032   Code   RO         6394    .text               mf_w.l(ffixi.o)
    0x080009d2   0x080009d2   0x0000003e   Code   RO         6396    .text               mf_w.l(dfixi.o)
    0x08000a10   0x08000a10   0x00000032   Code   RO         6398    .text               mf_w.l(dfixui.o)
    0x08000a42   0x08000a42   0x00000026   Code   RO         6400    .text               mf_w.l(f2d.o)
    0x08000a68   0x08000a68   0x00000030   Code   RO         6402    .text               mf_w.l(cdcmple.o)
    0x08000a98   0x08000a98   0x00000030   Code   RO         6404    .text               mf_w.l(cdrcmple.o)
    0x08000ac8   0x08000ac8   0x00000038   Code   RO         6406    .text               mf_w.l(d2f.o)
    0x08000b00   0x08000b00   0x00000014   Code   RO         6408    .text               mf_w.l(cfcmple.o)
    0x08000b14   0x08000b14   0x00000014   Code   RO         6410    .text               mf_w.l(cfrcmple.o)
    0x08000b28   0x08000b28   0x0000002c   Code   RO         6484    .text               mc_w.l(uidiv.o)
    0x08000b54   0x08000b54   0x00000062   Code   RO         6486    .text               mc_w.l(uldiv.o)
    0x08000bb6   0x08000bb6   0x0000001e   Code   RO         6488    .text               mc_w.l(llshl.o)
    0x08000bd4   0x08000bd4   0x00000020   Code   RO         6490    .text               mc_w.l(llushr.o)
    0x08000bf4   0x08000bf4   0x00000024   Code   RO         6492    .text               mc_w.l(llsshr.o)
    0x08000c18   0x08000c18   0x0000000c   Code   RO         6494    .text               mc_w.l(localtime_w.o)
    0x08000c24   0x08000c24   0x0000008c   Code   RO         6497    .text               mc_w.l(localtime_i.o)
    0x08000cb0   0x08000cb0   0x0000001c   Code   RO         6507    .text               mc_w.l(_chval.o)
    0x08000ccc   0x08000ccc   0x00000028   Code   RO         6509    .text               mc_w.l(scanf_char.o)
    0x08000cf4   0x08000cf4   0x00000040   Code   RO         6511    .text               mc_w.l(_sgetc.o)
    0x08000d34   0x08000d34   0x00000000   Code   RO         6513    .text               mc_w.l(iusefp.o)
    0x08000d34   0x08000d34   0x0000006e   Code   RO         6514    .text               mf_w.l(fepilogue.o)
    0x08000da2   0x08000da2   0x0000005e   Code   RO         6516    .text               mf_w.l(fsqrt.o)
    0x08000e00   0x08000e00   0x000000ba   Code   RO         6518    .text               mf_w.l(depilogue.o)
    0x08000eba   0x08000eba   0x00000030   Code   RO         6522    .text               mf_w.l(dfixul.o)
    0x08000eea   0x08000eea   0x00000002   PAD
    0x08000eec   0x08000eec   0x00000024   Code   RO         6528    .text               mc_w.l(init.o)
    0x08000f10   0x08000f10   0x0000000a   Code   RO         6530    .text               mc_w.l(isspace_c.o)
    0x08000f1a   0x08000f1a   0x00000002   PAD
    0x08000f1c   0x08000f1c   0x00000330   Code   RO         6532    .text               mc_w.l(_scanf.o)
    0x0800124c   0x0800124c   0x00000018   Code   RO         6534    .text               mf_w.l(fscalb.o)
    0x08001264   0x08001264   0x0000002e   Code   RO         6536    .text               mf_w.l(dscalb.o)
    0x08001292   0x08001292   0x00000002   PAD
    0x08001294   0x08001294   0x00000028   Code   RO         6538    .text               mc_w.l(ctype_c.o)
    0x080012bc   0x080012bc   0x00000056   Code   RO         6549    .text               mc_w.l(__dczerorl2.o)
    0x08001312   0x08001312   0x00000016   Code   RO          202    i.ADC_Cmd           stm32f10x_adc.o
    0x08001328   0x08001328   0x00000014   Code   RO          210    i.ADC_GetCalibrationStatus  stm32f10x_adc.o
    0x0800133c   0x0800133c   0x00000008   Code   RO          211    i.ADC_GetConversionValue  stm32f10x_adc.o
    0x08001344   0x08001344   0x00000014   Code   RO          216    i.ADC_GetResetCalibrationStatus  stm32f10x_adc.o
    0x08001358   0x08001358   0x00000050   Code   RO          220    i.ADC_Init          stm32f10x_adc.o
    0x080013a8   0x080013a8   0x000000b8   Code   RO          224    i.ADC_RegularChannelConfig  stm32f10x_adc.o
    0x08001460   0x08001460   0x0000000a   Code   RO          225    i.ADC_ResetCalibration  stm32f10x_adc.o
    0x0800146a   0x0800146a   0x00000016   Code   RO          227    i.ADC_SoftwareStartConvCmd  stm32f10x_adc.o
    0x08001480   0x08001480   0x0000000a   Code   RO          229    i.ADC_StartCalibration  stm32f10x_adc.o
    0x0800148a   0x0800148a   0x00000002   PAD
    0x0800148c   0x0800148c   0x00000010   Code   RO         4375    i.AD_GetValue       ad.o
    0x0800149c   0x0800149c   0x000000a8   Code   RO         4376    i.AD_Init           ad.o
    0x08001544   0x08001544   0x000000b0   Code   RO         4393    i.AHT20_I2C_Read    aht20.o
    0x080015f4   0x080015f4   0x00000084   Code   RO         4394    i.AHT20_I2C_Write   aht20.o
    0x08001678   0x08001678   0x000000d4   Code   RO         4395    i.AHT20_Init        aht20.o
    0x0800174c   0x0800174c   0x00000064   Code   RO         3550    i.AHT20_Page        menu.o
    0x080017b0   0x080017b0   0x00000094   Code   RO         4397    i.AHT20_ReadInt     aht20.o
    0x08001844   0x08001844   0x00000018   Code   RO         4398    i.AHT20_Stop        aht20.o
    0x0800185c   0x0800185c   0x0000003c   Code   RO         4399    i.AHT20_Update      aht20.o
    0x08001898   0x08001898   0x0000002c   Code   RO         4400    i.AHT20_WaitEvent   aht20.o
    0x080018c4   0x080018c4   0x00000030   Code   RO         4401    i.AHT20_WaitFlag    aht20.o
    0x080018f4   0x080018f4   0x0000001c   Code   RO          431    i.BKP_ReadBackupRegister  stm32f10x_bkp.o
    0x08001910   0x08001910   0x0000001c   Code   RO          435    i.BKP_WriteBackupRegister  stm32f10x_bkp.o
    0x0800192c   0x0800192c   0x00000004   Code   RO         4933    i.BusFault_Handler  stm32f10x_it.o
    0x08001930   0x08001930   0x00000038   Code   RO         4051    i.Change_RTC_Time   settime.o
    0x08001968   0x08001968   0x0000001c   Code   RO          909    i.DMA_ClearFlag     stm32f10x_dma.o
    0x08001984   0x08001984   0x00000018   Code   RO          911    i.DMA_Cmd           stm32f10x_dma.o
    0x0800199c   0x0800199c   0x0000014c   Code   RO          912    i.DMA_DeInit        stm32f10x_dma.o
    0x08001ae8   0x08001ae8   0x00000008   Code   RO          913    i.DMA_GetCurrDataCounter  stm32f10x_dma.o
    0x08001af0   0x08001af0   0x0000003c   Code   RO          917    i.DMA_Init          stm32f10x_dma.o
    0x08001b2c   0x08001b2c   0x00000004   Code   RO          918    i.DMA_SetCurrDataCounter  stm32f10x_dma.o
    0x08001b30   0x08001b30   0x00000002   Code   RO         4934    i.DebugMon_Handler  stm32f10x_it.o
    0x08001b32   0x08001b32   0x0000003c   Code   RO         3196    i.Delay_ms          delay.o
    0x08001b6e   0x08001b6e   0x00000018   Code   RO         3197    i.Delay_s           delay.o
    0x08001b86   0x08001b86   0x00000022   Code   RO         3198    i.Delay_us          delay.o
    0x08001ba8   0x08001ba8   0x00000074   Code   RO         4293    i.DinoGame_Animation  dino.o
    0x08001c1c   0x08001c1c   0x00000024   Code   RO         4294    i.DinoGame_Pos_Init  dino.o
    0x08001c40   0x08001c40   0x000000e4   Code   RO         4295    i.Dino_Tick         dino.o
    0x08001d24   0x08001d24   0x0000006c   Code   RO         4052    i.Draw_SetTime_FirstSelection  settime.o
    0x08001d90   0x08001d90   0x0000005a   Code   RO         4053    i.Draw_SetTime_FirstValue  settime.o
    0x08001dea   0x08001dea   0x0000005a   Code   RO         4054    i.Draw_SetTime_SecondSelection  settime.o
    0x08001e44   0x08001e44   0x0000005a   Code   RO         4055    i.Draw_SetTime_SecondValue  settime.o
    0x08001e9e   0x08001e9e   0x00000002   PAD
    0x08001ea0   0x08001ea0   0x00000038   Code   RO         4458    i.ESP32_ClearRx     esp32.o
    0x08001ed8   0x08001ed8   0x0000002c   Code   RO         4459    i.ESP32_DMA_RxRestart  esp32.o
    0x08001f04   0x08001f04   0x00000070   Code   RO         4460    i.ESP32_DMA_RxStart  esp32.o
    0x08001f74   0x08001f74   0x00000044   Code   RO         4461    i.ESP32_Init        esp32.o
    0x08001fb8   0x08001fb8   0x00000060   Code   RO         4462    i.ESP32_ReadFrame   esp32.o
    0x08002018   0x08002018   0x0000003c   Code   RO         4463    i.ESP32_SendBytes   esp32.o
    0x08002054   0x08002054   0x0000003c   Code   RO         4464    i.ESP32_SendCmd     esp32.o
    0x08002090   0x08002090   0x00000016   Code   RO         4465    i.ESP32_SendString  esp32.o
    0x080020a6   0x080020a6   0x00000002   PAD
    0x080020a8   0x080020a8   0x0000008c   Code   RO         4466    i.ESP32_USART2_IRQHandler  esp32.o
    0x08002134   0x08002134   0x000000b4   Code   RO         4467    i.ESP32_USART2_Init  esp32.o
    0x080021e8   0x080021e8   0x000000e4   Code   RO         4468    i.ESP32_WaitFor     esp32.o
    0x080022cc   0x080022cc   0x00000050   Code   RO         3551    i.Emoji             menu.o
    0x0800231c   0x0800231c   0x00000026   Code   RO         3552    i.Emoji_DelayWithReturn  menu.o
    0x08002342   0x08002342   0x00000002   PAD
    0x08002344   0x08002344   0x0000002c   Code   RO         3553    i.Emoji_ReturnKeyPressed  menu.o
    0x08002370   0x08002370   0x000000ec   Code   RO         3554    i.First_Page_Clock  menu.o
    0x0800245c   0x0800245c   0x00000116   Code   RO         1347    i.GPIO_Init         stm32f10x_gpio.o
    0x08002572   0x08002572   0x00000012   Code   RO         1351    i.GPIO_ReadInputDataBit  stm32f10x_gpio.o
    0x08002584   0x08002584   0x00000004   Code   RO         1354    i.GPIO_ResetBits    stm32f10x_gpio.o
    0x08002588   0x08002588   0x00000004   Code   RO         1355    i.GPIO_SetBits      stm32f10x_gpio.o
    0x0800258c   0x0800258c   0x0000000a   Code   RO         1358    i.GPIO_WriteBit     stm32f10x_gpio.o
    0x08002596   0x08002596   0x00000002   PAD
    0x08002598   0x08002598   0x00000100   Code   RO         3555    i.Game              menu.o
    0x08002698   0x08002698   0x00000058   Code   RO         3556    i.Gradienter        menu.o
    0x080026f0   0x080026f0   0x00000004   Code   RO         4935    i.HardFault_Handler  stm32f10x_it.o
    0x080026f4   0x080026f4   0x00000018   Code   RO         1459    i.I2C_AcknowledgeConfig  stm32f10x_i2c.o
    0x0800270c   0x0800270c   0x0000002a   Code   RO         1461    i.I2C_CheckEvent    stm32f10x_i2c.o
    0x08002736   0x08002736   0x00000018   Code   RO         1464    i.I2C_Cmd           stm32f10x_i2c.o
    0x0800274e   0x0800274e   0x00000002   PAD
    0x08002750   0x08002750   0x00000038   Code   RO         1467    i.I2C_DeInit        stm32f10x_i2c.o
    0x08002788   0x08002788   0x00000018   Code   RO         1471    i.I2C_GenerateSTART  stm32f10x_i2c.o
    0x080027a0   0x080027a0   0x00000018   Code   RO         1472    i.I2C_GenerateSTOP  stm32f10x_i2c.o
    0x080027b8   0x080027b8   0x0000003a   Code   RO         1473    i.I2C_GetFlagStatus  stm32f10x_i2c.o
    0x080027f2   0x080027f2   0x00000002   PAD
    0x080027f4   0x080027f4   0x000000ec   Code   RO         1478    i.I2C_Init          stm32f10x_i2c.o
    0x080028e0   0x080028e0   0x00000008   Code   RO         1483    i.I2C_ReceiveData   stm32f10x_i2c.o
    0x080028e8   0x080028e8   0x00000012   Code   RO         1485    i.I2C_Send7bitAddress  stm32f10x_i2c.o
    0x080028fa   0x080028fa   0x00000004   Code   RO         1486    i.I2C_SendData      stm32f10x_i2c.o
    0x080028fe   0x080028fe   0x00000016   Code   RO         1487    i.I2C_SoftwareResetCmd  stm32f10x_i2c.o
    0x08002914   0x08002914   0x00000058   Code   RO         3902    i.Key3_Tick         key.o
    0x0800296c   0x0800296c   0x00000014   Code   RO         3903    i.Key_GetNum        key.o
    0x08002980   0x08002980   0x00000038   Code   RO         3904    i.Key_GetState      key.o
    0x080029b8   0x080029b8   0x00000044   Code   RO         3905    i.Key_Init          key.o
    0x080029fc   0x080029fc   0x00000068   Code   RO         3906    i.Key_Tick          key.o
    0x08002a64   0x08002a64   0x00000014   Code   RO         4027    i.LED1_OFF          led.o
    0x08002a78   0x08002a78   0x00000014   Code   RO         4028    i.LED1_ON           led.o
    0x08002a8c   0x08002a8c   0x0000004c   Code   RO         4029    i.LED_Init          led.o
    0x08002ad8   0x08002ad8   0x00000118   Code   RO         3557    i.Led               menu.o
    0x08002bf0   0x08002bf0   0x00000238   Code   RO         3558    i.MPU6050_Calculation  menu.o
    0x08002e28   0x08002e28   0x000000ac   Code   RO         4182    i.MPU6050_GetData   mpu6050.o
    0x08002ed4   0x08002ed4   0x00000038   Code   RO         4184    i.MPU6050_Init      mpu6050.o
    0x08002f0c   0x08002f0c   0x0000003e   Code   RO         4185    i.MPU6050_ReadReg   mpu6050.o
    0x08002f4a   0x08002f4a   0x0000002e   Code   RO         4186    i.MPU6050_WriteReg  mpu6050.o
    0x08002f78   0x08002f78   0x00000060   Code   RO         3559    i.MPU_6050          menu.o
    0x08002fd8   0x08002fd8   0x00000004   Code   RO         4936    i.MemManage_Handler  stm32f10x_it.o
    0x08002fdc   0x08002fdc   0x0000016c   Code   RO         3560    i.Menu              menu.o
    0x08003148   0x08003148   0x00000068   Code   RO         3561    i.MenuToFunction    menu.o
    0x080031b0   0x080031b0   0x00000134   Code   RO         3562    i.Menu_Animation    menu.o
    0x080032e4   0x080032e4   0x00000028   Code   RO         3563    i.Menu_ShowIcon     menu.o
    0x0800330c   0x0800330c   0x00000038   Code   RO         4224    i.MyI2C_Init        myi2c.o
    0x08003344   0x08003344   0x0000001c   Code   RO         4225    i.MyI2C_R_SDA       myi2c.o
    0x08003360   0x08003360   0x0000001e   Code   RO         4226    i.MyI2C_ReceiveAck  myi2c.o
    0x0800337e   0x0800337e   0x00000034   Code   RO         4227    i.MyI2C_ReceiveByte  myi2c.o
    0x080033b2   0x080033b2   0x00000018   Code   RO         4228    i.MyI2C_SendAck     myi2c.o
    0x080033ca   0x080033ca   0x0000002a   Code   RO         4229    i.MyI2C_SendByte    myi2c.o
    0x080033f4   0x080033f4   0x0000001c   Code   RO         4230    i.MyI2C_Start       myi2c.o
    0x08003410   0x08003410   0x00000016   Code   RO         4231    i.MyI2C_Stop        myi2c.o
    0x08003426   0x08003426   0x00000002   PAD
    0x08003428   0x08003428   0x0000001c   Code   RO         4232    i.MyI2C_W_SCL       myi2c.o
    0x08003444   0x08003444   0x0000001c   Code   RO         4233    i.MyI2C_W_SDA       myi2c.o
    0x08003460   0x08003460   0x00000072   Code   RO         3250    i.MyRTC_Init        myrtc.o
    0x080034d2   0x080034d2   0x00000002   PAD
    0x080034d4   0x080034d4   0x00000048   Code   RO         3251    i.MyRTC_ReadTime    myrtc.o
    0x0800351c   0x0800351c   0x0000004c   Code   RO         3252    i.MyRTC_SetTime     myrtc.o
    0x08003568   0x08003568   0x00000002   Code   RO         4937    i.NMI_Handler       stm32f10x_it.o
    0x0800356a   0x0800356a   0x00000002   PAD
    0x0800356c   0x0800356c   0x00000018   Code   RO         4469    i.NVIC_DisableIRQ   esp32.o
    0x08003584   0x08003584   0x00000016   Code   RO         4470    i.NVIC_EnableIRQ    esp32.o
    0x0800359a   0x0800359a   0x00000002   PAD
    0x0800359c   0x0800359c   0x00000070   Code   RO          137    i.NVIC_Init         misc.o
    0x0800360c   0x0800360c   0x00000014   Code   RO          138    i.NVIC_PriorityGroupConfig  misc.o
    0x08003620   0x08003620   0x000000b8   Code   RO         4056    i.Normalize_RTC_Time  settime.o
    0x080036d8   0x080036d8   0x00000028   Code   RO         3292    i.OLED_Clear        oled.o
    0x08003700   0x08003700   0x00000090   Code   RO         3293    i.OLED_ClearArea    oled.o
    0x08003790   0x08003790   0x00000160   Code   RO         3295    i.OLED_DrawCircle   oled.o
    0x080038f0   0x080038f0   0x0000032c   Code   RO         3296    i.OLED_DrawEllipse  oled.o
    0x08003c1c   0x08003c1c   0x00000050   Code   RO         3298    i.OLED_DrawPoint    oled.o
    0x08003c6c   0x08003c6c   0x00000060   Code   RO         3301    i.OLED_GPIO_Init    oled.o
    0x08003ccc   0x08003ccc   0x0000003e   Code   RO         3303    i.OLED_I2C_SendByte  oled.o
    0x08003d0a   0x08003d0a   0x0000001c   Code   RO         3304    i.OLED_I2C_Start    oled.o
    0x08003d26   0x08003d26   0x00000016   Code   RO         3305    i.OLED_I2C_Stop     oled.o
    0x08003d3c   0x08003d3c   0x0000009a   Code   RO         3306    i.OLED_Init         oled.o
    0x08003dd6   0x08003dd6   0x00000014   Code   RO         3308    i.OLED_Pow          oled.o
    0x08003dea   0x08003dea   0x00000032   Code   RO         3309    i.OLED_Printf       oled.o
    0x08003e1c   0x08003e1c   0x00000090   Code   RO         3311    i.OLED_ReverseArea  oled.o
    0x08003eac   0x08003eac   0x00000022   Code   RO         3312    i.OLED_SetCursor    oled.o
    0x08003ece   0x08003ece   0x00000002   PAD
    0x08003ed0   0x08003ed0   0x00000078   Code   RO         3314    i.OLED_ShowChar     oled.o
    0x08003f48   0x08003f48   0x000000fc   Code   RO         3317    i.OLED_ShowImage    oled.o
    0x08004044   0x08004044   0x0000004c   Code   RO         3318    i.OLED_ShowNum      oled.o
    0x08004090   0x08004090   0x00000110   Code   RO         3320    i.OLED_ShowString   oled.o
    0x080041a0   0x080041a0   0x00000028   Code   RO         3321    i.OLED_Update       oled.o
    0x080041c8   0x080041c8   0x00000018   Code   RO         3323    i.OLED_W_SCL        oled.o
    0x080041e0   0x080041e0   0x00000018   Code   RO         3324    i.OLED_W_SDA        oled.o
    0x080041f8   0x080041f8   0x00000020   Code   RO         3325    i.OLED_WriteCommand  oled.o
    0x08004218   0x08004218   0x0000002e   Code   RO         3326    i.OLED_WriteData    oled.o
    0x08004246   0x08004246   0x00000002   PAD
    0x08004248   0x08004248   0x0000000c   Code   RO         1710    i.PWR_BackupAccessCmd  stm32f10x_pwr.o
    0x08004254   0x08004254   0x00000018   Code   RO         3564    i.Peripheral_Init   menu.o
    0x0800426c   0x0800426c   0x00000018   Code   RO         1773    i.RCC_ADCCLKConfig  stm32f10x_rcc.o
    0x08004284   0x08004284   0x00000020   Code   RO         1774    i.RCC_AHBPeriphClockCmd  stm32f10x_rcc.o
    0x080042a4   0x080042a4   0x00000020   Code   RO         1775    i.RCC_APB1PeriphClockCmd  stm32f10x_rcc.o
    0x080042c4   0x080042c4   0x00000020   Code   RO         1776    i.RCC_APB1PeriphResetCmd  stm32f10x_rcc.o
    0x080042e4   0x080042e4   0x00000020   Code   RO         1777    i.RCC_APB2PeriphClockCmd  stm32f10x_rcc.o
    0x08004304   0x08004304   0x00000020   Code   RO         1778    i.RCC_APB2PeriphResetCmd  stm32f10x_rcc.o
    0x08004324   0x08004324   0x000000d4   Code   RO         1785    i.RCC_GetClocksFreq  stm32f10x_rcc.o
    0x080043f8   0x080043f8   0x0000003c   Code   RO         1786    i.RCC_GetFlagStatus  stm32f10x_rcc.o
    0x08004434   0x08004434   0x00000034   Code   RO         1793    i.RCC_LSEConfig     stm32f10x_rcc.o
    0x08004468   0x08004468   0x0000000c   Code   RO         1800    i.RCC_RTCCLKCmd     stm32f10x_rcc.o
    0x08004474   0x08004474   0x00000010   Code   RO         1801    i.RCC_RTCCLKConfig  stm32f10x_rcc.o
    0x08004484   0x08004484   0x00000014   Code   RO         1978    i.RTC_EnterConfigMode  stm32f10x_rtc.o
    0x08004498   0x08004498   0x00000014   Code   RO         1979    i.RTC_ExitConfigMode  stm32f10x_rtc.o
    0x080044ac   0x080044ac   0x00000014   Code   RO         1980    i.RTC_GetCounter    stm32f10x_rtc.o
    0x080044c0   0x080044c0   0x0000001c   Code   RO         1986    i.RTC_SetCounter    stm32f10x_rtc.o
    0x080044dc   0x080044dc   0x00000020   Code   RO         1987    i.RTC_SetPrescaler  stm32f10x_rtc.o
    0x080044fc   0x080044fc   0x00000014   Code   RO         1988    i.RTC_WaitForLastTask  stm32f10x_rtc.o
    0x08004510   0x08004510   0x00000024   Code   RO         1989    i.RTC_WaitForSynchro  stm32f10x_rtc.o
    0x08004534   0x08004534   0x00000088   Code   RO         4709    i.Serial_Init       usart.o
    0x080045bc   0x080045bc   0x00000020   Code   RO         4713    i.Serial_SendByte   usart.o
    0x080045dc   0x080045dc   0x0000000c   Code   RO         4057    i.SetDay            settime.o
    0x080045e8   0x080045e8   0x0000000c   Code   RO         4058    i.SetHour           settime.o
    0x080045f4   0x080045f4   0x0000000c   Code   RO         4059    i.SetMin            settime.o
    0x08004600   0x08004600   0x0000000c   Code   RO         4060    i.SetMonth          settime.o
    0x0800460c   0x0800460c   0x0000000c   Code   RO         4061    i.SetSec            settime.o
    0x08004618   0x08004618   0x00000008   Code   RO           24    i.SetSysClock       system_stm32f10x.o
    0x08004620   0x08004620   0x000000e0   Code   RO           25    i.SetSysClockTo72   system_stm32f10x.o
    0x08004700   0x08004700   0x000000cc   Code   RO         4062    i.SetTime           settime.o
    0x080047cc   0x080047cc   0x0000004a   Code   RO         4063    i.SetTime_AdjustValue  settime.o
    0x08004816   0x08004816   0x0000000a   Code   RO         4064    i.SetTime_Delay     settime.o
    0x08004820   0x08004820   0x00000038   Code   RO         4065    i.SetTime_GetKey    settime.o
    0x08004858   0x08004858   0x0000000c   Code   RO         4066    i.SetYear           settime.o
    0x08004864   0x08004864   0x00000024   Code   RO         3565    i.Set_Selection     menu.o
    0x08004888   0x08004888   0x000000dc   Code   RO         3566    i.SettingPage       menu.o
    0x08004964   0x08004964   0x00000114   Code   RO         3567    i.Show_AHT20_UI     menu.o
    0x08004a78   0x08004a78   0x00000070   Code   RO         4296    i.Show_Barrier      dino.o
    0x08004ae8   0x08004ae8   0x00000150   Code   RO         3568    i.Show_Battery      menu.o
    0x08004c38   0x08004c38   0x00000090   Code   RO         3569    i.Show_Clock_UI     menu.o
    0x08004cc8   0x08004cc8   0x00000024   Code   RO         4297    i.Show_Cloud        dino.o
    0x08004cec   0x08004cec   0x000000f8   Code   RO         4298    i.Show_Dino         dino.o
    0x08004de4   0x08004de4   0x0000010c   Code   RO         3570    i.Show_Emoji_UI     menu.o
    0x08004ef0   0x08004ef0   0x00000030   Code   RO         3571    i.Show_Game_UI      menu.o
    0x08004f20   0x08004f20   0x0000004c   Code   RO         3572    i.Show_Gradienter_UI  menu.o
    0x08004f6c   0x08004f6c   0x0000007c   Code   RO         4299    i.Show_Ground       dino.o
    0x08004fe8   0x08004fe8   0x00000038   Code   RO         3573    i.Show_Led_UI       menu.o
    0x08005020   0x08005020   0x00000090   Code   RO         3574    i.Show_MPU6050_UI   menu.o
    0x080050b0   0x080050b0   0x0000001c   Code   RO         4300    i.Show_Score        dino.o
    0x080050cc   0x080050cc   0x0000006c   Code   RO         4067    i.Show_SetTime_FirstUI  settime.o
    0x08005138   0x08005138   0x00000058   Code   RO         4068    i.Show_SetTime_SecondUI  settime.o
    0x08005190   0x08005190   0x00000034   Code   RO         3575    i.Show_SettingPage_UI  menu.o
    0x080051c4   0x080051c4   0x00000090   Code   RO         3576    i.Show_Stop_WatchUI  menu.o
    0x08005254   0x08005254   0x00000158   Code   RO         3577    i.Stop_Watch        menu.o
    0x080053ac   0x080053ac   0x00000010   Code   RO         4780    i.SysTick_Handler   main.o
    0x080053bc   0x080053bc   0x00000060   Code   RO           27    i.SystemInit        system_stm32f10x.o
    0x0800541c   0x0800541c   0x00000034   Code   RO         4781    i.TIM2_IRQHandler   main.o
    0x08005450   0x08005450   0x00000006   Code   RO         2415    i.TIM_ClearFlag     stm32f10x_tim.o
    0x08005456   0x08005456   0x00000006   Code   RO         2416    i.TIM_ClearITPendingBit  stm32f10x_tim.o
    0x0800545c   0x0800545c   0x00000018   Code   RO         2421    i.TIM_Cmd           stm32f10x_tim.o
    0x08005474   0x08005474   0x00000022   Code   RO         2442    i.TIM_GetITStatus   stm32f10x_tim.o
    0x08005496   0x08005496   0x00000012   Code   RO         2446    i.TIM_ITConfig      stm32f10x_tim.o
    0x080054a8   0x080054a8   0x0000000c   Code   RO         2448    i.TIM_InternalClockConfig  stm32f10x_tim.o
    0x080054b4   0x080054b4   0x000000a4   Code   RO         2492    i.TIM_TimeBaseInit  stm32f10x_tim.o
    0x08005558   0x08005558   0x0000007c   Code   RO         3280    i.Timer_Init        timer.o
    0x080055d4   0x080055d4   0x00000008   Code   RO         4938    i.USART2_IRQHandler  stm32f10x_it.o
    0x080055dc   0x080055dc   0x00000018   Code   RO         2960    i.USART_Cmd         stm32f10x_usart.o
    0x080055f4   0x080055f4   0x00000012   Code   RO         2961    i.USART_DMACmd      stm32f10x_usart.o
    0x08005606   0x08005606   0x00000002   PAD
    0x08005608   0x08005608   0x0000009c   Code   RO         2962    i.USART_DeInit      stm32f10x_usart.o
    0x080056a4   0x080056a4   0x0000001a   Code   RO         2963    i.USART_GetFlagStatus  stm32f10x_usart.o
    0x080056be   0x080056be   0x00000054   Code   RO         2964    i.USART_GetITStatus  stm32f10x_usart.o
    0x08005712   0x08005712   0x0000004a   Code   RO         2966    i.USART_ITConfig    stm32f10x_usart.o
    0x0800575c   0x0800575c   0x000000d8   Code   RO         2967    i.USART_Init        stm32f10x_usart.o
    0x08005834   0x08005834   0x00000008   Code   RO         2977    i.USART_SendData    stm32f10x_usart.o
    0x0800583c   0x0800583c   0x00000004   Code   RO         4939    i.UsageFault_Handler  stm32f10x_it.o
    0x08005840   0x08005840   0x000000a8   Code   RO         4636    i.WIFI_AP_Mode      wifi.o
    0x080058e8   0x080058e8   0x000000fc   Code   RO         4637    i.WIFI_Init         wifi.o
    0x080059e4   0x080059e4   0x00000090   Code   RO         4638    i.WIFI_STA_Mode     wifi.o
    0x08005a74   0x08005a74   0x00000020   Code   RO         4639    i.WIFI_TCP_GetClientId  wifi.o
    0x08005a94   0x08005a94   0x00000044   Code   RO         4640    i.WIFI_TCP_Poll     wifi.o
    0x08005ad8   0x08005ad8   0x00000070   Code   RO         4642    i.WIFI_TCP_SendData  wifi.o
    0x08005b48   0x08005b48   0x000000bc   Code   RO         4643    i.WIFI_TCP_ServerStart  wifi.o
    0x08005c04   0x08005c04   0x0000014c   Code   RO         4644    i.WIFI_TCP_UpdateClientState  wifi.o
    0x08005d50   0x08005d50   0x0000006c   Code   RO         3578    i.Watch_Start       menu.o
    0x08005dbc   0x08005dbc   0x0000000e   Code   RO         4842    i.Wifi_Abs32        freertos_port.o
    0x08005dca   0x08005dca   0x00000002   PAD
    0x08005dcc   0x08005dcc   0x00000164   Code   RO         4843    i.Wifi_BuildSensorJson  freertos_port.o
    0x08005f30   0x08005f30   0x00000048   Code   RO         4844    i.Wifi_FloatToX100  freertos_port.o
    0x08005f78   0x08005f78   0x0000006c   Code   RO         4845    i.Wifi_SendSensorData  freertos_port.o
    0x08005fe4   0x08005fe4   0x00000020   Code   RO         6340    i.__0printf         mc_w.l(printfa.o)
    0x08006004   0x08006004   0x00000034   Code   RO         6341    i.__0snprintf       mc_w.l(printfa.o)
    0x08006038   0x08006038   0x00000028   Code   RO         6342    i.__0sprintf        mc_w.l(printfa.o)
    0x08006060   0x08006060   0x00000024   Code   RO         6346    i.__0vsprintf       mc_w.l(printfa.o)
    0x08006084   0x08006084   0x00000028   Code   RO         6524    i.__ARM_fpclassify  m_ws.l(fpclassify.o)
    0x080060ac   0x080060ac   0x00000026   Code   RO         6439    i.__ARM_fpclassifyf  m_ws.l(fpclassifyf.o)
    0x080060d2   0x080060d2   0x00000002   PAD
    0x080060d4   0x080060d4   0x00000388   Code   RO         6456    i.__ieee754_rem_pio2  m_ws.l(rred.o)
    0x0800645c   0x0800645c   0x000000fc   Code   RO         6422    i.__kernel_cos      m_ws.l(cos_i.o)
    0x08006558   0x08006558   0x000000aa   Code   RO         6526    i.__kernel_poly     m_ws.l(poly.o)
    0x08006602   0x08006602   0x00000002   PAD
    0x08006604   0x08006604   0x000000ec   Code   RO         6461    i.__kernel_sin      m_ws.l(sin_i.o)
    0x080066f0   0x080066f0   0x00000006   Code   RO         6426    i.__mathlib_dbl_infnan  m_ws.l(dunder.o)
    0x080066f6   0x080066f6   0x0000000c   Code   RO         6428    i.__mathlib_dbl_invalid  m_ws.l(dunder.o)
    0x08006702   0x08006702   0x00000002   PAD
    0x08006704   0x08006704   0x00000010   Code   RO         6431    i.__mathlib_dbl_underflow  m_ws.l(dunder.o)
    0x08006714   0x08006714   0x00000004   Code   RO         6443    i.__mathlib_flt_infnan2  m_ws.l(funder.o)
    0x08006718   0x08006718   0x0000000a   Code   RO         6447    i.__mathlib_flt_underflow  m_ws.l(funder.o)
    0x08006722   0x08006722   0x0000000e   Code   RO         6543    i.__scatterload_copy  mc_w.l(handlers.o)
    0x08006730   0x08006730   0x00000002   Code   RO         6544    i.__scatterload_null  mc_w.l(handlers.o)
    0x08006732   0x08006732   0x0000000e   Code   RO         6545    i.__scatterload_zeroinit  mc_w.l(handlers.o)
    0x08006740   0x08006740   0x0000000c   Code   RO         6502    i.__set_errno       mc_w.l(errno.o)
    0x0800674c   0x0800674c   0x00000184   Code   RO         6347    i._fp_digits        mc_w.l(printfa.o)
    0x080068d0   0x080068d0   0x000006b4   Code   RO         6348    i._printf_core      mc_w.l(printfa.o)
    0x08006f84   0x08006f84   0x00000024   Code   RO         6349    i._printf_post_padding  mc_w.l(printfa.o)
    0x08006fa8   0x08006fa8   0x0000002e   Code   RO         6350    i._printf_pre_padding  mc_w.l(printfa.o)
    0x08006fd6   0x08006fd6   0x00000016   Code   RO         6351    i._snputc           mc_w.l(printfa.o)
    0x08006fec   0x08006fec   0x0000000a   Code   RO         6352    i._sputc            mc_w.l(printfa.o)
    0x08006ff6   0x08006ff6   0x00000002   PAD
    0x08006ff8   0x08006ff8   0x000002a4   Code   RO         6055    i.atan2f            m_ws.l(atan2f.o)
    0x0800729c   0x0800729c   0x00000010   Code   RO         4716    i.fputc             usart.o
    0x080072ac   0x080072ac   0x00000074   Code   RO         4301    i.isColling         dino.o
    0x08007320   0x08007320   0x00000034   Code   RO         4782    i.main              main.o
    0x08007354   0x08007354   0x0000007c   Code   RO         5490    i.prvAddCurrentTaskToDelayedList  tasks.o
    0x080073d0   0x080073d0   0x000000b0   Code   RO         5491    i.prvAddNewTaskToReadyList  tasks.o
    0x08007480   0x08007480   0x00000064   Code   RO         5836    i.prvCheckForValidListAndQueue  timers.o
    0x080074e4   0x080074e4   0x00000048   Code   RO         5492    i.prvCheckTasksWaitingTermination  tasks.o
    0x0800752c   0x0800752c   0x0000002a   Code   RO         5171    i.prvCopyDataFromQueue  queue.o
    0x08007556   0x08007556   0x0000007e   Code   RO         5172    i.prvCopyDataToQueue  queue.o
    0x080075d4   0x080075d4   0x00000012   Code   RO         5493    i.prvDeleteTCB      tasks.o
    0x080075e6   0x080075e6   0x00000014   Code   RO         5173    i.prvGetDisinheritPriorityAfterTimeout  queue.o
    0x080075fa   0x080075fa   0x00000002   PAD
    0x080075fc   0x080075fc   0x00000028   Code   RO         5837    i.prvGetNextExpireTime  timers.o
    0x08007624   0x08007624   0x0000007c   Code   RO         4987    i.prvHeapInit       heap_4.o
    0x080076a0   0x080076a0   0x00000028   Code   RO         5494    i.prvIdleTask       tasks.o
    0x080076c8   0x080076c8   0x0000001e   Code   RO         5174    i.prvInitialiseMutex  queue.o
    0x080076e6   0x080076e6   0x00000026   Code   RO         5175    i.prvInitialiseNewQueue  queue.o
    0x0800770c   0x0800770c   0x000000d8   Code   RO         5495    i.prvInitialiseNewTask  tasks.o
    0x080077e4   0x080077e4   0x00000068   Code   RO         5496    i.prvInitialiseTaskLists  tasks.o
    0x0800784c   0x0800784c   0x00000068   Code   RO         4988    i.prvInsertBlockIntoFreeList  heap_4.o
    0x080078b4   0x080078b4   0x00000058   Code   RO         5839    i.prvInsertTimerInActiveList  timers.o
    0x0800790c   0x0800790c   0x0000001a   Code   RO         5176    i.prvIsQueueEmpty   queue.o
    0x08007926   0x08007926   0x0000001e   Code   RO         5177    i.prvIsQueueFull    queue.o
    0x08007944   0x08007944   0x00000084   Code   RO         5840    i.prvProcessExpiredTimer  timers.o
    0x080079c8   0x080079c8   0x0000013c   Code   RO         5841    i.prvProcessReceivedCommands  timers.o
    0x08007b04   0x08007b04   0x00000074   Code   RO         5842    i.prvProcessTimerOrBlockTask  timers.o
    0x08007b78   0x08007b78   0x00000030   Code   RO         5497    i.prvResetNextTaskUnblockTime  tasks.o
    0x08007ba8   0x08007ba8   0x0000002c   Code   RO         5843    i.prvSampleTimeNow  timers.o
    0x08007bd4   0x08007bd4   0x000000b4   Code   RO         5844    i.prvSwitchTimerLists  timers.o
    0x08007c88   0x08007c88   0x00000058   Code   RO         5970    i.prvTaskExitError  port.o
    0x08007ce0   0x08007ce0   0x0000001a   Code   RO         5845    i.prvTimerTask      timers.o
    0x08007cfa   0x08007cfa   0x0000007e   Code   RO         5178    i.prvUnlockQueue    queue.o
    0x08007d78   0x08007d78   0x00000168   Code   RO         4989    i.pvPortMalloc      heap_4.o
    0x08007ee0   0x08007ee0   0x00000020   Code   RO         5500    i.pvTaskIncrementMutexHeldCount  tasks.o
    0x08007f00   0x08007f00   0x00000024   Code   RO         5971    i.pxPortInitialiseStack  port.o
    0x08007f24   0x08007f24   0x000000a0   Code   RO         6065    i.sin               m_ws.l(sin.o)
    0x08007fc4   0x08007fc4   0x0000002c   Code   RO         6073    i.sqrtf             m_ws.l(sqrtf.o)
    0x08007ff0   0x08007ff0   0x00000028   Code   RO         5134    i.uxListRemove      list.o
    0x08008018   0x08008018   0x00000002   Code   RO         4783    i.vAssertCalled     main.o
    0x0800801a   0x0800801a   0x00000002   PAD
    0x0800801c   0x0800801c   0x000000bc   Code   RO         4846    i.vInitTasks        freertos_port.o
    0x080080d8   0x080080d8   0x0000004c   Code   RO         4847    i.vKeyTask          freertos_port.o
    0x08008124   0x08008124   0x0000001a   Code   RO         5135    i.vListInitialise   list.o
    0x0800813e   0x0800813e   0x00000006   Code   RO         5136    i.vListInitialiseItem  list.o
    0x08008144   0x08008144   0x00000034   Code   RO         5137    i.vListInsert       list.o
    0x08008178   0x08008178   0x00000018   Code   RO         5138    i.vListInsertEnd    list.o
    0x08008190   0x08008190   0x00000014   Code   RO         4848    i.vOLEDMutexCreate  freertos_port.o
    0x080081a4   0x080081a4   0x00000070   Code   RO         5973    i.vPortEnterCritical  port.o
    0x08008214   0x08008214   0x00000058   Code   RO         5974    i.vPortExitCritical  port.o
    0x0800826c   0x0800826c   0x000000b4   Code   RO         4990    i.vPortFree         heap_4.o
    0x08008320   0x08008320   0x00000018   Code   RO         5975    i.vPortSetupTimerInterrupt  port.o
    0x08008338   0x08008338   0x00000084   Code   RO         5976    i.vPortValidateInterruptPriority  port.o
    0x080083bc   0x080083bc   0x0000002c   Code   RO         5182    i.vQueueAddToRegistry  queue.o
    0x080083e8   0x080083e8   0x0000004a   Code   RO         5185    i.vQueueWaitForMessageRestricted  queue.o
    0x08008432   0x08008432   0x00000030   Code   RO         4849    i.vSensorTask       freertos_port.o
    0x08008462   0x08008462   0x00000002   PAD
    0x08008464   0x08008464   0x0000006c   Code   RO         5507    i.vTaskDelay        tasks.o
    0x080084d0   0x080084d0   0x00000018   Code   RO         5511    i.vTaskInternalSetTimeOutState  tasks.o
    0x080084e8   0x080084e8   0x0000000c   Code   RO         5512    i.vTaskMissedYield  tasks.o
    0x080084f4   0x080084f4   0x00000048   Code   RO         5513    i.vTaskPlaceOnEventList  tasks.o
    0x0800853c   0x0800853c   0x00000050   Code   RO         5514    i.vTaskPlaceOnEventListRestricted  tasks.o
    0x0800858c   0x0800858c   0x000000d4   Code   RO         5516    i.vTaskPriorityDisinheritAfterTimeout  tasks.o
    0x08008660   0x08008660   0x000000ac   Code   RO         5522    i.vTaskStartScheduler  tasks.o
    0x0800870c   0x0800870c   0x00000010   Code   RO         5524    i.vTaskSuspendAll   tasks.o
    0x0800871c   0x0800871c   0x000000a0   Code   RO         5525    i.vTaskSwitchContext  tasks.o
    0x080087bc   0x080087bc   0x0000001c   Code   RO         4850    i.vUITask           freertos_port.o
    0x080087d8   0x080087d8   0x00000054   Code   RO         4851    i.vWifiTask         freertos_port.o
    0x0800882c   0x0800882c   0x0000001c   Code   RO         4852    i.xOLEDGive         freertos_port.o
    0x08008848   0x08008848   0x00000020   Code   RO         4853    i.xOLEDTake         freertos_port.o
    0x08008868   0x08008868   0x000000e8   Code   RO         5977    i.xPortStartScheduler  port.o
    0x08008950   0x08008950   0x00000034   Code   RO         5978    i.xPortSysTickHandler  port.o
    0x08008984   0x08008984   0x00000022   Code   RO         5186    i.xQueueCreateMutex  queue.o
    0x080089a6   0x080089a6   0x00000002   PAD
    0x080089a8   0x080089a8   0x0000009c   Code   RO         5187    i.xQueueGenericCreate  queue.o
    0x08008a44   0x08008a44   0x000000a8   Code   RO         5188    i.xQueueGenericReset  queue.o
    0x08008aec   0x08008aec   0x00000194   Code   RO         5189    i.xQueueGenericSend  queue.o
    0x08008c80   0x08008c80   0x0000010c   Code   RO         5190    i.xQueueGenericSendFromISR  queue.o
    0x08008d8c   0x08008d8c   0x00000160   Code   RO         5196    i.xQueueReceive     queue.o
    0x08008eec   0x08008eec   0x000001a4   Code   RO         5198    i.xQueueSemaphoreTake  queue.o
    0x08009090   0x08009090   0x00000094   Code   RO         5527    i.xTaskCheckForTimeOut  tasks.o
    0x08009124   0x08009124   0x00000060   Code   RO         5528    i.xTaskCreate       tasks.o
    0x08009184   0x08009184   0x00000020   Code   RO         5535    i.xTaskGetSchedulerState  tasks.o
    0x080091a4   0x080091a4   0x0000000c   Code   RO         5536    i.xTaskGetTickCount  tasks.o
    0x080091b0   0x080091b0   0x0000013c   Code   RO         5538    i.xTaskIncrementTick  tasks.o
    0x080092ec   0x080092ec   0x000000a8   Code   RO         5539    i.xTaskPriorityDisinherit  tasks.o
    0x08009394   0x08009394   0x000000a4   Code   RO         5540    i.xTaskPriorityInherit  tasks.o
    0x08009438   0x08009438   0x000000a8   Code   RO         5541    i.xTaskRemoveFromEventList  tasks.o
    0x080094e0   0x080094e0   0x00000114   Code   RO         5542    i.xTaskResumeAll    tasks.o
    0x080095f4   0x080095f4   0x00000064   Code   RO         5851    i.xTimerCreateTimerTask  timers.o
    0x08009658   0x08009658   0x00000094   Code   RO         5852    i.xTimerGenericCommand  timers.o
    0x080096ec   0x080096ec   0x000021fa   Data   RO         3538    .constdata          oled_data.o
    0x0800b8e6   0x0800b8e6   0x0000000c   Data   RO         6091    .constdata          mc_w.l(mktime.o)
    0x0800b8f2   0x0800b8f2   0x00000006   PAD
    0x0800b8f8   0x0800b8f8   0x00000030   Data   RO         6423    .constdata          m_ws.l(cos_i.o)
    0x0800b928   0x0800b928   0x000000c8   Data   RO         6458    .constdata          m_ws.l(rred.o)
    0x0800b9f0   0x0800b9f0   0x00000028   Data   RO         6462    .constdata          m_ws.l(sin_i.o)
    0x0800ba18   0x0800ba18   0x0000000c   Data   RO         6498    .constdata          mc_w.l(localtime_i.o)
    0x0800ba24   0x0800ba24   0x00000040   Data   RO         6539    .constdata          mc_w.l(ctype_c.o)
    0x0800ba64   0x0800ba64   0x0000003a   Data   RO         3579    .conststring        menu.o
    0x0800ba9e   0x0800ba9e   0x00000002   PAD
    0x0800baa0   0x0800baa0   0x0000007f   Data   RO         4855    .conststring        freertos_port.o
    0x0800bb1f   0x0800bb1f   0x00000001   PAD
    0x0800bb20   0x0800bb20   0x00000020   Data   RO         6541    Region$$Table       anon$$obj.o


    Execution Region RW_IRAM1 (Exec base: 0x20000000, Load base: 0x0800bb40, Size: 0x00003ab0, Max: 0x00005000, ABSOLUTE, COMPRESSED[0x00000058])

    Exec Addr    Load Addr    Size         Type   Attr      Idx    E Section Name        Object

    0x20000000   COMPRESSED   0x00000014   Data   RW         1805    .data               stm32f10x_rcc.o
    0x20000014   COMPRESSED   0x00000018   Data   RW         3253    .data               myrtc.o
    0x2000002c   COMPRESSED   0x00000080   Data   RW         3580    .data               menu.o
    0x200000ac   COMPRESSED   0x00000008   Data   RW         3907    .data               key.o
    0x200000b4   COMPRESSED   0x00000004   Data   RW         4069    .data               settime.o
    0x200000b8   COMPRESSED   0x00000018   Data   RW         4302    .data               dino.o
    0x200000d0   COMPRESSED   0x00000005   Data   RW         4402    .data               aht20.o
    0x200000d5   COMPRESSED   0x00000001   PAD
    0x200000d6   COMPRESSED   0x00000004   Data   RW         4472    .data               esp32.o
    0x200000da   COMPRESSED   0x00000002   Data   RW         4647    .data               wifi.o
    0x200000dc   COMPRESSED   0x00000018   Data   RW         4856    .data               freertos_port.o
    0x200000f4   COMPRESSED   0x00000020   Data   RW         4996    .data               heap_4.o
    0x20000114   COMPRESSED   0x00000040   Data   RW         5545    .data               tasks.o
    0x20000154   COMPRESSED   0x00000014   Data   RW         5858    .data               timers.o
    0x20000168   COMPRESSED   0x0000000c   Data   RW         5979    .data               port.o
    0x20000174   COMPRESSED   0x00000004   Data   RW         6084    .data               mc_w.l(rand.o)
    0x20000178   COMPRESSED   0x00000004   Data   RW         6483    .data               mc_w.l(stdout.o)
    0x2000017c   COMPRESSED   0x00000004   Data   RW         6503    .data               mc_w.l(errno.o)
    0x20000180        -       0x00000400   Zero   RW         3328    .bss                oled.o
    0x20000580        -       0x00000700   Zero   RW         4471    .bss                esp32.o
    0x20000c80        -       0x000000c0   Zero   RW         4854    .bss                freertos_port.o
    0x20000d40        -       0x00002800   Zero   RW         4995    .bss                heap_4.o
    0x20003540        -       0x00000050   Zero   RW         5199    .bss                queue.o
    0x20003590        -       0x000000c8   Zero   RW         5544    .bss                tasks.o
    0x20003658        -       0x00000028   Zero   RW         5857    .bss                timers.o
    0x20003680        -       0x0000002c   Zero   RW         6495    .bss                mc_w.l(localtime_w.o)
    0x200036ac   COMPRESSED   0x00000004   PAD
    0x200036b0        -       0x00000400   Zero   RW            1    STACK               startup_stm32f10x_md.o


==============================================================================

Image component sizes


      Code (inc. data)   RO Data    RW Data    ZI Data      Debug   Object Name

       184         14          0          0          0       1052   ad.o
       844         82          0          5          0       5801   aht20.o
         0          0          0          0          0       4508   core_cm3.o
       118          0          0          0          0      15008   delay.o
      1044        174          0         24          0       8275   dino.o
      1112        188          0          4       1792     250853   esp32.o
         0          0          0          0          0      10924   event_groups.o
      1054        206        127         24        192       6831   freertos_port.o
       768        152          0         32      10240       3971   heap_4.o
       336         56          0          8          0      11412   key.o
       116         18          0          0          0       1332   led.o
       148          0          0          0          0       3226   list.o
       122         22          0          0          0       1859   main.o
      4878        602         58        128          0      33395   menu.o
       132         22          0          0          0     213819   misc.o
       336          0          0          0          0       2806   mpu6050.o
       338         18          0          0          0       4938   myi2c.o
       262         10          0         24          0       3067   myrtc.o
      2924         68          0          0       1024      15780   oled.o
         0          0       8698          0          0       1614   oled_data.o
       914        266          0         12          0       9773   port.o
      2358        196          0          0         80      17524   queue.o
      1230         92          0          4          0      11777   settime.o
        36          8        236          0       1024        816   startup_stm32f10x_md.o
       376         10          0          0          0      17825   stm32f10x_adc.o
        56         10          0          0          0       2115   stm32f10x_bkp.o
       456         18          0          0          0      14660   stm32f10x_dma.o
       314          0          0          0          0      12396   stm32f10x_gpio.o
       540         20          0          0          0      16384   stm32f10x_i2c.o
        28          0          0          0          0       3057   stm32f10x_it.o
        12          6          0          0          0        486   stm32f10x_pwr.o
       536         76          0         20          0      17282   stm32f10x_rcc.o
       176         34          0          0          0       3339   stm32f10x_rtc.o
       264         42          0          0          0      24704   stm32f10x_tim.o
       606         28          0          0          0      12591   stm32f10x_usart.o
       328         28          0          0          0      53229   system_stm32f10x.o
      3066        720          0         64        200      32145   tasks.o
       124          0          0          0          0        557   timer.o
      1290        256          0         20         40      11187   timers.o
       184         12          0          0          0       2864   usart.o
      1296        656          0          2          0       5694   wifi.o

    ----------------------------------------------------------------------
     28946       4110       9154        372      14592     870876   Object Totals
         0          0         32          0          0          0   (incl. Generated)
        40          0          3          1          0          0   (incl. Padding)

    ----------------------------------------------------------------------

      Code (inc. data)   RO Data    RW Data    ZI Data      Debug   Library Member Name

       676         78          0          0          0        116   atan2f.o
       252         22         48          0          0        124   cos_i.o
        34          6          0          0          0        204   dunder.o
        40          0          0          0          0         68   fpclassify.o
        38          0          0          0          0         68   fpclassifyf.o
        14          0          0          0          0        136   funder.o
       170          0          0          0          0         96   poly.o
       904         76        200          0          0        140   rred.o
       160         10          0          0          0        108   sin.o
       236         12         40          0          0        128   sin_i.o
        44          0          0          0          0         80   sqrtf.o
        56          8          0          0          0         84   __0sscanf.o
        86          0          0          0          0          0   __dczerorl2.o
        28          0          0          0          0         68   _chval.o
       816          6          0          0          0        112   _scanf.o
       332          0          0          0          0         96   _scanf_int.o
        64          0          0          0          0         84   _sgetc.o
        40          6         64          0          0         68   ctype_c.o
         0          0          0          0          0          0   entry.o
         0          0          0          0          0          0   entry10a.o
         0          0          0          0          0          0   entry11a.o
         4          0          0          0          0          0   entry12b.o
         8          4          0          0          0          0   entry2.o
         4          0          0          0          0          0   entry5.o
         0          0          0          0          0          0   entry7b.o
         0          0          0          0          0          0   entry8b.o
         8          4          0          0          0          0   entry9a.o
        12          6          0          4          0         68   errno.o
        30          0          0          0          0          0   handlers.o
        36          8          0          0          0         68   init.o
        10          0          0          0          0         68   isspace_c.o
         0          0          0          0          0          0   iusefp.o
        30          0          0          0          0         68   llshl.o
        36          0          0          0          0         68   llsshr.o
        32          0          0          0          0         68   llushr.o
       140          6         12          0          0         76   localtime_i.o
        12          6          0          0         44         68   localtime_w.o
        36          0          0          0          0         68   memcpya.o
        36          0          0          0          0        108   memseta.o
       168         18         12          0          0         80   mktime.o
      2378        106          0          0          0        852   printfa.o
        36         10          0          4          0        136   rand.o
        40          8          0          0          0         84   scanf_char.o
         0          0          0          4          0          0   stdout.o
        28          0          0          0          0         76   strcmp.o
        14          0          0          0          0         68   strlen.o
        36          0          0          0          0         80   strstr.o
        44          0          0          0          0         80   uidiv.o
        98          0          0          0          0         92   uldiv.o
        48          0          0          0          0         68   cdcmple.o
        48          0          0          0          0         68   cdrcmple.o
        20          0          0          0          0         68   cfcmple.o
        20          0          0          0          0         68   cfrcmple.o
        56          0          0          0          0         88   d2f.o
       334          0          0          0          0        148   dadd.o
       222          0          0          0          0        100   ddiv.o
       186          0          0          0          0        176   depilogue.o
        62          0          0          0          0         80   dfixi.o
        50          0          0          0          0         76   dfixui.o
        48          0          0          0          0         68   dfixul.o
        34          0          0          0          0         76   dflti.o
        26          0          0          0          0         76   dfltui.o
       228          0          0          0          0         96   dmul.o
        46          0          0          0          0         80   dscalb.o
        38          0          0          0          0         68   f2d.o
       176          0          0          0          0        140   fadd.o
       124          0          0          0          0         88   fdiv.o
       110          0          0          0          0        168   fepilogue.o
        50          0          0          0          0         68   ffixi.o
        18          0          0          0          0         68   fflti.o
        10          0          0          0          0         68   ffltui.o
       100          0          0          0          0         76   fmul.o
        24          0          0          0          0         68   fscalb.o
        94          0          0          0          0         96   fsqrt.o

    ----------------------------------------------------------------------
      9454        400        382         12         48       6300   Library Totals
        16          0          6          0          4          0   (incl. Padding)

    ----------------------------------------------------------------------

      Code (inc. data)   RO Data    RW Data    ZI Data      Debug   Library Name

      2568        204        288          0          0       1268   m_ws.l
      4698        196         88         12         44       2788   mc_w.l
      2172          0          0          0          0       2244   mf_w.l

    ----------------------------------------------------------------------
      9454        400        382         12         48       6300   Library Totals

    ----------------------------------------------------------------------

==============================================================================


      Code (inc. data)   RO Data    RW Data    ZI Data      Debug   

     38400       4510       9536        384      14640     857804   Grand Totals
     38400       4510       9536         88      14640     857804   ELF Image Totals (compressed)
     38400       4510       9536         88          0          0   ROM Totals

==============================================================================

    Total RO  Size (Code + RO Data)                47936 (  46.81kB)
    Total RW  Size (RW Data + ZI Data)             15024 (  14.67kB)
    Total ROM Size (Code + RO Data + RW Data)      48024 (  46.90kB)

==============================================================================

