Component: ARM Compiler 5.06 update 7 (build 960) Tool: armlink [4d3601]

==============================================================================

Section Cross References

    startup_stm32f10x_md.o(RESET) refers to startup_stm32f10x_md.o(STACK) for __initial_sp
    startup_stm32f10x_md.o(RESET) refers to startup_stm32f10x_md.o(.text) for Reset_Handler
    startup_stm32f10x_md.o(RESET) refers to stm32f10x_it.o(i.NMI_Handler) for NMI_Handler
    startup_stm32f10x_md.o(RESET) refers to stm32f10x_it.o(i.HardFault_Handler) for HardFault_Handler
    startup_stm32f10x_md.o(RESET) refers to stm32f10x_it.o(i.MemManage_Handler) for MemManage_Handler
    startup_stm32f10x_md.o(RESET) refers to stm32f10x_it.o(i.BusFault_Handler) for BusFault_Handler
    startup_stm32f10x_md.o(RESET) refers to stm32f10x_it.o(i.UsageFault_Handler) for UsageFault_Handler
    startup_stm32f10x_md.o(RESET) refers to port.o(.emb_text) for SVC_Handler
    startup_stm32f10x_md.o(RESET) refers to stm32f10x_it.o(i.DebugMon_Handler) for DebugMon_Handler
    startup_stm32f10x_md.o(RESET) refers to main.o(i.SysTick_Handler) for SysTick_Handler
    startup_stm32f10x_md.o(RESET) refers to main.o(i.TIM2_IRQHandler) for TIM2_IRQHandler
    startup_stm32f10x_md.o(.text) refers to system_stm32f10x.o(i.SystemInit) for SystemInit
    startup_stm32f10x_md.o(.text) refers to entry.o(.ARM.Collect$$$$00000000) for __main
    system_stm32f10x.o(i.SetSysClock) refers to system_stm32f10x.o(i.SetSysClockTo72) for SetSysClockTo72
    system_stm32f10x.o(i.SystemCoreClockUpdate) refers to system_stm32f10x.o(.data) for SystemCoreClock
    system_stm32f10x.o(i.SystemInit) refers to system_stm32f10x.o(i.SetSysClock) for SetSysClock
    stm32f10x_adc.o(i.ADC_DeInit) refers to stm32f10x_rcc.o(i.RCC_APB2PeriphResetCmd) for RCC_APB2PeriphResetCmd
    stm32f10x_bkp.o(i.BKP_DeInit) refers to stm32f10x_rcc.o(i.RCC_BackupResetCmd) for RCC_BackupResetCmd
    stm32f10x_can.o(i.CAN_DeInit) refers to stm32f10x_rcc.o(i.RCC_APB1PeriphResetCmd) for RCC_APB1PeriphResetCmd
    stm32f10x_can.o(i.CAN_GetITStatus) refers to stm32f10x_can.o(i.CheckITStatus) for CheckITStatus
    stm32f10x_cec.o(i.CEC_DeInit) refers to stm32f10x_rcc.o(i.RCC_APB1PeriphResetCmd) for RCC_APB1PeriphResetCmd
    stm32f10x_dac.o(i.DAC_DeInit) refers to stm32f10x_rcc.o(i.RCC_APB1PeriphResetCmd) for RCC_APB1PeriphResetCmd
    stm32f10x_flash.o(i.FLASH_EnableWriteProtection) refers to stm32f10x_flash.o(i.FLASH_WaitForLastOperation) for FLASH_WaitForLastOperation
    stm32f10x_flash.o(i.FLASH_EraseAllBank1Pages) refers to stm32f10x_flash.o(i.FLASH_WaitForLastBank1Operation) for FLASH_WaitForLastBank1Operation
    stm32f10x_flash.o(i.FLASH_EraseAllPages) refers to stm32f10x_flash.o(i.FLASH_WaitForLastOperation) for FLASH_WaitForLastOperation
    stm32f10x_flash.o(i.FLASH_EraseOptionBytes) refers to stm32f10x_flash.o(i.FLASH_GetReadOutProtectionStatus) for FLASH_GetReadOutProtectionStatus
    stm32f10x_flash.o(i.FLASH_EraseOptionBytes) refers to stm32f10x_flash.o(i.FLASH_WaitForLastOperation) for FLASH_WaitForLastOperation
    stm32f10x_flash.o(i.FLASH_ErasePage) refers to stm32f10x_flash.o(i.FLASH_WaitForLastOperation) for FLASH_WaitForLastOperation
    stm32f10x_flash.o(i.FLASH_ProgramHalfWord) refers to stm32f10x_flash.o(i.FLASH_WaitForLastOperation) for FLASH_WaitForLastOperation
    stm32f10x_flash.o(i.FLASH_ProgramOptionByteData) refers to stm32f10x_flash.o(i.FLASH_WaitForLastOperation) for FLASH_WaitForLastOperation
    stm32f10x_flash.o(i.FLASH_ProgramWord) refers to stm32f10x_flash.o(i.FLASH_WaitForLastOperation) for FLASH_WaitForLastOperation
    stm32f10x_flash.o(i.FLASH_ReadOutProtection) refers to stm32f10x_flash.o(i.FLASH_WaitForLastOperation) for FLASH_WaitForLastOperation
    stm32f10x_flash.o(i.FLASH_UserOptionByteConfig) refers to stm32f10x_flash.o(i.FLASH_WaitForLastOperation) for FLASH_WaitForLastOperation
    stm32f10x_flash.o(i.FLASH_WaitForLastBank1Operation) refers to stm32f10x_flash.o(i.FLASH_GetBank1Status) for FLASH_GetBank1Status
    stm32f10x_flash.o(i.FLASH_WaitForLastOperation) refers to stm32f10x_flash.o(i.FLASH_GetBank1Status) for FLASH_GetBank1Status
    stm32f10x_gpio.o(i.GPIO_AFIODeInit) refers to stm32f10x_rcc.o(i.RCC_APB2PeriphResetCmd) for RCC_APB2PeriphResetCmd
    stm32f10x_gpio.o(i.GPIO_DeInit) refers to stm32f10x_rcc.o(i.RCC_APB2PeriphResetCmd) for RCC_APB2PeriphResetCmd
    stm32f10x_i2c.o(i.I2C_DeInit) refers to stm32f10x_rcc.o(i.RCC_APB1PeriphResetCmd) for RCC_APB1PeriphResetCmd
    stm32f10x_i2c.o(i.I2C_Init) refers to stm32f10x_rcc.o(i.RCC_GetClocksFreq) for RCC_GetClocksFreq
    stm32f10x_pwr.o(i.PWR_DeInit) refers to stm32f10x_rcc.o(i.RCC_APB1PeriphResetCmd) for RCC_APB1PeriphResetCmd
    stm32f10x_rcc.o(i.RCC_GetClocksFreq) refers to stm32f10x_rcc.o(.data) for APBAHBPrescTable
    stm32f10x_rcc.o(i.RCC_WaitForHSEStartUp) refers to stm32f10x_rcc.o(i.RCC_GetFlagStatus) for RCC_GetFlagStatus
[...]
    SVC_Handler                              0x08000105   Thumb Code    32  port.o(.emb_text)
    __asm___6_port_c_39a90d8d__prvStartFirstTask 0x08000129   Thumb Code    28  port.o(.emb_text)
    PendSV_Handler                           0x08000149   Thumb Code    72  port.o(.emb_text)
    vPortGetIPSR                             0x08000195   Thumb Code     6  port.o(.emb_text)
    Reset_Handler                            0x0800019d   Thumb Code     8  startup_stm32f10x_md.o(.text)
    ADC1_2_IRQHandler                        0x080001b7   Thumb Code     0  startup_stm32f10x_md.o(.text)
    CAN1_RX1_IRQHandler                      0x080001b7   Thumb Code     0  startup_stm32f10x_md.o(.text)
    CAN1_SCE_IRQHandler                      0x080001b7   Thumb Code     0  startup_stm32f10x_md.o(.text)
    DMA1_Channel1_IRQHandler                 0x080001b7   Thumb Code     0  startup_stm32f10x_md.o(.text)
    DMA1_Channel2_IRQHandler                 0x080001b7   Thumb Code     0  startup_stm32f10x_md.o(.text)
    DMA1_Channel3_IRQHandler                 0x080001b7   Thumb Code     0  startup_stm32f10x_md.o(.text)
    DMA1_Channel4_IRQHandler                 0x080001b7   Thumb Code     0  startup_stm32f10x_md.o(.text)
    DMA1_Channel5_IRQHandler                 0x080001b7   Thumb Code     0  startup_stm32f10x_md.o(.text)
    DMA1_Channel6_IRQHandler                 0x080001b7   Thumb Code     0  startup_stm32f10x_md.o(.text)
    DMA1_Channel7_IRQHandler                 0x080001b7   Thumb Code     0  startup_stm32f10x_md.o(.text)
    EXTI0_IRQHandler                         0x080001b7   Thumb Code     0  startup_stm32f10x_md.o(.text)
    EXTI15_10_IRQHandler                     0x080001b7   Thumb Code     0  startup_stm32f10x_md.o(.text)
    EXTI1_IRQHandler                         0x080001b7   Thumb Code     0  startup_stm32f10x_md.o(.text)
    EXTI2_IRQHandler                         0x080001b7   Thumb Code     0  startup_stm32f10x_md.o(.text)
    EXTI3_IRQHandler                         0x080001b7   Thumb Code     0  startup_stm32f10x_md.o(.text)
    EXTI4_IRQHandler                         0x080001b7   Thumb Code     0  startup_stm32f10x_md.o(.text)
    EXTI9_5_IRQHandler                       0x080001b7   Thumb Code     0  startup_stm32f10x_md.o(.text)
    FLASH_IRQHandler                         0x080001b7   Thumb Code     0  startup_stm32f10x_md.o(.text)
    I2C1_ER_IRQHandler                       0x080001b7   Thumb Code     0  startup_stm32f10x_md.o(.text)
    I2C1_EV_IRQHandler                       0x080001b7   Thumb Code     0  startup_stm32f10x_md.o(.text)
    I2C2_ER_IRQHandler                       0x080001b7   Thumb Code     0  startup_stm32f10x_md.o(.text)
    I2C2_EV_IRQHandler                       0x080001b7   Thumb Code     0  startup_stm32f10x_md.o(.text)
    PVD_IRQHandler                           0x080001b7   Thumb Code     0  startup_stm32f10x_md.o(.text)
    RCC_IRQHandler                           0x080001b7   Thumb Code     0  startup_stm32f10x_md.o(.text)
    RTCAlarm_IRQHandler                      0x080001b7   Thumb Code     0  startup_stm32f10x_md.o(.text)
    RTC_IRQHandler                           0x080001b7   Thumb Code     0  startup_stm32f10x_md.o(.text)
    SPI1_IRQHandler                          0x080001b7   Thumb Code     0  startup_stm32f10x_md.o(.text)
    SPI2_IRQHandler                          0x080001b7   Thumb Code     0  startup_stm32f10x_md.o(.text)
    TAMPER_IRQHandler                        0x080001b7   Thumb Code     0  startup_stm32f10x_md.o(.text)
    TIM1_BRK_IRQHandler                      0x080001b7   Thumb Code     0  startup_stm32f10x_md.o(.text)
    TIM1_CC_IRQHandler                       0x080001b7   Thumb Code     0  startup_stm32f10x_md.o(.text)
    TIM1_TRG_COM_IRQHandler                  0x080001b7   Thumb Code     0  startup_stm32f10x_md.o(.text)
    TIM1_UP_IRQHandler                       0x080001b7   Thumb Code     0  startup_stm32f10x_md.o(.text)
    TIM3_IRQHandler                          0x080001b7   Thumb Code     0  startup_stm32f10x_md.o(.text)
    TIM4_IRQHandler                          0x080001b7   Thumb Code     0  startup_stm32f10x_md.o(.text)
    USART1_IRQHandler                        0x080001b7   Thumb Code     0  startup_stm32f10x_md.o(.text)
    USART2_IRQHandler                        0x080001b7   Thumb Code     0  startup_stm32f10x_md.o(.text)
    USART3_IRQHandler                        0x080001b7   Thumb Code     0  startup_stm32f10x_md.o(.text)
    USBWakeUp_IRQHandler                     0x080001b7   Thumb Code     0  startup_stm32f10x_md.o(.text)
    USB_HP_CAN1_TX_IRQHandler                0x080001b7   Thumb Code     0  startup_stm32f10x_md.o(.text)
    USB_LP_CAN1_RX0_IRQHandler               0x080001b7   Thumb Code     0  startup_stm32f10x_md.o(.text)
    WWDG_IRQHandler                          0x080001b7   Thumb Code     0  startup_stm32f10x_md.o(.text)
    rand                                     0x080001c1   Thumb Code    20  rand.o(.text)
    srand                                    0x080001d5   Thumb Code     6  rand.o(.text)
    mktime                                   0x080001e5   Thumb Code   150  mktime.o(.text)
    __aeabi_memcpy                           0x0800028d   Thumb Code    36  memcpya.o(.text)
    __aeabi_memcpy4                          0x0800028d   Thumb Code     0  memcpya.o(.text)
    __aeabi_memcpy8                          0x0800028d   Thumb Code     0  memcpya.o(.text)
    __aeabi_memset                           0x080002b1   Thumb Code    14  memseta.o(.text)
    __aeabi_memset4                          0x080002b1   Thumb Code     0  memseta.o(.text)
    __aeabi_memset8                          0x080002b1   Thumb Code     0  memseta.o(.text)
    __aeabi_memclr                           0x080002bf   Thumb Code     4  memseta.o(.text)
    __aeabi_memclr4                          0x080002bf   Thumb Code     0  memseta.o(.text)
    __aeabi_memclr8                          0x080002bf   Thumb Code     0  memseta.o(.text)
    memset                                   0x080002c3   Thumb Code    18  memseta.o(.text)
    strcmp                                   0x080002d5   Thumb Code    28  strcmp.o(.text)
    __aeabi_fadd                             0x080002f1   Thumb Code   164  fadd.o(.text)
    __aeabi_fsub                             0x08000395   Thumb Code     6  fadd.o(.text)
    __aeabi_frsub                            0x0800039b   Thumb Code     6  fadd.o(.text)
    __aeabi_fmul                             0x080003a1   Thumb Code   100  fmul.o(.text)
    __aeabi_fdiv                             0x08000405   Thumb Code   124  fdiv.o(.text)
    __aeabi_dadd                             0x08000481   Thumb Code   322  dadd.o(.text)
    __aeabi_dsub                             0x080005c3   Thumb Code     6  dadd.o(.text)
    __aeabi_drsub                            0x080005c9   Thumb Code     6  dadd.o(.text)
    __aeabi_dmul                             0x080005cf   Thumb Code   228  dmul.o(.text)
    __aeabi_ddiv                             0x080006b3   Thumb Code   222  ddiv.o(.text)
    __aeabi_i2f                              0x08000791   Thumb Code    18  fflti.o(.text)
    __aeabi_ui2f                             0x080007a3   Thumb Code    10  ffltui.o(.text)
    __aeabi_i2d                              0x080007ad   Thumb Code    34  dflti.o(.text)
    __aeabi_ui2d                             0x080007cf   Thumb Code    26  dfltui.o(.text)
    __aeabi_f2iz                             0x080007e9   Thumb Code    50  ffixi.o(.text)
    __aeabi_d2iz                             0x0800081b   Thumb Code    62  dfixi.o(.text)
    __aeabi_d2uiz                            0x08000859   Thumb Code    50  dfixui.o(.text)
    __aeabi_f2d                              0x0800088b   Thumb Code    38  f2d.o(.text)
    __aeabi_cdcmpeq                          0x080008b1   Thumb Code     0  cdcmple.o(.text)
    __aeabi_cdcmple                          0x080008b1   Thumb Code    48  cdcmple.o(.text)
    __aeabi_cdrcmple                         0x080008e1   Thumb Code    48  cdrcmple.o(.text)
    __aeabi_d2f                              0x08000911   Thumb Code    56  d2f.o(.text)
    __aeabi_cfcmpeq                          0x08000949   Thumb Code     0  cfcmple.o(.text)
    __aeabi_cfcmple                          0x08000949   Thumb Code    20  cfcmple.o(.text)
    __aeabi_uidiv                            0x0800095d   Thumb Code     0  uidiv.o(.text)
    __aeabi_uidivmod                         0x0800095d   Thumb Code    44  uidiv.o(.text)
    __aeabi_uldivmod                         0x08000989   Thumb Code    98  uldiv.o(.text)
    __aeabi_llsl                             0x080009eb   Thumb Code    30  llshl.o(.text)
    _ll_shift_l                              0x080009eb   Thumb Code     0  llshl.o(.text)
    __aeabi_llsr                             0x08000a09   Thumb Code    32  llushr.o(.text)
    _ll_ushift_r                             0x08000a09   Thumb Code     0  llushr.o(.text)
    __aeabi_lasr                             0x08000a29   Thumb Code    36  llsshr.o(.text)
    _ll_sshift_r                             0x08000a29   Thumb Code     0  llsshr.o(.text)
    localtime                                0x08000a4d   Thumb Code     6  localtime_w.o(.text)
    _localtime                               0x08000a59   Thumb Code   134  localtime_i.o(.text)
    __I$use$fp                               0x08000ae5   Thumb Code     0  iusefp.o(.text)
    _float_round                             0x08000ae5   Thumb Code    18  fepilogue.o(.text)
    _float_epilogue                          0x08000af7   Thumb Code    92  fepilogue.o(.text)
    _fsqrt                                   0x08000b53   Thumb Code    94  fsqrt.o(.text)
    _double_round                            0x08000bb1   Thumb Code    30  depilogue.o(.text)
    _double_epilogue                         0x08000bcf   Thumb Code   156  depilogue.o(.text)
    __aeabi_d2ulz                            0x08000c6b   Thumb Code    48  dfixul.o(.text)
    __scatterload                            0x08000c9d   Thumb Code    28  init.o(.text)
    __scatterload_rt2                        0x08000c9d   Thumb Code     0  init.o(.text)
    __ARM_scalbnf                            0x08000cc1   Thumb Code    24  fscalb.o(.text)
    scalbnf                                  0x08000cc1   Thumb Code     0  fscalb.o(.text)
    __ARM_scalbn                             0x08000cd9   Thumb Code    46  dscalb.o(.text)
    scalbn                                   0x08000cd9   Thumb Code     0  dscalb.o(.text)
    __decompress                             0x08000d07   Thumb Code     0  __dczerorl2.o(.text)
    __decompress1                            0x08000d07   Thumb Code    86  __dczerorl2.o(.text)
    ADC_Cmd                                  0x08000d5d   Thumb Code    22  stm32f10x_adc.o(i.ADC_Cmd)
    ADC_GetCalibrationStatus                 0x08000d73   Thumb Code    20  stm32f10x_adc.o(i.ADC_GetCalibrationStatus)
    ADC_GetConversionValue                   0x08000d87   Thumb Code     8  stm32f10x_adc.o(i.ADC_GetConversionValue)
    ADC_GetResetCalibrationStatus            0x08000d8f   Thumb Code    20  stm32f10x_adc.o(i.ADC_GetResetCalibrationStatus)
    ADC_Init                                 0x08000da5   Thumb Code    70  stm32f10x_adc.o(i.ADC_Init)
    ADC_RegularChannelConfig                 0x08000df5   Thumb Code   184  stm32f10x_adc.o(i.ADC_RegularChannelConfig)
    ADC_ResetCalibration                     0x08000ead   Thumb Code    10  stm32f10x_adc.o(i.ADC_ResetCalibration)
    ADC_SoftwareStartConvCmd                 0x08000eb7   Thumb Code    22  stm32f10x_adc.o(i.ADC_SoftwareStartConvCmd)
    ADC_StartCalibration                     0x08000ecd   Thumb Code    10  stm32f10x_adc.o(i.ADC_StartCalibration)
    AD_GetValue                              0x08000ed9   Thumb Code    10  ad.o(i.AD_GetValue)
    AD_Init                                  0x08000ee9   Thumb Code   160  ad.o(i.AD_Init)
    AHT20_Init                               0x080010c5   Thumb Code   194  aht20.o(i.AHT20_Init)
    AHT20_Page                               0x08001199   Thumb Code    96  menu.o(i.AHT20_Page)
    AHT20_ReadInt                            0x080011fd   Thumb Code   144  aht20.o(i.AHT20_ReadInt)
    AHT20_Update                             0x080012a9   Thumb Code    48  aht20.o(i.AHT20_Update)
    BKP_ReadBackupRegister                   0x08001341   Thumb Code    24  stm32f10x_bkp.o(i.BKP_ReadBackupRegister)
    BKP_WriteBackupRegister                  0x0800135d   Thumb Code    22  stm32f10x_bkp.o(i.BKP_WriteBackupRegister)
    BusFault_Handler                         0x08001379   Thumb Code     4  stm32f10x_it.o(i.BusFault_Handler)
    Change_RTC_Time                          0x0800137d   Thumb Code    52  settime.o(i.Change_RTC_Time)
    DebugMon_Handler                         0x080013b5   Thumb Code     2  stm32f10x_it.o(i.DebugMon_Handler)
    Delay_ms                                 0x080013b7   Thumb Code    60  delay.o(i.Delay_ms)
    Delay_s                                  0x080013f3   Thumb Code    24  delay.o(i.Delay_s)
    Delay_us                                 0x0800140b   Thumb Code    34  delay.o(i.Delay_us)
    DinoGame_Animation                       0x0800142d   Thumb Code    98  dino.o(i.DinoGame_Animation)
    DinoGame_Pos_Init                        0x080014a1   Thumb Code    20  dino.o(i.DinoGame_Pos_Init)
    Dino_Tick                                0x080014c5   Thumb Code   190  dino.o(i.Dino_Tick)
    Emoji                                    0x08001723   Thumb Code    80  menu.o(i.Emoji)
    First_Page_Clock                         0x080017c5   Thumb Code   224  menu.o(i.First_Page_Clock)
    GPIO_Init                                0x080018b1   Thumb Code   278  stm32f10x_gpio.o(i.GPIO_Init)
    GPIO_ReadInputDataBit                    0x080019c7   Thumb Code    18  stm32f10x_gpio.o(i.GPIO_ReadInputDataBit)
    GPIO_ResetBits                           0x080019d9   Thumb Code     4  stm32f10x_gpio.o(i.GPIO_ResetBits)
    GPIO_SetBits                             0x080019dd   Thumb Code     4  stm32f10x_gpio.o(i.GPIO_SetBits)
    GPIO_WriteBit                            0x080019e1   Thumb Code    10  stm32f10x_gpio.o(i.GPIO_WriteBit)
    Game                                     0x080019ed   Thumb Code   242  menu.o(i.Game)
    Gradienter                               0x08001aed   Thumb Code    84  menu.o(i.Gradienter)
    HardFault_Handler                        0x08001b45   Thumb Code     4  stm32f10x_it.o(i.HardFault_Handler)
    I2C_AcknowledgeConfig                    0x08001b49   Thumb Code    24  stm32f10x_i2c.o(i.I2C_AcknowledgeConfig)
    I2C_CheckEvent                           0x08001b61   Thumb Code    42  stm32f10x_i2c.o(i.I2C_CheckEvent)
    I2C_Cmd                                  0x08001b8b   Thumb Code    24  stm32f10x_i2c.o(i.I2C_Cmd)
    I2C_DeInit                               0x08001ba5   Thumb Code    50  stm32f10x_i2c.o(i.I2C_DeInit)
    I2C_GenerateSTART                        0x08001bdd   Thumb Code    24  stm32f10x_i2c.o(i.I2C_GenerateSTART)
    I2C_GenerateSTOP                         0x08001bf5   Thumb Code    24  stm32f10x_i2c.o(i.I2C_GenerateSTOP)
    I2C_GetFlagStatus                        0x08001c0d   Thumb Code    58  stm32f10x_i2c.o(i.I2C_GetFlagStatus)
    I2C_Init                                 0x08001c49   Thumb Code   222  stm32f10x_i2c.o(i.I2C_Init)
    I2C_ReceiveData                          0x08001d35   Thumb Code     8  stm32f10x_i2c.o(i.I2C_ReceiveData)
    I2C_Send7bitAddress                      0x08001d3d   Thumb Code    18  stm32f10x_i2c.o(i.I2C_Send7bitAddress)
    I2C_SendData                             0x08001d4f   Thumb Code     4  stm32f10x_i2c.o(i.I2C_SendData)
    I2C_SoftwareResetCmd                     0x08001d53   Thumb Code    22  stm32f10x_i2c.o(i.I2C_SoftwareResetCmd)
    Key3_Tick                                0x08001d69   Thumb Code    72  key.o(i.Key3_Tick)
    Key_GetNum                               0x08001dc1   Thumb Code    16  key.o(i.Key_GetNum)
    Key_GetState                             0x08001dd5   Thumb Code    48  key.o(i.Key_GetState)
    Key_Init                                 0x08001e0d   Thumb Code    60  key.o(i.Key_Init)
    Key_Tick                                 0x08001e51   Thumb Code    84  key.o(i.Key_Tick)
    LED1_OFF                                 0x08001eb9   Thumb Code    14  led.o(i.LED1_OFF)
    LED1_ON                                  0x08001ecd   Thumb Code    14  led.o(i.LED1_ON)
    LED_Init                                 0x08001ee1   Thumb Code    70  led.o(i.LED_Init)
    Led                                      0x08001f2d   Thumb Code   268  menu.o(i.Led)
    MPU6050_Calculation                      0x08002045   Thumb Code   486  menu.o(i.MPU6050_Calculation)
    MPU6050_GetData                          0x0800227d   Thumb Code   172  mpu6050.o(i.MPU6050_GetData)
    MPU6050_Init                             0x08002329   Thumb Code    56  mpu6050.o(i.MPU6050_Init)
    MPU6050_ReadReg                          0x08002361   Thumb Code    62  mpu6050.o(i.MPU6050_ReadReg)
    MPU6050_WriteReg                         0x0800239f   Thumb Code    46  mpu6050.o(i.MPU6050_WriteReg)
    MPU_6050                                 0x080023cd   Thumb Code    92  menu.o(i.MPU_6050)
    MemManage_Handler                        0x0800242d   Thumb Code     4  stm32f10x_it.o(i.MemManage_Handler)
    Menu                                     0x08002431   Thumb Code   350  menu.o(i.Menu)
    MenuToFunction                           0x0800259d   Thumb Code    96  menu.o(i.MenuToFunction)
    Menu_Animation                           0x08002605   Thumb Code   280  menu.o(i.Menu_Animation)
    MyI2C_Init                               0x08002761   Thumb Code    50  myi2c.o(i.MyI2C_Init)
    MyI2C_R_SDA                              0x08002799   Thumb Code    24  myi2c.o(i.MyI2C_R_SDA)
    MyI2C_ReceiveAck                         0x080027b5   Thumb Code    30  myi2c.o(i.MyI2C_ReceiveAck)
    MyI2C_ReceiveByte                        0x080027d3   Thumb Code    52  myi2c.o(i.MyI2C_ReceiveByte)
    MyI2C_SendAck                            0x08002807   Thumb Code    24  myi2c.o(i.MyI2C_SendAck)
    MyI2C_SendByte                           0x0800281f   Thumb Code    42  myi2c.o(i.MyI2C_SendByte)
    MyI2C_Start                              0x08002849   Thumb Code    28  myi2c.o(i.MyI2C_Start)
    MyI2C_Stop                               0x08002865   Thumb Code    22  myi2c.o(i.MyI2C_Stop)
    MyI2C_W_SCL                              0x0800287d   Thumb Code    24  myi2c.o(i.MyI2C_W_SCL)
    MyI2C_W_SDA                              0x08002899   Thumb Code    24  myi2c.o(i.MyI2C_W_SDA)
    MyRTC_Init                               0x080028b5   Thumb Code   114  myrtc.o(i.MyRTC_Init)
    MyRTC_ReadTime                           0x08002929   Thumb Code    68  myrtc.o(i.MyRTC_ReadTime)
    MyRTC_SetTime                            0x08002971   Thumb Code    70  myrtc.o(i.MyRTC_SetTime)
    NMI_Handler                              0x080029bd   Thumb Code     2  stm32f10x_it.o(i.NMI_Handler)
    NVIC_Init                                0x080029c1   Thumb Code   100  misc.o(i.NVIC_Init)
    NVIC_PriorityGroupConfig                 0x08002a31   Thumb Code    10  misc.o(i.NVIC_PriorityGroupConfig)
    OLED_Clear                               0x08002afd   Thumb Code    36  oled.o(i.OLED_Clear)
    OLED_ClearArea                           0x08002b25   Thumb Code   140  oled.o(i.OLED_ClearArea)
    OLED_DrawCircle                          0x08002bb5   Thumb Code   352  oled.o(i.OLED_DrawCircle)
    OLED_DrawEllipse                         0x08002d15   Thumb Code   806  oled.o(i.OLED_DrawEllipse)
    OLED_DrawPoint                           0x08003041   Thumb Code    76  oled.o(i.OLED_DrawPoint)
    OLED_GPIO_Init                           0x08003091   Thumb Code    92  oled.o(i.OLED_GPIO_Init)
    OLED_I2C_SendByte                        0x080030f1   Thumb Code    62  oled.o(i.OLED_I2C_SendByte)
    OLED_I2C_Start                           0x0800312f   Thumb Code    28  oled.o(i.OLED_I2C_Start)
    OLED_I2C_Stop                            0x0800314b   Thumb Code    22  oled.o(i.OLED_I2C_Stop)
    OLED_Init                                0x08003161   Thumb Code   154  oled.o(i.OLED_Init)
    OLED_Pow                                 0x080031fb   Thumb Code    20  oled.o(i.OLED_Pow)
    OLED_Printf                              0x0800320f   Thumb Code    50  oled.o(i.OLED_Printf)
    OLED_ReverseArea                         0x08003241   Thumb Code   140  oled.o(i.OLED_ReverseArea)
    OLED_SetCursor                           0x080032d1   Thumb Code    34  oled.o(i.OLED_SetCursor)
    OLED_ShowChar                            0x080032f5   Thumb Code   108  oled.o(i.OLED_ShowChar)
    OLED_ShowImage                           0x0800336d   Thumb Code   248  oled.o(i.OLED_ShowImage)
    OLED_ShowNum                             0x08003469   Thumb Code    76  oled.o(i.OLED_ShowNum)
    OLED_ShowString                          0x080034b5   Thumb Code   262  oled.o(i.OLED_ShowString)
    OLED_Update                              0x080035c5   Thumb Code    36  oled.o(i.OLED_Update)
    OLED_W_SCL                               0x080035ed   Thumb Code    18  oled.o(i.OLED_W_SCL)
    OLED_W_SDA                               0x08003605   Thumb Code    18  oled.o(i.OLED_W_SDA)
    OLED_WriteCommand                        0x0800361d   Thumb Code    32  oled.o(i.OLED_WriteCommand)
    OLED_WriteData                           0x0800363d   Thumb Code    46  oled.o(i.OLED_WriteData)
    PWR_BackupAccessCmd                      0x0800366d   Thumb Code     6  stm32f10x_pwr.o(i.PWR_BackupAccessCmd)
    Peripheral_Init                          0x08003679   Thumb Code    24  menu.o(i.Peripheral_Init)
    RCC_ADCCLKConfig                         0x08003691   Thumb Code    18  stm32f10x_rcc.o(i.RCC_ADCCLKConfig)
    RCC_APB1PeriphClockCmd                   0x080036a9   Thumb Code    26  stm32f10x_rcc.o(i.RCC_APB1PeriphClockCmd)
    RCC_APB1PeriphResetCmd                   0x080036c9   Thumb Code    26  stm32f10x_rcc.o(i.RCC_APB1PeriphResetCmd)
    RCC_APB2PeriphClockCmd                   0x080036e9   Thumb Code    26  stm32f10x_rcc.o(i.RCC_APB2PeriphClockCmd)
    RCC_GetClocksFreq                        0x08003709   Thumb Code   192  stm32f10x_rcc.o(i.RCC_GetClocksFreq)
    RCC_GetFlagStatus                        0x080037dd   Thumb Code    56  stm32f10x_rcc.o(i.RCC_GetFlagStatus)
    RCC_LSEConfig                            0x08003819   Thumb Code    46  stm32f10x_rcc.o(i.RCC_LSEConfig)
    RCC_RTCCLKCmd                            0x0800384d   Thumb Code     6  stm32f10x_rcc.o(i.RCC_RTCCLKCmd)
    RCC_RTCCLKConfig                         0x08003859   Thumb Code    12  stm32f10x_rcc.o(i.RCC_RTCCLKConfig)
    RTC_EnterConfigMode                      0x08003869   Thumb Code    14  stm32f10x_rtc.o(i.RTC_EnterConfigMode)
    RTC_ExitConfigMode                       0x0800387d   Thumb Code    16  stm32f10x_rtc.o(i.RTC_ExitConfigMode)
    RTC_GetCounter                           0x08003891   Thumb Code    16  stm32f10x_rtc.o(i.RTC_GetCounter)
    RTC_SetCounter                           0x080038a5   Thumb Code    24  stm32f10x_rtc.o(i.RTC_SetCounter)
    RTC_SetPrescaler                         0x080038c1   Thumb Code    26  stm32f10x_rtc.o(i.RTC_SetPrescaler)
    RTC_WaitForLastTask                      0x080038e1   Thumb Code    16  stm32f10x_rtc.o(i.RTC_WaitForLastTask)
    RTC_WaitForSynchro                       0x080038f5   Thumb Code    30  stm32f10x_rtc.o(i.RTC_WaitForSynchro)
    Serial_Init                              0x08003919   Thumb Code   128  usart.o(i.Serial_Init)
    Serial_SendByte                          0x080039a1   Thumb Code    28  usart.o(i.Serial_SendByte)
    SetDay                                   0x080039c1   Thumb Code    12  settime.o(i.SetDay)
    SetHour                                  0x080039cd   Thumb Code    12  settime.o(i.SetHour)
    SetMin                                   0x080039d9   Thumb Code    12  settime.o(i.SetMin)
    SetMonth                                 0x080039e5   Thumb Code    12  settime.o(i.SetMonth)
    SetSec                                   0x080039f1   Thumb Code    12  settime.o(i.SetSec)
    SetTime                                  0x08003ae5   Thumb Code   200  settime.o(i.SetTime)
    SetYear                                  0x08003c3d   Thumb Code    12  settime.o(i.SetYear)
    Set_Selection                            0x08003c49   Thumb Code    26  menu.o(i.Set_Selection)
    SettingPage                              0x08003c6d   Thumb Code   212  menu.o(i.SettingPage)
    Show_AHT20_UI                            0x08003d49   Thumb Code   180  menu.o(i.Show_AHT20_UI)
    Show_Barrier                             0x08003e5d   Thumb Code    94  dino.o(i.Show_Barrier)
    Show_Battery                             0x08003ecd   Thumb Code   310  menu.o(i.Show_Battery)
    Show_Clock_UI                            0x0800401d   Thumb Code    96  menu.o(i.Show_Clock_UI)
    Show_Cloud                               0x080040ad   Thumb Code    26  dino.o(i.Show_Cloud)
    Show_Dino                                0x080040d1   Thumb Code   206  dino.o(i.Show_Dino)
    Show_Game_UI                             0x080042d5   Thumb Code    32  menu.o(i.Show_Game_UI)
    Show_Gradienter_UI                       0x08004305   Thumb Code    68  menu.o(i.Show_Gradienter_UI)
    Show_Ground                              0x08004351   Thumb Code   110  dino.o(i.Show_Ground)
    Show_Led_UI                              0x080043cd   Thumb Code    44  menu.o(i.Show_Led_UI)
    Show_MPU6050_UI                          0x08004405   Thumb Code    92  menu.o(i.Show_MPU6050_UI)
    Show_Score                               0x08004495   Thumb Code    22  dino.o(i.Show_Score)
    Show_SetTime_FirstUI                     0x080044b1   Thumb Code    74  settime.o(i.Show_SetTime_FirstUI)
    Show_SetTime_SecondUI                    0x0800451d   Thumb Code    58  settime.o(i.Show_SetTime_SecondUI)
    Show_SettingPage_UI                      0x08004575   Thumb Code    32  menu.o(i.Show_SettingPage_UI)
    Show_Stop_WatchUI                        0x080045a9   Thumb Code    86  menu.o(i.Show_Stop_WatchUI)
    Stop_Watch                               0x08004639   Thumb Code   316  menu.o(i.Stop_Watch)
    SysTick_Handler                          0x08004791   Thumb Code    16  main.o(i.SysTick_Handler)
    SystemInit                               0x080047a1   Thumb Code    78  system_stm32f10x.o(i.SystemInit)
    TIM2_IRQHandler                          0x08004801   Thumb Code    48  main.o(i.TIM2_IRQHandler)
    TIM_ClearFlag                            0x08004835   Thumb Code     6  stm32f10x_tim.o(i.TIM_ClearFlag)
    TIM_ClearITPendingBit                    0x0800483b   Thumb Code     6  stm32f10x_tim.o(i.TIM_ClearITPendingBit)
    TIM_Cmd                                  0x08004841   Thumb Code    24  stm32f10x_tim.o(i.TIM_Cmd)
    TIM_GetITStatus                          0x08004859   Thumb Code    34  stm32f10x_tim.o(i.TIM_GetITStatus)
    TIM_ITConfig                             0x0800487b   Thumb Code    18  stm32f10x_tim.o(i.TIM_ITConfig)
    TIM_InternalClockConfig                  0x0800488d   Thumb Code    12  stm32f10x_tim.o(i.TIM_InternalClockConfig)
    TIM_TimeBaseInit                         0x08004899   Thumb Code   122  stm32f10x_tim.o(i.TIM_TimeBaseInit)
    Timer_Init                               0x0800493d   Thumb Code   124  timer.o(i.Timer_Init)
    USART_Cmd                                0x080049b9   Thumb Code    24  stm32f10x_usart.o(i.USART_Cmd)
    USART_GetFlagStatus                      0x080049d1   Thumb Code    26  stm32f10x_usart.o(i.USART_GetFlagStatus)
    USART_Init                               0x080049ed   Thumb Code   210  stm32f10x_usart.o(i.USART_Init)
    USART_SendData                           0x08004ac5   Thumb Code     8  stm32f10x_usart.o(i.USART_SendData)
    UsageFault_Handler                       0x08004acd   Thumb Code     4  stm32f10x_it.o(i.UsageFault_Handler)
    Watch_Start                              0x08004ad1   Thumb Code    92  menu.o(i.Watch_Start)
    __0printf                                0x08004b3d   Thumb Code    22  printfa.o(i.__0printf)
    __1printf                                0x08004b3d   Thumb Code     0  printfa.o(i.__0printf)
    __2printf                                0x08004b3d   Thumb Code     0  printfa.o(i.__0printf)
    __c89printf                              0x08004b3d   Thumb Code     0  printfa.o(i.__0printf)
    printf                                   0x08004b3d   Thumb Code     0  printfa.o(i.__0printf)
    __0vsprintf                              0x08004b5d   Thumb Code    30  printfa.o(i.__0vsprintf)
    __1vsprintf                              0x08004b5d   Thumb Code     0  printfa.o(i.__0vsprintf)
    __2vsprintf                              0x08004b5d   Thumb Code     0  printfa.o(i.__0vsprintf)
    __c89vsprintf                            0x08004b5d   Thumb Code     0  printfa.o(i.__0vsprintf)
    vsprintf                                 0x08004b5d   Thumb Code     0  printfa.o(i.__0vsprintf)
    __ARM_fpclassify                         0x08004b81   Thumb Code    40  fpclassify.o(i.__ARM_fpclassify)
    __ARM_fpclassifyf                        0x08004ba9   Thumb Code    38  fpclassifyf.o(i.__ARM_fpclassifyf)
    __ieee754_rem_pio2                       0x08004bd1   Thumb Code   828  rred.o(i.__ieee754_rem_pio2)
    __kernel_cos                             0x08004f59   Thumb Code   230  cos_i.o(i.__kernel_cos)
    __kernel_poly                            0x08005055   Thumb Code   170  poly.o(i.__kernel_poly)
    __kernel_sin                             0x08005101   Thumb Code   224  sin_i.o(i.__kernel_sin)
    __mathlib_dbl_infnan                     0x080051ed   Thumb Code     6  dunder.o(i.__mathlib_dbl_infnan)
    __mathlib_dbl_invalid                    0x080051f3   Thumb Code    12  dunder.o(i.__mathlib_dbl_invalid)
    __mathlib_dbl_underflow                  0x08005201   Thumb Code    10  dunder.o(i.__mathlib_dbl_underflow)
    __mathlib_flt_infnan2                    0x08005211   Thumb Code     4  funder.o(i.__mathlib_flt_infnan2)
    __mathlib_flt_underflow                  0x08005215   Thumb Code    10  funder.o(i.__mathlib_flt_underflow)
    __scatterload_copy                       0x0800521f   Thumb Code    14  handlers.o(i.__scatterload_copy)
    __scatterload_null                       0x0800522d   Thumb Code     2  handlers.o(i.__scatterload_null)
    __scatterload_zeroinit                   0x0800522f   Thumb Code    14  handlers.o(i.__scatterload_zeroinit)
    __set_errno                              0x0800523d   Thumb Code     6  errno.o(i.__set_errno)
    atan2f                                   0x08005add   Thumb Code   598  atan2f.o(i.atan2f)
    fputc                                    0x08005d81   Thumb Code    16  usart.o(i.fputc)
    isColling                                0x08005d91   Thumb Code   104  dino.o(i.isColling)
    main                                     0x08005e05   Thumb Code    34  main.o(i.main)
    pvPortMalloc                             0x0800685d   Thumb Code   296  heap_4.o(i.pvPortMalloc)
    pvTaskIncrementMutexHeldCount            0x080069c5   Thumb Code    26  tasks.o(i.pvTaskIncrementMutexHeldCount)
    pxPortInitialiseStack                    0x080069e5   Thumb Code    30  port.o(i.pxPortInitialiseStack)
    sin                                      0x08006a09   Thumb Code   150  sin.o(i.sin)
    sqrtf                                    0x08006aa9   Thumb Code    44  sqrtf.o(i.sqrtf)
    uxListRemove                             0x08006ad5   Thumb Code    40  list.o(i.uxListRemove)
    vAssertCalled                            0x08006afd   Thumb Code     2  main.o(i.vAssertCalled)
    vInitTasks                               0x08006b01   Thumb Code   102  freertos_port.o(i.vInitTasks)
    vListInitialise                          0x08006be9   Thumb Code    26  list.o(i.vListInitialise)
    vListInitialiseItem                      0x08006c03   Thumb Code     6  list.o(i.vListInitialiseItem)
    vListInsert                              0x08006c09   Thumb Code    52  list.o(i.vListInsert)
    vListInsertEnd                           0x08006c3d   Thumb Code    24  list.o(i.vListInsertEnd)
    vOLEDMutexCreate                         0x08006c55   Thumb Code    14  freertos_port.o(i.vOLEDMutexCreate)
    vPortEnterCritical                       0x08006c69   Thumb Code    66  port.o(i.vPortEnterCritical)
    vPortExitCritical                        0x08006cd9   Thumb Code    46  port.o(i.vPortExitCritical)
    vPortFree                                0x08006d31   Thumb Code   126  heap_4.o(i.vPortFree)
    vPortSetupTimerInterrupt                 0x08006de5   Thumb Code    20  port.o(i.vPortSetupTimerInterrupt)
    vPortValidateInterruptPriority           0x08006dfd   Thumb Code    82  port.o(i.vPortValidateInterruptPriority)
    vQueueAddToRegistry                      0x08006e81   Thumb Code    38  queue.o(i.vQueueAddToRegistry)
    vQueueWaitForMessageRestricted           0x08006ead   Thumb Code    74  queue.o(i.vQueueWaitForMessageRestricted)
    vTaskDelay                               0x08006f29   Thumb Code    70  tasks.o(i.vTaskDelay)
    vTaskInternalSetTimeOutState             0x08006f95   Thumb Code    14  tasks.o(i.vTaskInternalSetTimeOutState)
    vTaskMissedYield                         0x08006fad   Thumb Code     8  tasks.o(i.vTaskMissedYield)
    vTaskPlaceOnEventList                    0x08006fb9   Thumb Code    40  tasks.o(i.vTaskPlaceOnEventList)
    vTaskPlaceOnEventListRestricted          0x08007001   Thumb Code    48  tasks.o(i.vTaskPlaceOnEventListRestricted)
    vTaskPriorityDisinheritAfterTimeout      0x08007051   Thumb Code   170  tasks.o(i.vTaskPriorityDisinheritAfterTimeout)
    vTaskStartScheduler                      0x08007125   Thumb Code   110  tasks.o(i.vTaskStartScheduler)
    vTaskSuspendAll                          0x080071d1   Thumb Code    12  tasks.o(i.vTaskSuspendAll)
    vTaskSwitchContext                       0x080071e1   Thumb Code   112  tasks.o(i.vTaskSwitchContext)
    xOLEDGive                                0x0800729d   Thumb Code    24  freertos_port.o(i.xOLEDGive)
    xOLEDTake                                0x080072b9   Thumb Code    26  freertos_port.o(i.xOLEDTake)
    xPortStartScheduler                      0x080072d9   Thumb Code   174  port.o(i.xPortStartScheduler)
    xPortSysTickHandler                      0x080073c1   Thumb Code    46  port.o(i.xPortSysTickHandler)
    xQueueCreateMutex                        0x080073f5   Thumb Code    34  queue.o(i.xQueueCreateMutex)
    xQueueGenericCreate                      0x08007419   Thumb Code   126  queue.o(i.xQueueGenericCreate)
    xQueueGenericReset                       0x080074b5   Thumb Code   134  queue.o(i.xQueueGenericReset)
    xQueueGenericSend                        0x0800755d   Thumb Code   372  queue.o(i.xQueueGenericSend)
    xQueueGenericSendFromISR                 0x080076f1   Thumb Code   240  queue.o(i.xQueueGenericSendFromISR)
    xQueueReceive                            0x080077fd   Thumb Code   320  queue.o(i.xQueueReceive)
    xQueueSemaphoreTake                      0x0800795d   Thumb Code   386  queue.o(i.xQueueSemaphoreTake)
    xTaskCheckForTimeOut                     0x08007b01   Thumb Code   112  tasks.o(i.xTaskCheckForTimeOut)
    xTaskCreate                              0x08007b95   Thumb Code    96  tasks.o(i.xTaskCreate)
    xTaskGetSchedulerState                   0x08007bf5   Thumb Code    24  tasks.o(i.xTaskGetSchedulerState)
    xTaskGetTickCount                        0x08007c15   Thumb Code     6  tasks.o(i.xTaskGetTickCount)
    xTaskIncrementTick                       0x08007c21   Thumb Code   242  tasks.o(i.xTaskIncrementTick)
    xTaskPriorityDisinherit                  0x08007d5d   Thumb Code   128  tasks.o(i.xTaskPriorityDisinherit)
    xTaskPriorityInherit                     0x08007e05   Thumb Code   150  tasks.o(i.xTaskPriorityInherit)
    xTaskRemoveFromEventList                 0x08007ea9   Thumb Code   114  tasks.o(i.xTaskRemoveFromEventList)
    xTaskResumeAll                           0x08007f51   Thumb Code   210  tasks.o(i.xTaskResumeAll)
    xTimerCreateTimerTask                    0x08008065   Thumb Code    52  timers.o(i.xTimerCreateTimerTask)
    xTimerGenericCommand                     0x080080c9   Thumb Code   114  timers.o(i.xTimerGenericCommand)
    OLED_F8x16                               0x0800815c   Data        1520  oled_data.o(.constdata)
    OLED_F6x8                                0x0800874c   Data         570  oled_data.o(.constdata)
    OLED_F12x24                              0x08008986   Data        3420  oled_data.o(.constdata)
    OLED_CF16x16                             0x080096e2   Data        1120  oled_data.o(.constdata)
    Diode                                    0x08009b42   Data          32  oled_data.o(.constdata)
    Return                                   0x08009b62   Data          32  oled_data.o(.constdata)
    Menu_Graph                               0x08009b82   Data        1024  oled_data.o(.constdata)
    Frame                                    0x08009f82   Data         264  oled_data.o(.constdata)
    Ground                                   0x0800a08a   Data         256  oled_data.o(.constdata)
    Barrier                                  0x0800a18a   Data         144  oled_data.o(.constdata)
    Cloud                                    0x0800a21a   Data          16  oled_data.o(.constdata)
    Dino                                     0x0800a22a   Data         144  oled_data.o(.constdata)
    Eyebrow                                  0x0800a2ba   Data          64  oled_data.o(.constdata)
    Mouth                                    0x0800a2fa   Data          60  oled_data.o(.constdata)
    Battery                                  0x0800a336   Data          32  oled_data.o(.constdata)
    Region$$Table$$Base                      0x0800a4d0   Number         0  anon$$obj.o(Region$$Table)
    Region$$Table$$Limit                     0x0800a4f0   Number         0  anon$$obj.o(Region$$Table)
    MyRTC_Time                               0x20000014   Data          24  myrtc.o(.data)
    KeyNum                                   0x2000002c   Data           1  menu.o(.data)
    ADValue                                  0x20000050   Data           2  menu.o(.data)
    VBAT                                     0x20000054   Data           4  menu.o(.data)
    Battery_Capacity                         0x20000058   Data           4  menu.o(.data)
    clkflag                                  0x2000005c   Data           4  menu.o(.data)
    setflag                                  0x20000060   Data           4  menu.o(.data)
    pre_selection                            0x20000064   Data           1  menu.o(.data)
    target_selection                         0x20000065   Data           1  menu.o(.data)
    x_pre                                    0x20000066   Data           1  menu.o(.data)
    Speed                                    0x20000067   Data           1  menu.o(.data)
    move_flag                                0x20000068   Data           1  menu.o(.data)
    stop_watch_flag                          0x20000069   Data           1  menu.o(.data)
    stop_watch_start                         0x2000006a   Data           1  menu.o(.data)
    hour                                     0x2000006b   Data           1  menu.o(.data)
    min                                      0x2000006c   Data           1  menu.o(.data)
    sec                                      0x2000006d   Data           1  menu.o(.data)
    timer                                    0x2000006e   Data           2  menu.o(.data)
    Led_flag                                 0x20000070   Data           1  menu.o(.data)
    menu_flag                                0x20000071   Data           1  menu.o(.data)
    ax                                       0x20000072   Data           2  menu.o(.data)
    ay                                       0x20000074   Data           2  menu.o(.data)
    az                                       0x20000076   Data           2  menu.o(.data)
    gx                                       0x20000078   Data           2  menu.o(.data)
    gy                                       0x2000007a   Data           2  menu.o(.data)
    gz                                       0x2000007c   Data           2  menu.o(.data)
    roll_a                                   0x20000080   Data           4  menu.o(.data)
    pitch_a                                  0x20000084   Data           4  menu.o(.data)
    roll_g                                   0x20000088   Data           4  menu.o(.data)
    pitch_g                                  0x2000008c   Data           4  menu.o(.data)
    yaw_g                                    0x20000090   Data           4  menu.o(.data)
    Roll                                     0x20000094   Data           4  menu.o(.data)
    Pitch                                    0x20000098   Data           4  menu.o(.data)
    Yaw                                      0x2000009c   Data           4  menu.o(.data)
    a                                        0x200000a0   Data           4  menu.o(.data)
    game_flag                                0x200000a4   Data           1  menu.o(.data)
    Key_Num                                  0x200000ac   Data           1  key.o(.data)
    set_time_flag                            0x200000b4   Data           4  settime.o(.data)
    Score                                    0x200000b8   Data           4  dino.o(.data)
    Ground_Pos                               0x200000bc   Data           2  dino.o(.data)
    barrier_flag                             0x200000be   Data           1  dino.o(.data)
    Barrier_Pos                              0x200000bf   Data           1  dino.o(.data)
    barrier                                  0x200000c0   Data           4  dino.o(.data)
    Cloud_Pos                                0x200000c4   Data           1  dino.o(.data)
    dino_jump_flag                           0x200000c5   Data           1  dino.o(.data)
    jump_t                                   0x200000c6   Data           2  dino.o(.data)
    Jump_Pos                                 0x200000c8   Data           1  dino.o(.data)
    dino                                     0x200000c9   Data           4  dino.o(.data)
    AHT20_TemperatureX10                     0x200000d0   Data           2  aht20.o(.data)
    AHT20_HumidityX10                        0x200000d2   Data           2  aht20.o(.data)
    AHT20_DataValid                          0x200000d4   Data           1  aht20.o(.data)
    xOLEDMutex                               0x200000d8   Data           4  freertos_port.o(.data)
    xKeyQueue                                0x200000dc   Data           4  freertos_port.o(.data)
    xMenuQueue                               0x200000e0   Data           4  freertos_port.o(.data)
    xKeyTaskHandle                           0x200000e4   Data           4  freertos_port.o(.data)
    xUITaskHandle                            0x200000e8   Data           4  freertos_port.o(.data)
    pxCurrentTCB                             0x2000010c   Data           4  tasks.o(.data)
    uxTopUsedPriority                        0x20000144   Data           4  tasks.o(.data)
    __stdout                                 0x20000170   Data           4  stdout.o(.data)
    OLED_DisplayBuf                          0x20000178   Data        1024  oled.o(.bss)
    xQueueRegistry                           0x20002d78   Data          80  queue.o(.bss)
    __initial_sp                             0x200032e8   Data           0  startup_stm32f10x_md.o(STACK)



==============================================================================

Memory Map of the image

  Image Entry point : 0x080000ed

  Load Region LR_IROM1 (Base: 0x08000000, Size: 0x0000a668, Max: 0x00010000, ABSOLUTE, COMPRESSED[0x0000a548])

    Execution Region ER_IROM1 (Exec base: 0x08000000, Load base: 0x08000000, Size: 0x0000a4f0, Max: 0x00010000, ABSOLUTE)

    Exec Addr    Load Addr    Size         Type   Attr      Idx    E Section Name        Object

    0x08000000   0x08000000   0x000000ec   Data   RO            3    RESET               startup_stm32f10x_md.o
    0x080000ec   0x080000ec   0x00000000   Code   RO         5643  * .ARM.Collect$$$$00000000  mc_w.l(entry.o)
    0x080000ec   0x080000ec   0x00000004   Code   RO         6018    .ARM.Collect$$$$00000001  mc_w.l(entry2.o)
    0x080000f0   0x080000f0   0x00000004   Code   RO         6021    .ARM.Collect$$$$00000004  mc_w.l(entry5.o)
    0x080000f4   0x080000f4   0x00000000   Code   RO         6023    .ARM.Collect$$$$00000008  mc_w.l(entry7b.o)
    0x080000f4   0x080000f4   0x00000000   Code   RO         6025    .ARM.Collect$$$$0000000A  mc_w.l(entry8b.o)
    0x080000f4   0x080000f4   0x00000008   Code   RO         6026    .ARM.Collect$$$$0000000B  mc_w.l(entry9a.o)
    0x080000fc   0x080000fc   0x00000004   Code   RO         6033    .ARM.Collect$$$$0000000E  mc_w.l(entry12b.o)
    0x08000100   0x08000100   0x00000000   Code   RO         6028    .ARM.Collect$$$$0000000F  mc_w.l(entry10a.o)
    0x08000100   0x08000100   0x00000000   Code   RO         6030    .ARM.Collect$$$$00000011  mc_w.l(entry11a.o)
    0x08000100   0x08000100   0x00000004   Code   RO         6019    .ARM.Collect$$$$00002712  mc_w.l(entry2.o)
    0x08000104   0x08000104   0x00000096   Code   RO         5532    .emb_text           port.o
    0x0800019a   0x0800019a   0x00000002   PAD
    0x0800019c   0x0800019c   0x00000024   Code   RO            4    .text               startup_stm32f10x_md.o
    0x080001c0   0x080001c0   0x00000024   Code   RO         5646    .text               mc_w.l(rand.o)
    0x080001e4   0x080001e4   0x000000a8   Code   RO         5653    .text               mc_w.l(mktime.o)
    0x0800028c   0x0800028c   0x00000024   Code   RO         5656    .text               mc_w.l(memcpya.o)
    0x080002b0   0x080002b0   0x00000024   Code   RO         5660    .text               mc_w.l(memseta.o)
    0x080002d4   0x080002d4   0x0000001c   Code   RO         5662    .text               mc_w.l(strcmp.o)
    0x080002f0   0x080002f0   0x000000b0   Code   RO         5927    .text               mf_w.l(fadd.o)
    0x080003a0   0x080003a0   0x00000064   Code   RO         5929    .text               mf_w.l(fmul.o)
    0x08000404   0x08000404   0x0000007c   Code   RO         5931    .text               mf_w.l(fdiv.o)
    0x08000480   0x08000480   0x0000014e   Code   RO         5933    .text               mf_w.l(dadd.o)
    0x080005ce   0x080005ce   0x000000e4   Code   RO         5935    .text               mf_w.l(dmul.o)
    0x080006b2   0x080006b2   0x000000de   Code   RO         5937    .text               mf_w.l(ddiv.o)
    0x08000790   0x08000790   0x00000012   Code   RO         5939    .text               mf_w.l(fflti.o)
    0x080007a2   0x080007a2   0x0000000a   Code   RO         5941    .text               mf_w.l(ffltui.o)
    0x080007ac   0x080007ac   0x00000022   Code   RO         5943    .text               mf_w.l(dflti.o)
    0x080007ce   0x080007ce   0x0000001a   Code   RO         5945    .text               mf_w.l(dfltui.o)
    0x080007e8   0x080007e8   0x00000032   Code   RO         5947    .text               mf_w.l(ffixi.o)
    0x0800081a   0x0800081a   0x0000003e   Code   RO         5949    .text               mf_w.l(dfixi.o)
    0x08000858   0x08000858   0x00000032   Code   RO         5951    .text               mf_w.l(dfixui.o)
    0x0800088a   0x0800088a   0x00000026   Code   RO         5953    .text               mf_w.l(f2d.o)
    0x080008b0   0x080008b0   0x00000030   Code   RO         5955    .text               mf_w.l(cdcmple.o)
    0x080008e0   0x080008e0   0x00000030   Code   RO         5957    .text               mf_w.l(cdrcmple.o)
    0x08000910   0x08000910   0x00000038   Code   RO         5959    .text               mf_w.l(d2f.o)
    0x08000948   0x08000948   0x00000014   Code   RO         5961    .text               mf_w.l(cfcmple.o)
    0x0800095c   0x0800095c   0x0000002c   Code   RO         6035    .text               mc_w.l(uidiv.o)
    0x08000988   0x08000988   0x00000062   Code   RO         6037    .text               mc_w.l(uldiv.o)
    0x080009ea   0x080009ea   0x0000001e   Code   RO         6039    .text               mc_w.l(llshl.o)
    0x08000a08   0x08000a08   0x00000020   Code   RO         6041    .text               mc_w.l(llushr.o)
    0x08000a28   0x08000a28   0x00000024   Code   RO         6043    .text               mc_w.l(llsshr.o)
    0x08000a4c   0x08000a4c   0x0000000c   Code   RO         6045    .text               mc_w.l(localtime_w.o)
    0x08000a58   0x08000a58   0x0000008c   Code   RO         6048    .text               mc_w.l(localtime_i.o)
    0x08000ae4   0x08000ae4   0x00000000   Code   RO         6058    .text               mc_w.l(iusefp.o)
    0x08000ae4   0x08000ae4   0x0000006e   Code   RO         6059    .text               mf_w.l(fepilogue.o)
    0x08000b52   0x08000b52   0x0000005e   Code   RO         6061    .text               mf_w.l(fsqrt.o)
    0x08000bb0   0x08000bb0   0x000000ba   Code   RO         6063    .text               mf_w.l(depilogue.o)
    0x08000c6a   0x08000c6a   0x00000030   Code   RO         6067    .text               mf_w.l(dfixul.o)
    0x08000c9a   0x08000c9a   0x00000002   PAD
    0x08000c9c   0x08000c9c   0x00000024   Code   RO         6073    .text               mc_w.l(init.o)
    0x08000cc0   0x08000cc0   0x00000018   Code   RO         6075    .text               mf_w.l(fscalb.o)
    0x08000cd8   0x08000cd8   0x0000002e   Code   RO         6077    .text               mf_w.l(dscalb.o)
    0x08000d06   0x08000d06   0x00000056   Code   RO         6087    .text               mc_w.l(__dczerorl2.o)
    0x08000d5c   0x08000d5c   0x00000016   Code   RO          202    i.ADC_Cmd           stm32f10x_adc.o
    0x08000d72   0x08000d72   0x00000014   Code   RO          210    i.ADC_GetCalibrationStatus  stm32f10x_adc.o
    0x08000d86   0x08000d86   0x00000008   Code   RO          211    i.ADC_GetConversionValue  stm32f10x_adc.o
    0x08000d8e   0x08000d8e   0x00000014   Code   RO          216    i.ADC_GetResetCalibrationStatus  stm32f10x_adc.o
    0x08000da2   0x08000da2   0x00000002   PAD
    0x08000da4   0x08000da4   0x00000050   Code   RO          220    i.ADC_Init          stm32f10x_adc.o
    0x08000df4   0x08000df4   0x000000b8   Code   RO          224    i.ADC_RegularChannelConfig  stm32f10x_adc.o
    0x08000eac   0x08000eac   0x0000000a   Code   RO          225    i.ADC_ResetCalibration  stm32f10x_adc.o
    0x08000eb6   0x08000eb6   0x00000016   Code   RO          227    i.ADC_SoftwareStartConvCmd  stm32f10x_adc.o
    0x08000ecc   0x08000ecc   0x0000000a   Code   RO          229    i.ADC_StartCalibration  stm32f10x_adc.o
    0x08000ed6   0x08000ed6   0x00000002   PAD
    0x08000ed8   0x08000ed8   0x00000010   Code   RO         4231    i.AD_GetValue       ad.o
    0x08000ee8   0x08000ee8   0x000000a8   Code   RO         4232    i.AD_Init           ad.o
    0x08000f90   0x08000f90   0x000000b0   Code   RO         4249    i.AHT20_I2C_Read    aht20.o
    0x08001040   0x08001040   0x00000084   Code   RO         4250    i.AHT20_I2C_Write   aht20.o
    0x080010c4   0x080010c4   0x000000d4   Code   RO         4251    i.AHT20_Init        aht20.o
    0x08001198   0x08001198   0x00000064   Code   RO         3550    i.AHT20_Page        menu.o
    0x080011fc   0x080011fc   0x00000094   Code   RO         4253    i.AHT20_ReadInt     aht20.o
    0x08001290   0x08001290   0x00000018   Code   RO         4254    i.AHT20_Stop        aht20.o
    0x080012a8   0x080012a8   0x0000003c   Code   RO         4255    i.AHT20_Update      aht20.o
    0x080012e4   0x080012e4   0x0000002c   Code   RO         4256    i.AHT20_WaitEvent   aht20.o
    0x08001310   0x08001310   0x00000030   Code   RO         4257    i.AHT20_WaitFlag    aht20.o
    0x08001340   0x08001340   0x0000001c   Code   RO          431    i.BKP_ReadBackupRegister  stm32f10x_bkp.o
    0x0800135c   0x0800135c   0x0000001c   Code   RO          435    i.BKP_WriteBackupRegister  stm32f10x_bkp.o
    0x08001378   0x08001378   0x00000004   Code   RO         4505    i.BusFault_Handler  stm32f10x_it.o
    0x0800137c   0x0800137c   0x00000038   Code   RO         3937    i.Change_RTC_Time   settime.o
    0x080013b4   0x080013b4   0x00000002   Code   RO         4506    i.DebugMon_Handler  stm32f10x_it.o
    0x080013b6   0x080013b6   0x0000003c   Code   RO         3196    i.Delay_ms          delay.o
    0x080013f2   0x080013f2   0x00000018   Code   RO         3197    i.Delay_s           delay.o
    0x0800140a   0x0800140a   0x00000022   Code   RO         3198    i.Delay_us          delay.o
    0x0800142c   0x0800142c   0x00000074   Code   RO         4155    i.DinoGame_Animation  dino.o
    0x080014a0   0x080014a0   0x00000024   Code   RO         4156    i.DinoGame_Pos_Init  dino.o
    0x080014c4   0x080014c4   0x000000e4   Code   RO         4157    i.Dino_Tick         dino.o
    0x080015a8   0x080015a8   0x0000006c   Code   RO         3938    i.Draw_SetTime_FirstSelection  settime.o
    0x08001614   0x08001614   0x0000005a   Code   RO         3939    i.Draw_SetTime_FirstValue  settime.o
    0x0800166e   0x0800166e   0x0000005a   Code   RO         3940    i.Draw_SetTime_SecondSelection  settime.o
    0x080016c8   0x080016c8   0x0000005a   Code   RO         3941    i.Draw_SetTime_SecondValue  settime.o
    0x08001722   0x08001722   0x00000050   Code   RO         3551    i.Emoji             menu.o
    0x08001772   0x08001772   0x00000026   Code   RO         3552    i.Emoji_DelayWithReturn  menu.o
    0x08001798   0x08001798   0x0000002c   Code   RO         3553    i.Emoji_ReturnKeyPressed  menu.o
    0x080017c4   0x080017c4   0x000000ec   Code   RO         3554    i.First_Page_Clock  menu.o
    0x080018b0   0x080018b0   0x00000116   Code   RO         1347    i.GPIO_Init         stm32f10x_gpio.o
    0x080019c6   0x080019c6   0x00000012   Code   RO         1351    i.GPIO_ReadInputDataBit  stm32f10x_gpio.o
    0x080019d8   0x080019d8   0x00000004   Code   RO         1354    i.GPIO_ResetBits    stm32f10x_gpio.o
    0x080019dc   0x080019dc   0x00000004   Code   RO         1355    i.GPIO_SetBits      stm32f10x_gpio.o
    0x080019e0   0x080019e0   0x0000000a   Code   RO         1358    i.GPIO_WriteBit     stm32f10x_gpio.o
    0x080019ea   0x080019ea   0x00000002   PAD
    0x080019ec   0x080019ec   0x00000100   Code   RO         3555    i.Game              menu.o
    0x08001aec   0x08001aec   0x00000058   Code   RO         3556    i.Gradienter        menu.o
    0x08001b44   0x08001b44   0x00000004   Code   RO         4507    i.HardFault_Handler  stm32f10x_it.o
    0x08001b48   0x08001b48   0x00000018   Code   RO         1459    i.I2C_AcknowledgeConfig  stm32f10x_i2c.o
    0x08001b60   0x08001b60   0x0000002a   Code   RO         1461    i.I2C_CheckEvent    stm32f10x_i2c.o
    0x08001b8a   0x08001b8a   0x00000018   Code   RO         1464    i.I2C_Cmd           stm32f10x_i2c.o
    0x08001ba2   0x08001ba2   0x00000002   PAD
    0x08001ba4   0x08001ba4   0x00000038   Code   RO         1467    i.I2C_DeInit        stm32f10x_i2c.o
    0x08001bdc   0x08001bdc   0x00000018   Code   RO         1471    i.I2C_GenerateSTART  stm32f10x_i2c.o
    0x08001bf4   0x08001bf4   0x00000018   Code   RO         1472    i.I2C_GenerateSTOP  stm32f10x_i2c.o
    0x08001c0c   0x08001c0c   0x0000003a   Code   RO         1473    i.I2C_GetFlagStatus  stm32f10x_i2c.o
    0x08001c46   0x08001c46   0x00000002   PAD
    0x08001c48   0x08001c48   0x000000ec   Code   RO         1478    i.I2C_Init          stm32f10x_i2c.o
    0x08001d34   0x08001d34   0x00000008   Code   RO         1483    i.I2C_ReceiveData   stm32f10x_i2c.o
    0x08001d3c   0x08001d3c   0x00000012   Code   RO         1485    i.I2C_Send7bitAddress  stm32f10x_i2c.o
    0x08001d4e   0x08001d4e   0x00000004   Code   RO         1486    i.I2C_SendData      stm32f10x_i2c.o
    0x08001d52   0x08001d52   0x00000016   Code   RO         1487    i.I2C_SoftwareResetCmd  stm32f10x_i2c.o
    0x08001d68   0x08001d68   0x00000058   Code   RO         3788    i.Key3_Tick         key.o
    0x08001dc0   0x08001dc0   0x00000014   Code   RO         3789    i.Key_GetNum        key.o
    0x08001dd4   0x08001dd4   0x00000038   Code   RO         3790    i.Key_GetState      key.o
    0x08001e0c   0x08001e0c   0x00000044   Code   RO         3791    i.Key_Init          key.o
    0x08001e50   0x08001e50   0x00000068   Code   RO         3792    i.Key_Tick          key.o
    0x08001eb8   0x08001eb8   0x00000014   Code   RO         3913    i.LED1_OFF          led.o
    0x08001ecc   0x08001ecc   0x00000014   Code   RO         3914    i.LED1_ON           led.o
    0x08001ee0   0x08001ee0   0x0000004c   Code   RO         3915    i.LED_Init          led.o
    0x08001f2c   0x08001f2c   0x00000118   Code   RO         3557    i.Led               menu.o
    0x08002044   0x08002044   0x00000238   Code   RO         3558    i.MPU6050_Calculation  menu.o
    0x0800227c   0x0800227c   0x000000ac   Code   RO         4047    i.MPU6050_GetData   mpu6050.o
    0x08002328   0x08002328   0x00000038   Code   RO         4049    i.MPU6050_Init      mpu6050.o
    0x08002360   0x08002360   0x0000003e   Code   RO         4050    i.MPU6050_ReadReg   mpu6050.o
    0x0800239e   0x0800239e   0x0000002e   Code   RO         4051    i.MPU6050_WriteReg  mpu6050.o
    0x080023cc   0x080023cc   0x00000060   Code   RO         3559    i.MPU_6050          menu.o
    0x0800242c   0x0800242c   0x00000004   Code   RO         4508    i.MemManage_Handler  stm32f10x_it.o
    0x08002430   0x08002430   0x0000016c   Code   RO         3560    i.Menu              menu.o
    0x0800259c   0x0800259c   0x00000068   Code   RO         3561    i.MenuToFunction    menu.o
    0x08002604   0x08002604   0x00000134   Code   RO         3562    i.Menu_Animation    menu.o
    0x08002738   0x08002738   0x00000028   Code   RO         3563    i.Menu_ShowIcon     menu.o
    0x08002760   0x08002760   0x00000038   Code   RO         4089    i.MyI2C_Init        myi2c.o
    0x08002798   0x08002798   0x0000001c   Code   RO         4090    i.MyI2C_R_SDA       myi2c.o
    0x080027b4   0x080027b4   0x0000001e   Code   RO         4091    i.MyI2C_ReceiveAck  myi2c.o
    0x080027d2   0x080027d2   0x00000034   Code   RO         4092    i.MyI2C_ReceiveByte  myi2c.o
    0x08002806   0x08002806   0x00000018   Code   RO         4093    i.MyI2C_SendAck     myi2c.o
    0x0800281e   0x0800281e   0x0000002a   Code   RO         4094    i.MyI2C_SendByte    myi2c.o
    0x08002848   0x08002848   0x0000001c   Code   RO         4095    i.MyI2C_Start       myi2c.o
    0x08002864   0x08002864   0x00000016   Code   RO         4096    i.MyI2C_Stop        myi2c.o
    0x0800287a   0x0800287a   0x00000002   PAD
    0x0800287c   0x0800287c   0x0000001c   Code   RO         4097    i.MyI2C_W_SCL       myi2c.o
    0x08002898   0x08002898   0x0000001c   Code   RO         4098    i.MyI2C_W_SDA       myi2c.o
    0x080028b4   0x080028b4   0x00000072   Code   RO         3250    i.MyRTC_Init        myrtc.o
    0x08002926   0x08002926   0x00000002   PAD
    0x08002928   0x08002928   0x00000048   Code   RO         3251    i.MyRTC_ReadTime    myrtc.o
    0x08002970   0x08002970   0x0000004c   Code   RO         3252    i.MyRTC_SetTime     myrtc.o
    0x080029bc   0x080029bc   0x00000002   Code   RO         4509    i.NMI_Handler       stm32f10x_it.o
    0x080029be   0x080029be   0x00000002   PAD
    0x080029c0   0x080029c0   0x00000070   Code   RO          137    i.NVIC_Init         misc.o
    0x08002a30   0x08002a30   0x00000014   Code   RO          138    i.NVIC_PriorityGroupConfig  misc.o
    0x08002a44   0x08002a44   0x000000b8   Code   RO         3942    i.Normalize_RTC_Time  settime.o
    0x08002afc   0x08002afc   0x00000028   Code   RO         3292    i.OLED_Clear        oled.o
    0x08002b24   0x08002b24   0x00000090   Code   RO         3293    i.OLED_ClearArea    oled.o
    0x08002bb4   0x08002bb4   0x00000160   Code   RO         3295    i.OLED_DrawCircle   oled.o
    0x08002d14   0x08002d14   0x0000032c   Code   RO         3296    i.OLED_DrawEllipse  oled.o
    0x08003040   0x08003040   0x00000050   Code   RO         3298    i.OLED_DrawPoint    oled.o
    0x08003090   0x08003090   0x00000060   Code   RO         3301    i.OLED_GPIO_Init    oled.o
    0x080030f0   0x080030f0   0x0000003e   Code   RO         3303    i.OLED_I2C_SendByte  oled.o
    0x0800312e   0x0800312e   0x0000001c   Code   RO         3304    i.OLED_I2C_Start    oled.o
    0x0800314a   0x0800314a   0x00000016   Code   RO         3305    i.OLED_I2C_Stop     oled.o
    0x08003160   0x08003160   0x0000009a   Code   RO         3306    i.OLED_Init         oled.o
    0x080031fa   0x080031fa   0x00000014   Code   RO         3308    i.OLED_Pow          oled.o
    0x0800320e   0x0800320e   0x00000032   Code   RO         3309    i.OLED_Printf       oled.o
    0x08003240   0x08003240   0x00000090   Code   RO         3311    i.OLED_ReverseArea  oled.o
    0x080032d0   0x080032d0   0x00000022   Code   RO         3312    i.OLED_SetCursor    oled.o
    0x080032f2   0x080032f2   0x00000002   PAD
    0x080032f4   0x080032f4   0x00000078   Code   RO         3314    i.OLED_ShowChar     oled.o
    0x0800336c   0x0800336c   0x000000fc   Code   RO         3317    i.OLED_ShowImage    oled.o
    0x08003468   0x08003468   0x0000004c   Code   RO         3318    i.OLED_ShowNum      oled.o
    0x080034b4   0x080034b4   0x00000110   Code   RO         3320    i.OLED_ShowString   oled.o
    0x080035c4   0x080035c4   0x00000028   Code   RO         3321    i.OLED_Update       oled.o
    0x080035ec   0x080035ec   0x00000018   Code   RO         3323    i.OLED_W_SCL        oled.o
    0x08003604   0x08003604   0x00000018   Code   RO         3324    i.OLED_W_SDA        oled.o
    0x0800361c   0x0800361c   0x00000020   Code   RO         3325    i.OLED_WriteCommand  oled.o
    0x0800363c   0x0800363c   0x0000002e   Code   RO         3326    i.OLED_WriteData    oled.o
    0x0800366a   0x0800366a   0x00000002   PAD
    0x0800366c   0x0800366c   0x0000000c   Code   RO         1710    i.PWR_BackupAccessCmd  stm32f10x_pwr.o
    0x08003678   0x08003678   0x00000018   Code   RO         3564    i.Peripheral_Init   menu.o
    0x08003690   0x08003690   0x00000018   Code   RO         1773    i.RCC_ADCCLKConfig  stm32f10x_rcc.o
    0x080036a8   0x080036a8   0x00000020   Code   RO         1775    i.RCC_APB1PeriphClockCmd  stm32f10x_rcc.o
    0x080036c8   0x080036c8   0x00000020   Code   RO         1776    i.RCC_APB1PeriphResetCmd  stm32f10x_rcc.o
    0x080036e8   0x080036e8   0x00000020   Code   RO         1777    i.RCC_APB2PeriphClockCmd  stm32f10x_rcc.o
    0x08003708   0x08003708   0x000000d4   Code   RO         1785    i.RCC_GetClocksFreq  stm32f10x_rcc.o
    0x080037dc   0x080037dc   0x0000003c   Code   RO         1786    i.RCC_GetFlagStatus  stm32f10x_rcc.o
    0x08003818   0x08003818   0x00000034   Code   RO         1793    i.RCC_LSEConfig     stm32f10x_rcc.o
    0x0800384c   0x0800384c   0x0000000c   Code   RO         1800    i.RCC_RTCCLKCmd     stm32f10x_rcc.o
    0x08003858   0x08003858   0x00000010   Code   RO         1801    i.RCC_RTCCLKConfig  stm32f10x_rcc.o
    0x08003868   0x08003868   0x00000014   Code   RO         1978    i.RTC_EnterConfigMode  stm32f10x_rtc.o
    0x0800387c   0x0800387c   0x00000014   Code   RO         1979    i.RTC_ExitConfigMode  stm32f10x_rtc.o
    0x08003890   0x08003890   0x00000014   Code   RO         1980    i.RTC_GetCounter    stm32f10x_rtc.o
    0x080038a4   0x080038a4   0x0000001c   Code   RO         1986    i.RTC_SetCounter    stm32f10x_rtc.o
    0x080038c0   0x080038c0   0x00000020   Code   RO         1987    i.RTC_SetPrescaler  stm32f10x_rtc.o
    0x080038e0   0x080038e0   0x00000014   Code   RO         1988    i.RTC_WaitForLastTask  stm32f10x_rtc.o
    0x080038f4   0x080038f4   0x00000024   Code   RO         1989    i.RTC_WaitForSynchro  stm32f10x_rtc.o
    0x08003918   0x08003918   0x00000088   Code   RO         4314    i.Serial_Init       usart.o
    0x080039a0   0x080039a0   0x00000020   Code   RO         4318    i.Serial_SendByte   usart.o
    0x080039c0   0x080039c0   0x0000000c   Code   RO         3943    i.SetDay            settime.o
    0x080039cc   0x080039cc   0x0000000c   Code   RO         3944    i.SetHour           settime.o
    0x080039d8   0x080039d8   0x0000000c   Code   RO         3945    i.SetMin            settime.o
    0x080039e4   0x080039e4   0x0000000c   Code   RO         3946    i.SetMonth          settime.o
    0x080039f0   0x080039f0   0x0000000c   Code   RO         3947    i.SetSec            settime.o
    0x080039fc   0x080039fc   0x00000008   Code   RO           24    i.SetSysClock       system_stm32f10x.o
    0x08003a04   0x08003a04   0x000000e0   Code   RO           25    i.SetSysClockTo72   system_stm32f10x.o
    0x08003ae4   0x08003ae4   0x000000cc   Code   RO         3948    i.SetTime           settime.o
    0x08003bb0   0x08003bb0   0x0000004a   Code   RO         3949    i.SetTime_AdjustValue  settime.o
    0x08003bfa   0x08003bfa   0x0000000a   Code   RO         3950    i.SetTime_Delay     settime.o
    0x08003c04   0x08003c04   0x00000038   Code   RO         3951    i.SetTime_GetKey    settime.o
    0x08003c3c   0x08003c3c   0x0000000c   Code   RO         3952    i.SetYear           settime.o
    0x08003c48   0x08003c48   0x00000024   Code   RO         3565    i.Set_Selection     menu.o
    0x08003c6c   0x08003c6c   0x000000dc   Code   RO         3566    i.SettingPage       menu.o
    0x08003d48   0x08003d48   0x00000114   Code   RO         3567    i.Show_AHT20_UI     menu.o
    0x08003e5c   0x08003e5c   0x00000070   Code   RO         4158    i.Show_Barrier      dino.o
    0x08003ecc   0x08003ecc   0x00000150   Code   RO         3568    i.Show_Battery      menu.o
    0x0800401c   0x0800401c   0x00000090   Code   RO         3569    i.Show_Clock_UI     menu.o
    0x080040ac   0x080040ac   0x00000024   Code   RO         4159    i.Show_Cloud        dino.o
    0x080040d0   0x080040d0   0x000000f8   Code   RO         4160    i.Show_Dino         dino.o
    0x080041c8   0x080041c8   0x0000010c   Code   RO         3570    i.Show_Emoji_UI     menu.o
    0x080042d4   0x080042d4   0x00000030   Code   RO         3571    i.Show_Game_UI      menu.o
    0x08004304   0x08004304   0x0000004c   Code   RO         3572    i.Show_Gradienter_UI  menu.o
    0x08004350   0x08004350   0x0000007c   Code   RO         4161    i.Show_Ground       dino.o
    0x080043cc   0x080043cc   0x00000038   Code   RO         3573    i.Show_Led_UI       menu.o
    0x08004404   0x08004404   0x00000090   Code   RO         3574    i.Show_MPU6050_UI   menu.o
    0x08004494   0x08004494   0x0000001c   Code   RO         4162    i.Show_Score        dino.o
    0x080044b0   0x080044b0   0x0000006c   Code   RO         3953    i.Show_SetTime_FirstUI  settime.o
    0x0800451c   0x0800451c   0x00000058   Code   RO         3954    i.Show_SetTime_SecondUI  settime.o
    0x08004574   0x08004574   0x00000034   Code   RO         3575    i.Show_SettingPage_UI  menu.o
    0x080045a8   0x080045a8   0x00000090   Code   RO         3576    i.Show_Stop_WatchUI  menu.o
    0x08004638   0x08004638   0x00000158   Code   RO         3577    i.Stop_Watch        menu.o
    0x08004790   0x08004790   0x00000010   Code   RO         4388    i.SysTick_Handler   main.o
    0x080047a0   0x080047a0   0x00000060   Code   RO           27    i.SystemInit        system_stm32f10x.o
    0x08004800   0x08004800   0x00000034   Code   RO         4389    i.TIM2_IRQHandler   main.o
    0x08004834   0x08004834   0x00000006   Code   RO         2415    i.TIM_ClearFlag     stm32f10x_tim.o
    0x0800483a   0x0800483a   0x00000006   Code   RO         2416    i.TIM_ClearITPendingBit  stm32f10x_tim.o
    0x08004840   0x08004840   0x00000018   Code   RO         2421    i.TIM_Cmd           stm32f10x_tim.o
    0x08004858   0x08004858   0x00000022   Code   RO         2442    i.TIM_GetITStatus   stm32f10x_tim.o
    0x0800487a   0x0800487a   0x00000012   Code   RO         2446    i.TIM_ITConfig      stm32f10x_tim.o
    0x0800488c   0x0800488c   0x0000000c   Code   RO         2448    i.TIM_InternalClockConfig  stm32f10x_tim.o
    0x08004898   0x08004898   0x000000a4   Code   RO         2492    i.TIM_TimeBaseInit  stm32f10x_tim.o
    0x0800493c   0x0800493c   0x0000007c   Code   RO         3280    i.Timer_Init        timer.o
    0x080049b8   0x080049b8   0x00000018   Code   RO         2960    i.USART_Cmd         stm32f10x_usart.o
    0x080049d0   0x080049d0   0x0000001a   Code   RO         2963    i.USART_GetFlagStatus  stm32f10x_usart.o
    0x080049ea   0x080049ea   0x00000002   PAD
    0x080049ec   0x080049ec   0x000000d8   Code   RO         2967    i.USART_Init        stm32f10x_usart.o
    0x08004ac4   0x08004ac4   0x00000008   Code   RO         2977    i.USART_SendData    stm32f10x_usart.o
    0x08004acc   0x08004acc   0x00000004   Code   RO         4510    i.UsageFault_Handler  stm32f10x_it.o
    0x08004ad0   0x08004ad0   0x0000006c   Code   RO         3578    i.Watch_Start       menu.o
    0x08004b3c   0x08004b3c   0x00000020   Code   RO         5899    i.__0printf         mc_w.l(printfa.o)
    0x08004b5c   0x08004b5c   0x00000024   Code   RO         5905    i.__0vsprintf       mc_w.l(printfa.o)
    0x08004b80   0x08004b80   0x00000028   Code   RO         6069    i.__ARM_fpclassify  m_ws.l(fpclassify.o)
    0x08004ba8   0x08004ba8   0x00000026   Code   RO         5990    i.__ARM_fpclassifyf  m_ws.l(fpclassifyf.o)
    0x08004bce   0x08004bce   0x00000002   PAD
    0x08004bd0   0x08004bd0   0x00000388   Code   RO         6007    i.__ieee754_rem_pio2  m_ws.l(rred.o)
    0x08004f58   0x08004f58   0x000000fc   Code   RO         5973    i.__kernel_cos      m_ws.l(cos_i.o)
    0x08005054   0x08005054   0x000000aa   Code   RO         6071    i.__kernel_poly     m_ws.l(poly.o)
    0x080050fe   0x080050fe   0x00000002   PAD
    0x08005100   0x08005100   0x000000ec   Code   RO         6012    i.__kernel_sin      m_ws.l(sin_i.o)
    0x080051ec   0x080051ec   0x00000006   Code   RO         5977    i.__mathlib_dbl_infnan  m_ws.l(dunder.o)
    0x080051f2   0x080051f2   0x0000000c   Code   RO         5979    i.__mathlib_dbl_invalid  m_ws.l(dunder.o)
    0x080051fe   0x080051fe   0x00000002   PAD
    0x08005200   0x08005200   0x00000010   Code   RO         5982    i.__mathlib_dbl_underflow  m_ws.l(dunder.o)
    0x08005210   0x08005210   0x00000004   Code   RO         5994    i.__mathlib_flt_infnan2  m_ws.l(funder.o)
    0x08005214   0x08005214   0x0000000a   Code   RO         5998    i.__mathlib_flt_underflow  m_ws.l(funder.o)
    0x0800521e   0x0800521e   0x0000000e   Code   RO         6081    i.__scatterload_copy  mc_w.l(handlers.o)
    0x0800522c   0x0800522c   0x00000002   Code   RO         6082    i.__scatterload_null  mc_w.l(handlers.o)
    0x0800522e   0x0800522e   0x0000000e   Code   RO         6083    i.__scatterload_zeroinit  mc_w.l(handlers.o)
    0x0800523c   0x0800523c   0x0000000c   Code   RO         6053    i.__set_errno       mc_w.l(errno.o)
    0x08005248   0x08005248   0x00000184   Code   RO         5906    i._fp_digits        mc_w.l(printfa.o)
    0x080053cc   0x080053cc   0x000006b4   Code   RO         5907    i._printf_core      mc_w.l(printfa.o)
    0x08005a80   0x08005a80   0x00000024   Code   RO         5908    i._printf_post_padding  mc_w.l(printfa.o)
    0x08005aa4   0x08005aa4   0x0000002e   Code   RO         5909    i._printf_pre_padding  mc_w.l(printfa.o)
    0x08005ad2   0x08005ad2   0x0000000a   Code   RO         5911    i._sputc            mc_w.l(printfa.o)
    0x08005adc   0x08005adc   0x000002a4   Code   RO         5618    i.atan2f            m_ws.l(atan2f.o)
    0x08005d80   0x08005d80   0x00000010   Code   RO         4321    i.fputc             usart.o
    0x08005d90   0x08005d90   0x00000074   Code   RO         4163    i.isColling         dino.o
    0x08005e04   0x08005e04   0x00000034   Code   RO         4390    i.main              main.o
    0x08005e38   0x08005e38   0x0000007c   Code   RO         5053    i.prvAddCurrentTaskToDelayedList  tasks.o
    0x08005eb4   0x08005eb4   0x000000b0   Code   RO         5054    i.prvAddNewTaskToReadyList  tasks.o
    0x08005f64   0x08005f64   0x00000064   Code   RO         5399    i.prvCheckForValidListAndQueue  timers.o
    0x08005fc8   0x08005fc8   0x00000048   Code   RO         5055    i.prvCheckTasksWaitingTermination  tasks.o
    0x08006010   0x08006010   0x0000002a   Code   RO         4734    i.prvCopyDataFromQueue  queue.o
    0x0800603a   0x0800603a   0x0000007e   Code   RO         4735    i.prvCopyDataToQueue  queue.o
    0x080060b8   0x080060b8   0x00000012   Code   RO         5056    i.prvDeleteTCB      tasks.o
    0x080060ca   0x080060ca   0x00000014   Code   RO         4736    i.prvGetDisinheritPriorityAfterTimeout  queue.o
    0x080060de   0x080060de   0x00000002   PAD
    0x080060e0   0x080060e0   0x00000028   Code   RO         5400    i.prvGetNextExpireTime  timers.o
    0x08006108   0x08006108   0x0000007c   Code   RO         4550    i.prvHeapInit       heap_4.o
    0x08006184   0x08006184   0x00000028   Code   RO         5057    i.prvIdleTask       tasks.o
    0x080061ac   0x080061ac   0x0000001e   Code   RO         4737    i.prvInitialiseMutex  queue.o
    0x080061ca   0x080061ca   0x00000026   Code   RO         4738    i.prvInitialiseNewQueue  queue.o
    0x080061f0   0x080061f0   0x000000d8   Code   RO         5058    i.prvInitialiseNewTask  tasks.o
    0x080062c8   0x080062c8   0x00000068   Code   RO         5059    i.prvInitialiseTaskLists  tasks.o
    0x08006330   0x08006330   0x00000068   Code   RO         4551    i.prvInsertBlockIntoFreeList  heap_4.o
    0x08006398   0x08006398   0x00000058   Code   RO         5402    i.prvInsertTimerInActiveList  timers.o
    0x080063f0   0x080063f0   0x0000001a   Code   RO         4739    i.prvIsQueueEmpty   queue.o
    0x0800640a   0x0800640a   0x0000001e   Code   RO         4740    i.prvIsQueueFull    queue.o
    0x08006428   0x08006428   0x00000084   Code   RO         5403    i.prvProcessExpiredTimer  timers.o
    0x080064ac   0x080064ac   0x0000013c   Code   RO         5404    i.prvProcessReceivedCommands  timers.o
    0x080065e8   0x080065e8   0x00000074   Code   RO         5405    i.prvProcessTimerOrBlockTask  timers.o
    0x0800665c   0x0800665c   0x00000030   Code   RO         5060    i.prvResetNextTaskUnblockTime  tasks.o
    0x0800668c   0x0800668c   0x0000002c   Code   RO         5406    i.prvSampleTimeNow  timers.o
    0x080066b8   0x080066b8   0x000000b4   Code   RO         5407    i.prvSwitchTimerLists  timers.o
    0x0800676c   0x0800676c   0x00000058   Code   RO         5533    i.prvTaskExitError  port.o
    0x080067c4   0x080067c4   0x0000001a   Code   RO         5408    i.prvTimerTask      timers.o
    0x080067de   0x080067de   0x0000007e   Code   RO         4741    i.prvUnlockQueue    queue.o
    0x0800685c   0x0800685c   0x00000168   Code   RO         4552    i.pvPortMalloc      heap_4.o
    0x080069c4   0x080069c4   0x00000020   Code   RO         5063    i.pvTaskIncrementMutexHeldCount  tasks.o
    0x080069e4   0x080069e4   0x00000024   Code   RO         5534    i.pxPortInitialiseStack  port.o
    0x08006a08   0x08006a08   0x000000a0   Code   RO         5628    i.sin               m_ws.l(sin.o)
    0x08006aa8   0x08006aa8   0x0000002c   Code   RO         5636    i.sqrtf             m_ws.l(sqrtf.o)
    0x08006ad4   0x08006ad4   0x00000028   Code   RO         4697    i.uxListRemove      list.o
    0x08006afc   0x08006afc   0x00000002   Code   RO         4391    i.vAssertCalled     main.o
    0x08006afe   0x08006afe   0x00000002   PAD
    0x08006b00   0x08006b00   0x0000009c   Code   RO         4450    i.vInitTasks        freertos_port.o
    0x08006b9c   0x08006b9c   0x0000004c   Code   RO         4451    i.vKeyTask          freertos_port.o
    0x08006be8   0x08006be8   0x0000001a   Code   RO         4698    i.vListInitialise   list.o
    0x08006c02   0x08006c02   0x00000006   Code   RO         4699    i.vListInitialiseItem  list.o
    0x08006c08   0x08006c08   0x00000034   Code   RO         4700    i.vListInsert       list.o
    0x08006c3c   0x08006c3c   0x00000018   Code   RO         4701    i.vListInsertEnd    list.o
    0x08006c54   0x08006c54   0x00000014   Code   RO         4452    i.vOLEDMutexCreate  freertos_port.o
    0x08006c68   0x08006c68   0x00000070   Code   RO         5536    i.vPortEnterCritical  port.o
    0x08006cd8   0x08006cd8   0x00000058   Code   RO         5537    i.vPortExitCritical  port.o
    0x08006d30   0x08006d30   0x000000b4   Code   RO         4553    i.vPortFree         heap_4.o
    0x08006de4   0x08006de4   0x00000018   Code   RO         5538    i.vPortSetupTimerInterrupt  port.o
    0x08006dfc   0x08006dfc   0x00000084   Code   RO         5539    i.vPortValidateInterruptPriority  port.o
    0x08006e80   0x08006e80   0x0000002c   Code   RO         4745    i.vQueueAddToRegistry  queue.o
    0x08006eac   0x08006eac   0x0000004a   Code   RO         4748    i.vQueueWaitForMessageRestricted  queue.o
    0x08006ef6   0x08006ef6   0x00000030   Code   RO         4453    i.vSensorTask       freertos_port.o
    0x08006f26   0x08006f26   0x00000002   PAD
    0x08006f28   0x08006f28   0x0000006c   Code   RO         5070    i.vTaskDelay        tasks.o
    0x08006f94   0x08006f94   0x00000018   Code   RO         5074    i.vTaskInternalSetTimeOutState  tasks.o
    0x08006fac   0x08006fac   0x0000000c   Code   RO         5075    i.vTaskMissedYield  tasks.o
    0x08006fb8   0x08006fb8   0x00000048   Code   RO         5076    i.vTaskPlaceOnEventList  tasks.o
    0x08007000   0x08007000   0x00000050   Code   RO         5077    i.vTaskPlaceOnEventListRestricted  tasks.o
    0x08007050   0x08007050   0x000000d4   Code   RO         5079    i.vTaskPriorityDisinheritAfterTimeout  tasks.o
    0x08007124   0x08007124   0x000000ac   Code   RO         5085    i.vTaskStartScheduler  tasks.o
    0x080071d0   0x080071d0   0x00000010   Code   RO         5087    i.vTaskSuspendAll   tasks.o
    0x080071e0   0x080071e0   0x000000a0   Code   RO         5088    i.vTaskSwitchContext  tasks.o
    0x08007280   0x08007280   0x0000001c   Code   RO         4454    i.vUITask           freertos_port.o
    0x0800729c   0x0800729c   0x0000001c   Code   RO         4455    i.xOLEDGive         freertos_port.o
    0x080072b8   0x080072b8   0x00000020   Code   RO         4456    i.xOLEDTake         freertos_port.o
    0x080072d8   0x080072d8   0x000000e8   Code   RO         5540    i.xPortStartScheduler  port.o
    0x080073c0   0x080073c0   0x00000034   Code   RO         5541    i.xPortSysTickHandler  port.o
    0x080073f4   0x080073f4   0x00000022   Code   RO         4749    i.xQueueCreateMutex  queue.o
    0x08007416   0x08007416   0x00000002   PAD
    0x08007418   0x08007418   0x0000009c   Code   RO         4750    i.xQueueGenericCreate  queue.o
    0x080074b4   0x080074b4   0x000000a8   Code   RO         4751    i.xQueueGenericReset  queue.o
    0x0800755c   0x0800755c   0x00000194   Code   RO         4752    i.xQueueGenericSend  queue.o
    0x080076f0   0x080076f0   0x0000010c   Code   RO         4753    i.xQueueGenericSendFromISR  queue.o
    0x080077fc   0x080077fc   0x00000160   Code   RO         4759    i.xQueueReceive     queue.o
    0x0800795c   0x0800795c   0x000001a4   Code   RO         4761    i.xQueueSemaphoreTake  queue.o
    0x08007b00   0x08007b00   0x00000094   Code   RO         5090    i.xTaskCheckForTimeOut  tasks.o
    0x08007b94   0x08007b94   0x00000060   Code   RO         5091    i.xTaskCreate       tasks.o
    0x08007bf4   0x08007bf4   0x00000020   Code   RO         5098    i.xTaskGetSchedulerState  tasks.o
    0x08007c14   0x08007c14   0x0000000c   Code   RO         5099    i.xTaskGetTickCount  tasks.o
    0x08007c20   0x08007c20   0x0000013c   Code   RO         5101    i.xTaskIncrementTick  tasks.o
    0x08007d5c   0x08007d5c   0x000000a8   Code   RO         5102    i.xTaskPriorityDisinherit  tasks.o
    0x08007e04   0x08007e04   0x000000a4   Code   RO         5103    i.xTaskPriorityInherit  tasks.o
    0x08007ea8   0x08007ea8   0x000000a8   Code   RO         5104    i.xTaskRemoveFromEventList  tasks.o
    0x08007f50   0x08007f50   0x00000114   Code   RO         5105    i.xTaskResumeAll    tasks.o
    0x08008064   0x08008064   0x00000064   Code   RO         5414    i.xTimerCreateTimerTask  timers.o
    0x080080c8   0x080080c8   0x00000094   Code   RO         5415    i.xTimerGenericCommand  timers.o
    0x0800815c   0x0800815c   0x000021fa   Data   RO         3538    .constdata          oled_data.o
    0x0800a356   0x0800a356   0x0000000c   Data   RO         5654    .constdata          mc_w.l(mktime.o)
    0x0800a362   0x0800a362   0x00000006   PAD
    0x0800a368   0x0800a368   0x00000030   Data   RO         5974    .constdata          m_ws.l(cos_i.o)
    0x0800a398   0x0800a398   0x000000c8   Data   RO         6009    .constdata          m_ws.l(rred.o)
    0x0800a460   0x0800a460   0x00000028   Data   RO         6013    .constdata          m_ws.l(sin_i.o)
    0x0800a488   0x0800a488   0x0000000c   Data   RO         6049    .constdata          mc_w.l(localtime_i.o)
    0x0800a494   0x0800a494   0x0000003a   Data   RO         3579    .conststring        menu.o
    0x0800a4ce   0x0800a4ce   0x00000002   PAD
    0x0800a4d0   0x0800a4d0   0x00000020   Data   RO         6079    Region$$Table       anon$$obj.o


    Execution Region RW_IRAM1 (Exec base: 0x20000000, Load base: 0x0800a4f0, Size: 0x000032e8, Max: 0x00005000, ABSOLUTE, COMPRESSED[0x00000058])

    Exec Addr    Load Addr    Size         Type   Attr      Idx    E Section Name        Object

    0x20000000   COMPRESSED   0x00000014   Data   RW         1805    .data               stm32f10x_rcc.o
    0x20000014   COMPRESSED   0x00000018   Data   RW         3253    .data               myrtc.o
    0x2000002c   COMPRESSED   0x00000080   Data   RW         3580    .data               menu.o
    0x200000ac   COMPRESSED   0x00000008   Data   RW         3793    .data               key.o
    0x200000b4   COMPRESSED   0x00000004   Data   RW         3955    .data               settime.o
    0x200000b8   COMPRESSED   0x00000018   Data   RW         4164    .data               dino.o
    0x200000d0   COMPRESSED   0x00000005   Data   RW         4258    .data               aht20.o
    0x200000d5   COMPRESSED   0x00000003   PAD
    0x200000d8   COMPRESSED   0x00000014   Data   RW         4457    .data               freertos_port.o
    0x200000ec   COMPRESSED   0x00000020   Data   RW         4559    .data               heap_4.o
    0x2000010c   COMPRESSED   0x00000040   Data   RW         5108    .data               tasks.o
    0x2000014c   COMPRESSED   0x00000014   Data   RW         5421    .data               timers.o
    0x20000160   COMPRESSED   0x0000000c   Data   RW         5542    .data               port.o
    0x2000016c   COMPRESSED   0x00000004   Data   RW         5647    .data               mc_w.l(rand.o)
    0x20000170   COMPRESSED   0x00000004   Data   RW         6034    .data               mc_w.l(stdout.o)
    0x20000174   COMPRESSED   0x00000004   Data   RW         6054    .data               mc_w.l(errno.o)
    0x20000178        -       0x00000400   Zero   RW         3328    .bss                oled.o
    0x20000578        -       0x00002800   Zero   RW         4558    .bss                heap_4.o
    0x20002d78        -       0x00000050   Zero   RW         4762    .bss                queue.o
    0x20002dc8        -       0x000000c8   Zero   RW         5107    .bss                tasks.o
    0x20002e90        -       0x00000028   Zero   RW         5420    .bss                timers.o
    0x20002eb8        -       0x0000002c   Zero   RW         6046    .bss                mc_w.l(localtime_w.o)
    0x20002ee4   COMPRESSED   0x00000004   PAD
    0x20002ee8        -       0x00000400   Zero   RW            1    STACK               startup_stm32f10x_md.o


==============================================================================

Image component sizes


      Code (inc. data)   RO Data    RW Data    ZI Data      Debug   Object Name

       184         14          0          0          0       1052   ad.o
       844         82          0          5          0       5801   aht20.o
         0          0          0          0          0       4508   core_cm3.o
       118          0          0          0          0      15008   delay.o
      1044        174          0         24          0       8275   dino.o
         0          0          0          0          0      10924   event_groups.o
       388         80          0         20          0       3799   freertos_port.o
       768        152          0         32      10240       3971   heap_4.o
       336         56          0          8          0      11412   key.o
       116         18          0          0          0       1332   led.o
       148          0          0          0          0       3226   list.o
       122         22          0          0          0       1843   main.o
      4878        602         58        128          0      22703   menu.o
       132         22          0          0          0     213819   misc.o
       336          0          0          0          0       2806   mpu6050.o
       338         18          0          0          0       4938   myi2c.o
       262         10          0         24          0       3067   myrtc.o
      2924         68          0          0       1024      15780   oled.o
         0          0       8698          0          0       1614   oled_data.o
       914        266          0         12          0       9773   port.o
      2358        196          0          0         80      17524   queue.o
      1230         92          0          4          0       9521   settime.o
        36          8        236          0       1024        816   startup_stm32f10x_md.o
       376         10          0          0          0      17825   stm32f10x_adc.o
        56         10          0          0          0       2115   stm32f10x_bkp.o
       314          0          0          0          0      12396   stm32f10x_gpio.o
       540         20          0          0          0      16384   stm32f10x_i2c.o
        20          0          0          0          0       2561   stm32f10x_it.o
        12          6          0          0          0        486   stm32f10x_pwr.o
       472         64          0         20          0      16193   stm32f10x_rcc.o
       176         34          0          0          0       3339   stm32f10x_rtc.o
       264         42          0          0          0      24704   stm32f10x_tim.o
       274          6          0          0          0       9888   stm32f10x_usart.o
       328         28          0          0          0      53229   system_stm32f10x.o
      3066        720          0         64        200      32145   tasks.o
       124          0          0          0          0        557   timer.o
      1290        256          0         20         40      11187   timers.o
       184         12          0          0          0       2864   usart.o

    ----------------------------------------------------------------------
     25004       3088       9026        364      12608     579385   Object Totals
         0          0         32          0          0          0   (incl. Generated)
        32          0          2          3          0          0   (incl. Padding)

    ----------------------------------------------------------------------

      Code (inc. data)   RO Data    RW Data    ZI Data      Debug   Library Member Name

       676         78          0          0          0        116   atan2f.o
       252         22         48          0          0        124   cos_i.o
        34          6          0          0          0        204   dunder.o
        40          0          0          0          0         68   fpclassify.o
        38          0          0          0          0         68   fpclassifyf.o
        14          0          0          0          0        136   funder.o
       170          0          0          0          0         96   poly.o
       904         76        200          0          0        140   rred.o
       160         10          0          0          0        108   sin.o
       236         12         40          0          0        128   sin_i.o
        44          0          0          0          0         80   sqrtf.o
        86          0          0          0          0          0   __dczerorl2.o
         0          0          0          0          0          0   entry.o
         0          0          0          0          0          0   entry10a.o
         0          0          0          0          0          0   entry11a.o
         4          0          0          0          0          0   entry12b.o
         8          4          0          0          0          0   entry2.o
         4          0          0          0          0          0   entry5.o
         0          0          0          0          0          0   entry7b.o
         0          0          0          0          0          0   entry8b.o
         8          4          0          0          0          0   entry9a.o
        12          6          0          4          0         68   errno.o
        30          0          0          0          0          0   handlers.o
        36          8          0          0          0         68   init.o
         0          0          0          0          0          0   iusefp.o
        30          0          0          0          0         68   llshl.o
        36          0          0          0          0         68   llsshr.o
        32          0          0          0          0         68   llushr.o
       140          6         12          0          0         76   localtime_i.o
        12          6          0          0         44         68   localtime_w.o
        36          0          0          0          0         68   memcpya.o
        36          0          0          0          0        108   memseta.o
       168         18         12          0          0         80   mktime.o
      2264         96          0          0          0        612   printfa.o
        36         10          0          4          0        136   rand.o
         0          0          0          4          0          0   stdout.o
        28          0          0          0          0         76   strcmp.o
        44          0          0          0          0         80   uidiv.o
        98          0          0          0          0         92   uldiv.o
        48          0          0          0          0         68   cdcmple.o
        48          0          0          0          0         68   cdrcmple.o
        20          0          0          0          0         68   cfcmple.o
        56          0          0          0          0         88   d2f.o
       334          0          0          0          0        148   dadd.o
       222          0          0          0          0        100   ddiv.o
       186          0          0          0          0        176   depilogue.o
        62          0          0          0          0         80   dfixi.o
        50          0          0          0          0         76   dfixui.o
        48          0          0          0          0         68   dfixul.o
        34          0          0          0          0         76   dflti.o
        26          0          0          0          0         76   dfltui.o
       228          0          0          0          0         96   dmul.o
        46          0          0          0          0         80   dscalb.o
        38          0          0          0          0         68   f2d.o
       176          0          0          0          0        140   fadd.o
       124          0          0          0          0         88   fdiv.o
       110          0          0          0          0        168   fepilogue.o
        50          0          0          0          0         68   ffixi.o
        18          0          0          0          0         68   fflti.o
        10          0          0          0          0         68   ffltui.o
       100          0          0          0          0         76   fmul.o
        24          0          0          0          0         68   fscalb.o
        94          0          0          0          0         96   fsqrt.o

    ----------------------------------------------------------------------
      7876        362        318         12         48       5180   Library Totals
         8          0          6          0          4          0   (incl. Padding)

    ----------------------------------------------------------------------

      Code (inc. data)   RO Data    RW Data    ZI Data      Debug   Library Name

      2568        204        288          0          0       1268   m_ws.l
      3148        158         24         12         44       1736   mc_w.l
      2152          0          0          0          0       2176   mf_w.l

    ----------------------------------------------------------------------
      7876        362        318         12         48       5180   Library Totals

    ----------------------------------------------------------------------

==============================================================================


      Code (inc. data)   RO Data    RW Data    ZI Data      Debug   

     32880       3450       9344        376      12656     567949   Grand Totals
     32880       3450       9344         88      12656     567949   ELF Image Totals (compressed)
     32880       3450       9344         88          0          0   ROM Totals

==============================================================================

    Total RO  Size (Code + RO Data)                42224 (  41.23kB)
    Total RW  Size (RW Data + ZI Data)             13032 (  12.73kB)
    Total ROM Size (Code + RO Data + RW Data)      42312 (  41.32kB)

==============================================================================

